make: Entering directory '/home/user/worldos/문자판/CHN/zh_Hant'
make -C "原始碼" iso
make[1]: Entering directory '/home/user/worldos/문자판/CHN/zh_Hant/原始碼'
python3 文字建置.py iso
make[2]: Entering directory '/home/user/worldos/문자판/CHN/zh_Hant/原始碼/build/native-stage-5kfassv2'
mkdir -p build
nasm -g -f elf32 -F dwarf -o build/multiboot_header.o 机器启动/multiboot头部.s
nasm -g -f elf32 -F dwarf -I 机器启动/ -o build/rt0.o 机器启动/rt0.s
[ld] linking kernel.bin
ld -n -melf_i386 -T 链接布局.ld -static --no-ld-generated-unwind-info -o build/kernel.bin build/multiboot_header.o build/rt0.o build/go.o
rm -rf iso
mkdir -p iso/boot/grub
cp build/kernel.bin iso/boot/
echo 'set timeout=0' >> iso/boot/grub/grub.cfg
echo 'set default=0' >> iso/boot/grub/grub.cfg
echo '' >> iso/boot/grub/grub.cfg
echo 'menuentry "worldos CHN" {' >> iso/boot/grub/grub.cfg
echo 'multiboot2 /boot/kernel.bin' >> iso/boot/grub/grub.cfg
echo 'boot' >> iso/boot/grub/grub.cfg
echo '}' >> iso/boot/grub/grub.cfg
grub-mkrescue --output=build/kernel.iso iso
xorriso 1.4.8 : RockRidge filesystem manipulator, libburnia project.

Drive current: -outdev 'stdio:build/kernel.iso'
Media current: stdio file, overwriteable
Media status : is blank
Media summary: 0 sessions, 0 data blocks, 0 data, 1598m free
Added to ISO image: directory '/'='/tmp/grub.DAsPlk'
xorriso : UPDATE : 289 files added in 1 seconds
Added to ISO image: directory '/'='/home/user/worldos/문자판/CHN/zh_Hant/原始碼/build/native-stage-5kfassv2/iso'
xorriso : UPDATE : 293 files added in 1 seconds
xorriso : NOTE : Copying to System Area: 512 bytes from file '/usr/lib/grub/i386-pc/boot_hybrid.img'
ISO image produced: 5561 sectors
Written to medium : 5561 sectors at LBA 0
Writing to 'stdio:build/kernel.iso' completed successfully.

rm -rf iso
make[2]: Leaving directory '/home/user/worldos/문자판/CHN/zh_Hant/原始碼/build/native-stage-5kfassv2'
PASS zh_Hant iso
make[1]: Leaving directory '/home/user/worldos/문자판/CHN/zh_Hant/原始碼'
make: Leaving directory '/home/user/worldos/문자판/CHN/zh_Hant'
