make: Entering directory '/home/user/worldos/나라/FRA'
make -C "code-source" iso
make[1]: Entering directory '/home/user/worldos/나라/FRA/code-source'
mkdir -p build
nasm -g -f elf32 -F dwarf -o build/multiboot_header.o démarrage_machine/multibootenTête.s
nasm -g -f elf32 -F dwarf -I démarrage_machine/ -o build/rt0.o démarrage_machine/rt0.s
[ld] linking kernel.bin
ld -n -melf_i386 -T plan_de_liaison.ld -static --no-ld-generated-unwind-info -o build/kernel.bin build/multiboot_header.o build/rt0.o build/go.o
rm -rf iso
mkdir -p iso/boot/grub
cp build/kernel.bin iso/boot/
echo 'set timeout=0' >> iso/boot/grub/grub.cfg
echo 'set default=0' >> iso/boot/grub/grub.cfg
echo '' >> iso/boot/grub/grub.cfg
echo 'menuentry "worldos FRA" {' >> iso/boot/grub/grub.cfg
echo 'multiboot2 /boot/kernel.bin' >> iso/boot/grub/grub.cfg
echo 'boot' >> iso/boot/grub/grub.cfg
echo '}' >> iso/boot/grub/grub.cfg
grub-mkrescue --output=build/kernel.iso iso
xorriso 1.4.8 : RockRidge filesystem manipulator, libburnia project.

Drive current: -outdev 'stdio:build/kernel.iso'
Media current: stdio file, overwriteable
Media status : is blank
Media summary: 0 sessions, 0 data blocks, 0 data, 1626m free
Added to ISO image: directory '/'='/tmp/grub.GNFzhG'
xorriso : UPDATE : 289 files added in 1 seconds
Added to ISO image: directory '/'='/home/user/worldos/나라/FRA/code-source/iso'
xorriso : UPDATE : 293 files added in 1 seconds
xorriso : NOTE : Copying to System Area: 512 bytes from file '/usr/lib/grub/i386-pc/boot_hybrid.img'
xorriso : UPDATE : Thank you for being patient. Working since 0 seconds.
ISO image produced: 5541 sectors
Written to medium : 5541 sectors at LBA 0
Writing to 'stdio:build/kernel.iso' completed successfully.

rm -rf iso
make[1]: Leaving directory '/home/user/worldos/나라/FRA/code-source'
make: Leaving directory '/home/user/worldos/나라/FRA'
