make: Entering directory '/home/user/worldos/문자판/JPN/ja_Kana'
make -C "ゲンシキジュツ" iso
make[1]: Entering directory '/home/user/worldos/문자판/JPN/ja_Kana/ゲンシキジュツ'
python3 モジハンコウチク.py iso
make[2]: Entering directory '/home/user/worldos/문자판/JPN/ja_Kana/ゲンシキジュツ/build/native-stage-1y8gqik5'
mkdir -p build
nasm -g -f elf32 -F dwarf -o build/multiboot_header.o 機械起動/multibootヘッダ.s
nasm -g -f elf32 -F dwarf -I 機械起動/ -o build/rt0.o 機械起動/rt0.s
[ld] linking kernel.bin
ld -n -melf_i386 -T 連結配置.ld -static --no-ld-generated-unwind-info -o build/kernel.bin build/multiboot_header.o build/rt0.o build/go.o
rm -rf iso
mkdir -p iso/boot/grub
cp build/kernel.bin iso/boot/
echo 'set timeout=0' >> iso/boot/grub/grub.cfg
echo 'set default=0' >> iso/boot/grub/grub.cfg
echo '' >> iso/boot/grub/grub.cfg
echo 'menuentry "worldos JPN" {' >> iso/boot/grub/grub.cfg
echo 'multiboot2 /boot/kernel.bin' >> iso/boot/grub/grub.cfg
echo 'boot' >> iso/boot/grub/grub.cfg
echo '}' >> iso/boot/grub/grub.cfg
grub-mkrescue --output=build/kernel.iso iso
xorriso 1.4.8 : RockRidge filesystem manipulator, libburnia project.

Drive current: -outdev 'stdio:build/kernel.iso'
Media current: stdio file, overwriteable
Media status : is blank
Media summary: 0 sessions, 0 data blocks, 0 data, 1593m free
Added to ISO image: directory '/'='/tmp/grub.2UAQJ5'
xorriso : UPDATE : 289 files added in 1 seconds
Added to ISO image: directory '/'='/home/user/worldos/문자판/JPN/ja_Kana/ゲンシキジュツ/build/native-stage-1y8gqik5/iso'
xorriso : UPDATE : 293 files added in 1 seconds
xorriso : NOTE : Copying to System Area: 512 bytes from file '/usr/lib/grub/i386-pc/boot_hybrid.img'
ISO image produced: 5585 sectors
Written to medium : 5585 sectors at LBA 0
Writing to 'stdio:build/kernel.iso' completed successfully.

rm -rf iso
make[2]: Leaving directory '/home/user/worldos/문자판/JPN/ja_Kana/ゲンシキジュツ/build/native-stage-1y8gqik5'
PASS ja_Kana iso
make[1]: Leaving directory '/home/user/worldos/문자판/JPN/ja_Kana/ゲンシキジュツ'
make: Leaving directory '/home/user/worldos/문자판/JPN/ja_Kana'
