go run tools/verify_country_sources.go
country source structure OK: 249/249
python3 tools/refine_country_names.py --check
ABW/nl: names=35, tokens=358, paths=50, pending concepts=0
AFG/fa: names=5, tokens=24, paths=40, pending concepts=50
AGO/pt: names=35, tokens=358, paths=50, pending concepts=0
AIA/en: names=35, tokens=358, paths=50, pending concepts=0
ALA/sv: names=35, tokens=358, paths=50, pending concepts=0
ALB/sq: names=5, tokens=24, paths=40, pending concepts=50
AND/ca: names=5, tokens=24, paths=40, pending concepts=50
ARE/ar: names=35, tokens=358, paths=50, pending concepts=0
ARG/es: names=35, tokens=358, paths=50, pending concepts=0
ARM/hy: names=5, tokens=24, paths=40, pending concepts=50
ASM/sm: names=5, tokens=24, paths=40, pending concepts=50
ATA/und: names=35, tokens=358, paths=50, pending concepts=0
ATF/fr: names=35, tokens=358, paths=50, pending concepts=0
ATG/en: names=35, tokens=358, paths=50, pending concepts=0
AUS/en: names=35, tokens=358, paths=50, pending concepts=0
AUT/de: names=35, tokens=358, paths=50, pending concepts=0
AZE/az_Latn: names=5, tokens=24, paths=40, pending concepts=50
BDI/rn: names=5, tokens=24, paths=40, pending concepts=50
BEL/nl: names=35, tokens=358, paths=50, pending concepts=0
BEN/fr: names=35, tokens=358, paths=50, pending concepts=0
BES/nl: names=35, tokens=358, paths=50, pending concepts=0
BFA/fr: names=35, tokens=358, paths=50, pending concepts=0
BGD/bn: names=5, tokens=24, paths=40, pending concepts=50
BGR/bg: names=5, tokens=24, paths=40, pending concepts=50
BHR/ar: names=35, tokens=358, paths=50, pending concepts=0
BHS/en: names=35, tokens=358, paths=50, pending concepts=0
BIH/bs_Cyrl: names=5, tokens=24, paths=40, pending concepts=50
BLM/fr: names=35, tokens=358, paths=50, pending concepts=0
BLR/be: names=5, tokens=24, paths=40, pending concepts=50
BLZ/en: names=35, tokens=358, paths=50, pending concepts=0
BMU/en: names=35, tokens=358, paths=50, pending concepts=0
BOL/es: names=35, tokens=358, paths=50, pending concepts=0
BRA/pt: names=35, tokens=358, paths=50, pending concepts=0
BRB/en: names=35, tokens=358, paths=50, pending concepts=0
BRN/ms_Latn: names=35, tokens=358, paths=50, pending concepts=0
BTN/dz: names=5, tokens=24, paths=40, pending concepts=50
BVT/und: names=35, tokens=358, paths=50, pending concepts=0
BWA/en: names=35, tokens=358, paths=50, pending concepts=0
CAF/fr: names=35, tokens=358, paths=50, pending concepts=0
CAN/en: names=35, tokens=358, paths=50, pending concepts=0
CCK/en: names=35, tokens=358, paths=50, pending concepts=0
CHE/de: names=35, tokens=358, paths=50, pending concepts=0
CHL/es: names=35, tokens=358, paths=50, pending concepts=0
CHN/zh_Hans: names=34, tokens=331, paths=50, pending concepts=0
CIV/fr: names=35, tokens=358, paths=50, pending concepts=0
CMR/fr: names=35, tokens=358, paths=50, pending concepts=0
COD/fr: names=35, tokens=358, paths=50, pending concepts=0
COG/fr: names=35, tokens=358, paths=50, pending concepts=0
COK/en: names=35, tokens=358, paths=50, pending concepts=0
COL/es: names=35, tokens=358, paths=50, pending concepts=0
COM/ar: names=35, tokens=358, paths=50, pending concepts=0
CPV/pt: names=35, tokens=358, paths=50, pending concepts=0
CRI/es: names=35, tokens=358, paths=50, pending concepts=0
CUB/es: names=35, tokens=358, paths=50, pending concepts=0
CUW/pap: names=5, tokens=24, paths=40, pending concepts=50
CXR/en: names=35, tokens=358, paths=50, pending concepts=0
CYM/en: names=35, tokens=358, paths=50, pending concepts=0
CYP/el: names=5, tokens=24, paths=40, pending concepts=50
CZE/cs: names=35, tokens=358, paths=50, pending concepts=0
DEU/de: names=35, tokens=358, paths=50, pending concepts=0
DJI/ar: names=35, tokens=358, paths=50, pending concepts=0
DMA/en: names=35, tokens=358, paths=50, pending concepts=0
DNK/da: names=5, tokens=24, paths=40, pending concepts=50
DOM/es: names=35, tokens=358, paths=50, pending concepts=0
DZA/ar: names=35, tokens=358, paths=50, pending concepts=0
ECU/es: names=35, tokens=358, paths=50, pending concepts=0
EGY/ar: names=35, tokens=358, paths=50, pending concepts=0
ERI/ti: names=5, tokens=24, paths=40, pending concepts=50
ESH/ar: names=35, tokens=358, paths=50, pending concepts=0
ESP/es: names=35, tokens=358, paths=50, pending concepts=0
EST/et: names=5, tokens=24, paths=40, pending concepts=50
ETH/am: names=5, tokens=24, paths=40, pending concepts=50
FIN/fi: names=35, tokens=358, paths=50, pending concepts=0
FJI/en: names=35, tokens=358, paths=50, pending concepts=0
FLK/en: names=35, tokens=358, paths=50, pending concepts=0
FRA/fr: names=35, tokens=358, paths=50, pending concepts=0
FRO/fo: names=5, tokens=24, paths=40, pending concepts=50
FSM/en: names=35, tokens=358, paths=50, pending concepts=0
GAB/fr: names=35, tokens=358, paths=50, pending concepts=0
GBR/en: names=35, tokens=358, paths=50, pending concepts=0
GEO/ka: names=5, tokens=24, paths=40, pending concepts=50
GGY/en: names=35, tokens=358, paths=50, pending concepts=0
GHA/en: names=35, tokens=358, paths=50, pending concepts=0
GIB/en: names=35, tokens=358, paths=50, pending concepts=0
GIN/fr: names=35, tokens=358, paths=50, pending concepts=0
GLP/fr: names=35, tokens=358, paths=50, pending concepts=0
GMB/en: names=35, tokens=358, paths=50, pending concepts=0
GNB/pt: names=35, tokens=358, paths=50, pending concepts=0
GNQ/es: names=35, tokens=358, paths=50, pending concepts=0
GRC/el: names=5, tokens=24, paths=40, pending concepts=50
GRD/en: names=35, tokens=358, paths=50, pending concepts=0
GRL/kl: names=5, tokens=24, paths=40, pending concepts=50
GTM/es: names=35, tokens=358, paths=50, pending concepts=0
GUF/fr: names=35, tokens=358, paths=50, pending concepts=0
GUM/en: names=35, tokens=358, paths=50, pending concepts=0
GUY/en: names=35, tokens=358, paths=50, pending concepts=0
HKG/zh_Hant: names=34, tokens=331, paths=50, pending concepts=0
HMD/und: names=35, tokens=358, paths=50, pending concepts=0
HND/es: names=35, tokens=358, paths=50, pending concepts=0
HRV/hr: names=5, tokens=24, paths=40, pending concepts=50
HTI/ht: names=5, tokens=24, paths=40, pending concepts=50
HUN/hu: names=5, tokens=24, paths=40, pending concepts=50
IDN/id: names=35, tokens=358, paths=50, pending concepts=0
IMN/en: names=35, tokens=358, paths=50, pending concepts=0
IND/hi: names=5, tokens=24, paths=40, pending concepts=50
IOT/en: names=35, tokens=358, paths=50, pending concepts=0
IRL/en: names=35, tokens=358, paths=50, pending concepts=0
IRN/fa: names=5, tokens=24, paths=40, pending concepts=50
IRQ/ar: names=35, tokens=358, paths=50, pending concepts=0
ISL/is: names=5, tokens=24, paths=40, pending concepts=50
ISR/he: names=5, tokens=24, paths=40, pending concepts=50
ITA/it: names=35, tokens=358, paths=50, pending concepts=0
JAM/en: names=35, tokens=358, paths=50, pending concepts=0
JEY/en: names=35, tokens=358, paths=50, pending concepts=0
JOR/ar: names=35, tokens=358, paths=50, pending concepts=0
JPN/ja: names=32, tokens=337, paths=49, pending concepts=0
KAZ/ru: names=35, tokens=358, paths=50, pending concepts=0
KEN/sw: names=5, tokens=24, paths=40, pending concepts=50
KGZ/ky_Cyrl: names=5, tokens=24, paths=40, pending concepts=50
KHM/km: names=5, tokens=24, paths=40, pending concepts=50
KIR/en: names=35, tokens=358, paths=50, pending concepts=0
KNA/en: names=35, tokens=358, paths=50, pending concepts=0
KOR/ko: names=1049, tokens=5635, paths=67, pending concepts=0
KWT/ar: names=35, tokens=358, paths=50, pending concepts=0
LAO/lo: names=5, tokens=24, paths=40, pending concepts=50
LBN/ar: names=35, tokens=358, paths=50, pending concepts=0
LBR/en: names=35, tokens=358, paths=50, pending concepts=0
LBY/ar: names=35, tokens=358, paths=50, pending concepts=0
LCA/en: names=35, tokens=358, paths=50, pending concepts=0
LIE/de: names=35, tokens=358, paths=50, pending concepts=0
LKA/si: names=5, tokens=24, paths=40, pending concepts=50
LSO/st: names=5, tokens=24, paths=40, pending concepts=50
LTU/lt: names=5, tokens=24, paths=40, pending concepts=50
LUX/fr: names=35, tokens=358, paths=50, pending concepts=0
LVA/lv: names=5, tokens=24, paths=40, pending concepts=50
MAC/zh_Hant: names=34, tokens=331, paths=50, pending concepts=0
MAF/fr: names=35, tokens=358, paths=50, pending concepts=0
MAR/ar: names=35, tokens=358, paths=50, pending concepts=0
MCO/fr: names=35, tokens=358, paths=50, pending concepts=0
MDA/ro: names=5, tokens=24, paths=40, pending concepts=50
MDG/mg: names=5, tokens=24, paths=40, pending concepts=50
MDV/dv: names=5, tokens=24, paths=40, pending concepts=50
MEX/es: names=35, tokens=358, paths=50, pending concepts=0
MHL/en: names=35, tokens=358, paths=50, pending concepts=0
MKD/mk: names=5, tokens=24, paths=40, pending concepts=50
MLI/fr: names=35, tokens=358, paths=50, pending concepts=0
MLT/mt: names=5, tokens=24, paths=40, pending concepts=50
MMR/my: names=5, tokens=24, paths=40, pending concepts=50
MNE/sr_Latn: names=5, tokens=24, paths=40, pending concepts=50
MNG/mn_Cyrl: names=5, tokens=24, paths=40, pending concepts=50
MNP/en: names=35, tokens=358, paths=50, pending concepts=0
MOZ/pt: names=35, tokens=358, paths=50, pending concepts=0
MRT/ar: names=35, tokens=358, paths=50, pending concepts=0
MSR/en: names=35, tokens=358, paths=50, pending concepts=0
MTQ/fr: names=35, tokens=358, paths=50, pending concepts=0
MUS/en: names=35, tokens=358, paths=50, pending concepts=0
MWI/en: names=35, tokens=358, paths=50, pending concepts=0
MYS/ms_Latn: names=35, tokens=358, paths=50, pending concepts=0
MYT/fr: names=35, tokens=358, paths=50, pending concepts=0
NAM/en: names=35, tokens=358, paths=50, pending concepts=0
NCL/fr: names=35, tokens=358, paths=50, pending concepts=0
NER/fr: names=35, tokens=358, paths=50, pending concepts=0
NFK/en: names=35, tokens=358, paths=50, pending concepts=0
NGA/en: names=35, tokens=358, paths=50, pending concepts=0
NIC/es: names=35, tokens=358, paths=50, pending concepts=0
NIU/en: names=35, tokens=358, paths=50, pending concepts=0
NLD/nl: names=35, tokens=358, paths=50, pending concepts=0
NOR/nb: names=5, tokens=24, paths=40, pending concepts=50
NPL/ne: names=5, tokens=24, paths=40, pending concepts=50
NRU/en: names=35, tokens=358, paths=50, pending concepts=0
NZL/en: names=35, tokens=358, paths=50, pending concepts=0
OMN/ar: names=35, tokens=358, paths=50, pending concepts=0
PAK/ur: names=5, tokens=24, paths=40, pending concepts=50
PAN/es: names=35, tokens=358, paths=50, pending concepts=0
PCN/en: names=35, tokens=358, paths=50, pending concepts=0
PER/es: names=35, tokens=358, paths=50, pending concepts=0
PHL/en: names=35, tokens=358, paths=50, pending concepts=0
PLW/pau: names=5, tokens=24, paths=40, pending concepts=50
PNG/tpi: names=5, tokens=24, paths=40, pending concepts=50
POL/pl: names=35, tokens=358, paths=50, pending concepts=0
PRI/es: names=35, tokens=358, paths=50, pending concepts=0
PRK/ko: names=1049, tokens=5635, paths=67, pending concepts=0
PRT/pt: names=35, tokens=358, paths=50, pending concepts=0
PRY/gn: names=5, tokens=24, paths=40, pending concepts=50
PSE/ar: names=35, tokens=358, paths=50, pending concepts=0
PYF/fr: names=35, tokens=358, paths=50, pending concepts=0
QAT/ar: names=35, tokens=358, paths=50, pending concepts=0
REU/fr: names=35, tokens=358, paths=50, pending concepts=0
ROU/ro: names=5, tokens=24, paths=40, pending concepts=50
RUS/ru: names=35, tokens=358, paths=50, pending concepts=0
RWA/rw: names=5, tokens=24, paths=40, pending concepts=50
SAU/ar: names=35, tokens=358, paths=50, pending concepts=0
SDN/ar: names=35, tokens=358, paths=50, pending concepts=0
SEN/wo: names=5, tokens=24, paths=40, pending concepts=50
SGP/en: names=35, tokens=358, paths=50, pending concepts=0
SGS/und: names=35, tokens=358, paths=50, pending concepts=0
SHN/en: names=35, tokens=358, paths=50, pending concepts=0
SJM/nb: names=5, tokens=24, paths=40, pending concepts=50
SLB/en: names=35, tokens=358, paths=50, pending concepts=0
SLE/en: names=35, tokens=358, paths=50, pending concepts=0
SLV/es: names=35, tokens=358, paths=50, pending concepts=0
SMR/it: names=35, tokens=358, paths=50, pending concepts=0
SOM/so: names=5, tokens=24, paths=40, pending concepts=50
SPM/fr: names=35, tokens=358, paths=50, pending concepts=0
SRB/sr_Cyrl: names=5, tokens=24, paths=40, pending concepts=50
SSD/en: names=35, tokens=358, paths=50, pending concepts=0
STP/pt: names=35, tokens=358, paths=50, pending concepts=0
SUR/nl: names=35, tokens=358, paths=50, pending concepts=0
SVK/sk: names=5, tokens=24, paths=40, pending concepts=50
SVN/sl: names=5, tokens=24, paths=40, pending concepts=50
SWE/sv: names=35, tokens=358, paths=50, pending concepts=0
SWZ/en: names=35, tokens=358, paths=50, pending concepts=0
SXM/en: names=35, tokens=358, paths=50, pending concepts=0
SYC/fr: names=35, tokens=358, paths=50, pending concepts=0
SYR/ar: names=35, tokens=358, paths=50, pending concepts=0
TCA/en: names=35, tokens=358, paths=50, pending concepts=0
TCD/fr: names=35, tokens=358, paths=50, pending concepts=0
TGO/fr: names=35, tokens=358, paths=50, pending concepts=0
THA/th: names=5, tokens=24, paths=40, pending concepts=50
TJK/tg_Cyrl: names=5, tokens=24, paths=40, pending concepts=50
TKL/en: names=35, tokens=358, paths=50, pending concepts=0
TKM/tk_Latn: names=5, tokens=24, paths=40, pending concepts=50
TLS/pt: names=35, tokens=358, paths=50, pending concepts=0
TON/to: names=5, tokens=24, paths=40, pending concepts=50
TTO/en: names=35, tokens=358, paths=50, pending concepts=0
TUN/ar: names=35, tokens=358, paths=50, pending concepts=0
TUR/tr: names=35, tokens=358, paths=50, pending concepts=0
TUV/tvl: names=5, tokens=24, paths=40, pending concepts=50
TWN/zh_Hant: names=34, tokens=331, paths=50, pending concepts=0
TZA/sw: names=5, tokens=24, paths=40, pending concepts=50
UGA/sw: names=5, tokens=24, paths=40, pending concepts=50
UKR/uk: names=35, tokens=358, paths=50, pending concepts=0
UMI/en: names=35, tokens=358, paths=50, pending concepts=0
URY/es: names=35, tokens=358, paths=50, pending concepts=0
USA/en: names=35, tokens=358, paths=50, pending concepts=0
UZB/uz_Latn: names=5, tokens=24, paths=40, pending concepts=50
VAT/it: names=35, tokens=358, paths=50, pending concepts=0
VCT/en: names=35, tokens=358, paths=50, pending concepts=0
VEN/es: names=35, tokens=358, paths=50, pending concepts=0
VGB/en: names=35, tokens=358, paths=50, pending concepts=0
VIR/en: names=35, tokens=358, paths=50, pending concepts=0
VNM/vi: names=35, tokens=358, paths=50, pending concepts=0
VUT/bi: names=5, tokens=24, paths=40, pending concepts=50
WLF/fr: names=35, tokens=358, paths=50, pending concepts=0
WSM/sm: names=5, tokens=24, paths=40, pending concepts=50
YEM/ar: names=35, tokens=358, paths=50, pending concepts=0
ZAF/en: names=35, tokens=358, paths=50, pending concepts=0
ZMB/en: names=35, tokens=358, paths=50, pending concepts=0
ZWE/sn: names=5, tokens=24, paths=40, pending concepts=50
countries=249, languages=86, mode=check
python3 tools/verify_script_variants.py
IND bn_Beng PASS NOT_RUN NOT_RUN
IND as_Beng PASS NOT_RUN NOT_RUN
IND doi_Deva PASS NOT_RUN NOT_RUN
IND brx_Deva PASS NOT_RUN NOT_RUN
IND gu_Gujr PASS NOT_RUN NOT_RUN
IND hi_Deva PASS NOT_RUN NOT_RUN
IND kn_Knda PASS NOT_RUN NOT_RUN
IND ks_Arab PASS NOT_RUN NOT_RUN
IND kok_Deva PASS NOT_RUN NOT_RUN
IND mai_Deva PASS NOT_RUN NOT_RUN
IND ml_Mlym PASS NOT_RUN NOT_RUN
IND mni_Mtei PASS NOT_RUN NOT_RUN
IND mr_Deva PASS NOT_RUN NOT_RUN
IND ne_Deva PASS NOT_RUN NOT_RUN
IND pa_Guru PASS NOT_RUN NOT_RUN
IND or_Orya PASS NOT_RUN NOT_RUN
IND sa_Deva PASS NOT_RUN NOT_RUN
IND sat_Olck PASS NOT_RUN NOT_RUN
IND sd_Arab PASS NOT_RUN NOT_RUN
IND ta_Taml PASS NOT_RUN NOT_RUN
IND te_Telu PASS NOT_RUN NOT_RUN
IND ur_Arab PASS NOT_RUN NOT_RUN
IND kok_Latn PASS NOT_RUN NOT_RUN
IND ks_Deva PASS NOT_RUN NOT_RUN
IND mni_Beng PASS NOT_RUN NOT_RUN
IND pa_Arab PASS NOT_RUN NOT_RUN
IND sat_Beng PASS NOT_RUN NOT_RUN
IND sat_Deva PASS NOT_RUN NOT_RUN
JPN ja_Jpan PASS NOT_RUN NOT_RUN
IND sd_Deva PASS NOT_RUN NOT_RUN
JPN ja_Hira PASS NOT_RUN NOT_RUN
JPN ja_Kana PASS NOT_RUN NOT_RUN
CHN zh_Hans PASS NOT_RUN NOT_RUN
CHN zh_Hant PASS NOT_RUN NOT_RUN
HKG zh_Hans PASS NOT_RUN NOT_RUN
HKG zh_Hant PASS NOT_RUN NOT_RUN
MAC zh_Hans PASS NOT_RUN NOT_RUN
MAC zh_Hant PASS NOT_RUN NOT_RUN
TWN zh_Hans PASS NOT_RUN NOT_RUN
TWN zh_Hant PASS NOT_RUN NOT_RUN
SRB sr_Cyrl PASS NOT_RUN NOT_RUN
SRB sr_Latn PASS NOT_RUN NOT_RUN
MNE sr_Cyrl PASS NOT_RUN NOT_RUN
MNE sr_Latn PASS NOT_RUN NOT_RUN
BIH bs_Latn PASS NOT_RUN NOT_RUN
BIH bs_Cyrl PASS NOT_RUN NOT_RUN
python3 tools/install_vbox.py --check
PASS 295 independent VirtualBox launchers
