CHECK ABW nl source pending-language-review 0 0
CHECK AFG fa source pending-language-review 0 0
CHECK AGO pt código-fonte project-proposal 0 0
CHECK AIA en source project-proposal 0 0
CHECK ALA sv source pending-language-review 0 0
CHECK ALB sq source pending-language-review 0 0
CHECK AND ca source pending-language-review 0 0
CHECK ARE ar النص-المصدري project-proposal 0 0
CHECK ARG es código-fuente project-proposal 0 0
CHECK ARM hy source pending-language-review 0 0
CHECK ASM sm source pending-language-review 0 0
CHECK ATA und source pending-language-review 0 0
CHECK ATF fr code-source project-proposal 0 0
CHECK ATG en source project-proposal 0 0
CHECK AUS en source project-proposal 0 0
CHECK AUT de Quelltext project-proposal 0 0
CHECK AZE az_Latn source pending-language-review 0 0
CHECK BDI rn source pending-language-review 0 0
CHECK BEL nl source pending-language-review 0 0
CHECK BEN fr code-source project-proposal 0 0
CHECK BES nl source pending-language-review 0 0
CHECK BFA fr code-source project-proposal 0 0
CHECK BGD bn source pending-language-review 0 0
CHECK BGR bg source pending-language-review 0 0
CHECK BHR ar النص-المصدري project-proposal 0 0
CHECK BHS en source project-proposal 0 0
CHECK BIH bs_Cyrl source pending-language-review 0 0
CHECK BLM fr code-source project-proposal 0 0
CHECK BLR be source pending-language-review 0 0
CHECK BLZ en source project-proposal 0 0
CHECK BMU en source project-proposal 0 0
CHECK BOL es código-fuente project-proposal 0 0
CHECK BRA pt código-fonte project-proposal 0 0
CHECK BRB en source project-proposal 0 0
CHECK BRN ms_Latn source pending-language-review 0 0
CHECK BTN dz source pending-language-review 0 0
CHECK BVT und source pending-language-review 0 0
CHECK BWA en source project-proposal 0 0
CHECK CAF fr code-source project-proposal 0 0
CHECK CAN en source project-proposal 0 0
CHECK CCK en source project-proposal 0 0
CHECK CHE de Quelltext project-proposal 0 0
CHECK CHL es código-fuente project-proposal 0 0
CHECK CHN zh_Hans 源代码 project-proposal 0 0
CHECK CIV fr code-source project-proposal 0 0
CHECK CMR fr code-source project-proposal 0 0
CHECK COD fr code-source project-proposal 0 0
CHECK COG fr code-source project-proposal 0 0
CHECK COK en source project-proposal 0 0
CHECK COL es código-fuente project-proposal 0 0
CHECK COM ar النص-المصدري project-proposal 0 0
CHECK CPV pt código-fonte project-proposal 0 0
CHECK CRI es código-fuente project-proposal 0 0
CHECK CUB es código-fuente project-proposal 0 0
CHECK CUW pap source pending-language-review 0 0
CHECK CXR en source project-proposal 0 0
CHECK CYM en source project-proposal 0 0
CHECK CYP el source pending-language-review 0 0
CHECK CZE cs source pending-language-review 0 0
CHECK DEU de Quelltext project-proposal 0 0
CHECK DJI ar النص-المصدري project-proposal 0 0
CHECK DMA en source project-proposal 0 0
CHECK DNK da source pending-language-review 0 0
CHECK DOM es código-fuente project-proposal 0 0
CHECK DZA ar النص-المصدري project-proposal 0 0
CHECK ECU es código-fuente project-proposal 0 0
CHECK EGY ar النص-المصدري project-proposal 0 0
CHECK ERI ti source pending-language-review 0 0
CHECK ESH ar النص-المصدري project-proposal 0 0
CHECK ESP es código-fuente project-proposal 0 0
CHECK EST et source pending-language-review 0 0
CHECK ETH am source pending-language-review 0 0
CHECK FIN fi source pending-language-review 0 0
CHECK FJI en source project-proposal 0 0
CHECK FLK en source project-proposal 0 0
CHECK FRA fr code-source project-proposal 0 0
CHECK FRO fo source pending-language-review 0 0
CHECK FSM en source project-proposal 0 0
CHECK GAB fr code-source project-proposal 0 0
CHECK GBR en source project-proposal 0 0
CHECK GEO ka source pending-language-review 0 0
CHECK GGY en source project-proposal 0 0
CHECK GHA en source project-proposal 0 0
CHECK GIB en source project-proposal 0 0
CHECK GIN fr code-source project-proposal 0 0
CHECK GLP fr code-source project-proposal 0 0
CHECK GMB en source project-proposal 0 0
CHECK GNB pt código-fonte project-proposal 0 0
CHECK GNQ es código-fuente project-proposal 0 0
CHECK GRC el source pending-language-review 0 0
CHECK GRD en source project-proposal 0 0
CHECK GRL kl source pending-language-review 0 0
CHECK GTM es código-fuente project-proposal 0 0
CHECK GUF fr code-source project-proposal 0 0
CHECK GUM en source project-proposal 0 0
CHECK GUY en source project-proposal 0 0
CHECK HKG zh_Hant 原始碼 project-proposal 0 0
CHECK HMD und source pending-language-review 0 0
CHECK HND es código-fuente project-proposal 0 0
CHECK HRV hr source pending-language-review 0 0
CHECK HTI ht source pending-language-review 0 0
CHECK HUN hu source pending-language-review 0 0
CHECK IDN id source pending-language-review 0 0
CHECK IMN en source project-proposal 0 0
CHECK IND hi मूल-पाठ project-proposal 0 0
CHECK IOT en source project-proposal 0 0
CHECK IRL en source project-proposal 0 0
CHECK IRN fa source pending-language-review 0 0
CHECK IRQ ar النص-المصدري project-proposal 0 0
CHECK ISL is source pending-language-review 0 0
CHECK ISR he source pending-language-review 0 0
CHECK ITA it codice-sorgente project-proposal 0 0
CHECK JAM en source project-proposal 0 0
CHECK JEY en source project-proposal 0 0
CHECK JOR ar النص-المصدري project-proposal 0 0
CHECK JPN ja 原始記述 project-proposal 0 0
CHECK KAZ ru исходный-код project-proposal 0 0
CHECK KEN sw source pending-language-review 0 0
CHECK KGZ ky_Cyrl source pending-language-review 0 0
CHECK KHM km source pending-language-review 0 0
CHECK KIR en source project-proposal 0 0
CHECK KNA en source project-proposal 0 0
CHECK KOR ko 원문 project-proposal 0 0
CHECK KWT ar النص-المصدري project-proposal 0 0
CHECK LAO lo source pending-language-review 0 0
CHECK LBN ar النص-المصدري project-proposal 0 0
CHECK LBR en source project-proposal 0 0
CHECK LBY ar النص-المصدري project-proposal 0 0
CHECK LCA en source project-proposal 0 0
CHECK LIE de Quelltext project-proposal 0 0
CHECK LKA si source pending-language-review 0 0
CHECK LSO st source pending-language-review 0 0
CHECK LTU lt source pending-language-review 0 0
CHECK LUX fr code-source project-proposal 0 0
CHECK LVA lv source pending-language-review 0 0
CHECK MAC zh_Hant 原始碼 project-proposal 0 0
CHECK MAF fr code-source project-proposal 0 0
CHECK MAR ar النص-المصدري project-proposal 0 0
CHECK MCO fr code-source project-proposal 0 0
CHECK MDA ro source pending-language-review 0 0
CHECK MDG mg source pending-language-review 0 0
CHECK MDV dv source pending-language-review 0 0
CHECK MEX es código-fuente project-proposal 0 0
CHECK MHL en source project-proposal 0 0
CHECK MKD mk source pending-language-review 0 0
CHECK MLI fr code-source project-proposal 0 0
CHECK MLT mt source pending-language-review 0 0
CHECK MMR my source pending-language-review 0 0
CHECK MNE sr_Latn source pending-language-review 0 0
CHECK MNG mn_Cyrl source pending-language-review 0 0
CHECK MNP en source project-proposal 0 0
CHECK MOZ pt código-fonte project-proposal 0 0
CHECK MRT ar النص-المصدري project-proposal 0 0
CHECK MSR en source project-proposal 0 0
CHECK MTQ fr code-source project-proposal 0 0
CHECK MUS en source project-proposal 0 0
CHECK MWI en source project-proposal 0 0
CHECK MYS ms_Latn source pending-language-review 0 0
CHECK MYT fr code-source project-proposal 0 0
CHECK NAM en source project-proposal 0 0
CHECK NCL fr code-source project-proposal 0 0
CHECK NER fr code-source project-proposal 0 0
CHECK NFK en source project-proposal 0 0
CHECK NGA en source project-proposal 0 0
CHECK NIC es código-fuente project-proposal 0 0
CHECK NIU en source project-proposal 0 0
CHECK NLD nl source pending-language-review 0 0
CHECK NOR nb source pending-language-review 0 0
CHECK NPL ne source pending-language-review 0 0
CHECK NRU en source project-proposal 0 0
CHECK NZL en source project-proposal 0 0
CHECK OMN ar النص-المصدري project-proposal 0 0
CHECK PAK ur source pending-language-review 0 0
CHECK PAN es código-fuente project-proposal 0 0
CHECK PCN en source project-proposal 0 0
CHECK PER es código-fuente project-proposal 0 0
CHECK PHL en source project-proposal 0 0
CHECK PLW pau source pending-language-review 0 0
CHECK PNG tpi source pending-language-review 0 0
CHECK POL pl source pending-language-review 0 0
CHECK PRI es código-fuente project-proposal 0 0
CHECK PRK ko 원문 project-proposal 0 0
CHECK PRT pt código-fonte project-proposal 0 0
CHECK PRY gn source pending-language-review 0 0
CHECK PSE ar النص-المصدري project-proposal 0 0
CHECK PYF fr code-source project-proposal 0 0
CHECK QAT ar النص-المصدري project-proposal 0 0
CHECK REU fr code-source project-proposal 0 0
CHECK ROU ro source pending-language-review 0 0
CHECK RUS ru исходный-код project-proposal 0 0
CHECK RWA rw source pending-language-review 0 0
CHECK SAU ar النص-المصدري project-proposal 0 0
CHECK SDN ar النص-المصدري project-proposal 0 0
CHECK SEN wo source pending-language-review 0 0
CHECK SGP en source project-proposal 0 0
CHECK SGS und source pending-language-review 0 0
CHECK SHN en source project-proposal 0 0
CHECK SJM nb source pending-language-review 0 0
CHECK SLB en source project-proposal 0 0
CHECK SLE en source project-proposal 0 0
CHECK SLV es código-fuente project-proposal 0 0
CHECK SMR it codice-sorgente project-proposal 0 0
CHECK SOM so source pending-language-review 0 0
CHECK SPM fr code-source project-proposal 0 0
CHECK SRB sr_Cyrl source pending-language-review 0 0
CHECK SSD en source project-proposal 0 0
CHECK STP pt código-fonte project-proposal 0 0
CHECK SUR nl source pending-language-review 0 0
CHECK SVK sk source pending-language-review 0 0
CHECK SVN sl source pending-language-review 0 0
CHECK SWE sv source pending-language-review 0 0
CHECK SWZ en source project-proposal 0 0
CHECK SXM en source project-proposal 0 0
CHECK SYC fr code-source project-proposal 0 0
CHECK SYR ar النص-المصدري project-proposal 0 0
CHECK TCA en source project-proposal 0 0
CHECK TCD fr code-source project-proposal 0 0
CHECK TGO fr code-source project-proposal 0 0
CHECK THA th source pending-language-review 0 0
CHECK TJK tg_Cyrl source pending-language-review 0 0
CHECK TKL en source project-proposal 0 0
CHECK TKM tk_Latn source pending-language-review 0 0
CHECK TLS pt código-fonte project-proposal 0 0
CHECK TON to source pending-language-review 0 0
CHECK TTO en source project-proposal 0 0
CHECK TUN ar النص-المصدري project-proposal 0 0
CHECK TUR tr source pending-language-review 0 0
CHECK TUV tvl source pending-language-review 0 0
CHECK TWN zh_Hant 原始碼 project-proposal 0 0
CHECK TZA sw source pending-language-review 0 0
CHECK UGA sw source pending-language-review 0 0
CHECK UKR uk source pending-language-review 0 0
CHECK UMI en source project-proposal 0 0
CHECK URY es código-fuente project-proposal 0 0
CHECK USA en source project-proposal 0 0
CHECK UZB uz_Latn source pending-language-review 0 0
CHECK VAT it codice-sorgente project-proposal 0 0
CHECK VCT en source project-proposal 0 0
CHECK VEN es código-fuente project-proposal 0 0
CHECK VGB en source project-proposal 0 0
CHECK VIR en source project-proposal 0 0
CHECK VNM vi source pending-language-review 0 0
CHECK VUT bi source pending-language-review 0 0
CHECK WLF fr code-source project-proposal 0 0
CHECK WSM sm source pending-language-review 0 0
CHECK YEM ar النص-المصدري project-proposal 0 0
CHECK ZAF en source project-proposal 0 0
CHECK ZMB en source project-proposal 0 0
CHECK ZWE sn source pending-language-review 0 0
CHECK IND/as_Beng as_Beng source pending-language-review 0 0
CHECK IND/bn_Beng bn_Beng source pending-language-review 0 0
CHECK IND/brx_Deva brx_Deva source pending-language-review 0 0
CHECK IND/doi_Deva doi_Deva source pending-language-review 0 0
CHECK IND/gu_Gujr gu_Gujr source pending-language-review 0 0
CHECK IND/hi_Deva hi_Deva मूल-पाठ project-proposal 0 0
CHECK IND/kn_Knda kn_Knda source pending-language-review 0 0
CHECK IND/ks_Arab ks_Arab source pending-language-review 0 0
CHECK IND/kok_Deva kok_Deva source pending-language-review 0 0
CHECK IND/mai_Deva mai_Deva source pending-language-review 0 0
CHECK IND/ml_Mlym ml_Mlym source pending-language-review 0 0
CHECK IND/mni_Mtei mni_Mtei source pending-language-review 0 0
CHECK IND/mr_Deva mr_Deva source pending-language-review 0 0
CHECK IND/ne_Deva ne_Deva source pending-language-review 0 0
CHECK IND/or_Orya or_Orya source pending-language-review 0 0
CHECK IND/pa_Guru pa_Guru source pending-language-review 0 0
CHECK IND/sa_Deva sa_Deva source pending-language-review 0 0
CHECK IND/sat_Olck sat_Olck source pending-language-review 0 0
CHECK IND/sd_Arab sd_Arab source pending-language-review 0 0
CHECK IND/ta_Taml ta_Taml மூல-உரை project-proposal 0 0
CHECK IND/te_Telu te_Telu source pending-language-review 0 0
CHECK IND/ur_Arab ur_Arab source pending-language-review 0 0
CHECK IND/kok_Latn kok_Latn source pending-language-review 0 0
CHECK IND/ks_Deva ks_Deva source pending-language-review 0 0
CHECK IND/mni_Beng mni_Beng source pending-language-review 0 0
CHECK IND/pa_Arab pa_Arab source pending-language-review 0 0
CHECK IND/sat_Beng sat_Beng source pending-language-review 0 0
CHECK IND/sat_Deva sat_Deva source pending-language-review 0 0
CHECK IND/sd_Deva sd_Deva source pending-language-review 0 0
CHECK JPN/ja_Jpan ja_Jpan 原始記述 project-proposal 0 0
CHECK JPN/ja_Hira ja_Hira げんしきじゅつ project-proposal 0 0
CHECK JPN/ja_Kana ja_Kana ゲンシキジュツ project-proposal 0 0
CHECK CHN/zh_Hans zh_Hans 源代码 project-proposal 0 0
CHECK CHN/zh_Hant zh_Hant 原始碼 project-proposal 0 0
CHECK HKG/zh_Hans zh_Hans 源代码 project-proposal 0 0
CHECK HKG/zh_Hant zh_Hant 原始碼 project-proposal 0 0
CHECK MAC/zh_Hans zh_Hans 源代码 project-proposal 0 0
CHECK MAC/zh_Hant zh_Hant 原始碼 project-proposal 0 0
CHECK TWN/zh_Hans zh_Hans 源代码 project-proposal 0 0
CHECK TWN/zh_Hant zh_Hant 原始碼 project-proposal 0 0
CHECK SRB/sr_Cyrl sr_Cyrl source pending-language-review 0 0
CHECK SRB/sr_Latn sr_Latn source pending-language-review 0 0
CHECK MNE/sr_Cyrl sr_Cyrl source pending-language-review 0 0
CHECK MNE/sr_Latn sr_Latn source pending-language-review 0 0
CHECK BIH/bs_Cyrl bs_Cyrl source pending-language-review 0 0
CHECK BIH/bs_Latn bs_Latn source pending-language-review 0 0
TOTAL 295 editions
