APPLIED ABW BACKUP /tmp/worldos-layout-backup-avnx9jq3/ABW
PLAN ABW nl source pending-language-review 20 54
APPLIED AFG BACKUP /tmp/worldos-layout-backup-avnx9jq3/AFG
PLAN AFG fa source pending-language-review 20 54
APPLIED AGO BACKUP /tmp/worldos-layout-backup-avnx9jq3/AGO
PLAN AGO pt código-fonte project-proposal 20 54
APPLIED AIA BACKUP /tmp/worldos-layout-backup-avnx9jq3/AIA
PLAN AIA en source project-proposal 20 54
APPLIED ALA BACKUP /tmp/worldos-layout-backup-avnx9jq3/ALA
PLAN ALA sv source pending-language-review 20 54
APPLIED ALB BACKUP /tmp/worldos-layout-backup-avnx9jq3/ALB
PLAN ALB sq source pending-language-review 20 54
APPLIED AND BACKUP /tmp/worldos-layout-backup-avnx9jq3/AND
PLAN AND ca source pending-language-review 20 54
APPLIED ARE BACKUP /tmp/worldos-layout-backup-avnx9jq3/ARE
PLAN ARE ar النص-المصدري project-proposal 20 54
APPLIED ARG BACKUP /tmp/worldos-layout-backup-avnx9jq3/ARG
PLAN ARG es código-fuente project-proposal 20 54
APPLIED ARM BACKUP /tmp/worldos-layout-backup-avnx9jq3/ARM
PLAN ARM hy source pending-language-review 20 54
APPLIED ASM BACKUP /tmp/worldos-layout-backup-avnx9jq3/ASM
PLAN ASM sm source pending-language-review 20 54
APPLIED ATA BACKUP /tmp/worldos-layout-backup-avnx9jq3/ATA
PLAN ATA und source pending-language-review 20 54
APPLIED ATF BACKUP /tmp/worldos-layout-backup-avnx9jq3/ATF
PLAN ATF fr code-source project-proposal 20 54
APPLIED ATG BACKUP /tmp/worldos-layout-backup-avnx9jq3/ATG
PLAN ATG en source project-proposal 20 54
APPLIED AUS BACKUP /tmp/worldos-layout-backup-avnx9jq3/AUS
PLAN AUS en source project-proposal 20 54
APPLIED AUT BACKUP /tmp/worldos-layout-backup-avnx9jq3/AUT
PLAN AUT de Quelltext project-proposal 20 54
APPLIED AZE BACKUP /tmp/worldos-layout-backup-avnx9jq3/AZE
PLAN AZE az_Latn source pending-language-review 20 54
APPLIED BDI BACKUP /tmp/worldos-layout-backup-avnx9jq3/BDI
PLAN BDI rn source pending-language-review 20 54
APPLIED BEL BACKUP /tmp/worldos-layout-backup-avnx9jq3/BEL
PLAN BEL nl source pending-language-review 20 54
APPLIED BEN BACKUP /tmp/worldos-layout-backup-avnx9jq3/BEN
PLAN BEN fr code-source project-proposal 20 54
APPLIED BES BACKUP /tmp/worldos-layout-backup-avnx9jq3/BES
PLAN BES nl source pending-language-review 20 54
APPLIED BFA BACKUP /tmp/worldos-layout-backup-avnx9jq3/BFA
PLAN BFA fr code-source project-proposal 20 54
APPLIED BGD BACKUP /tmp/worldos-layout-backup-avnx9jq3/BGD
PLAN BGD bn source pending-language-review 20 54
APPLIED BGR BACKUP /tmp/worldos-layout-backup-avnx9jq3/BGR
PLAN BGR bg source pending-language-review 20 54
APPLIED BHR BACKUP /tmp/worldos-layout-backup-avnx9jq3/BHR
PLAN BHR ar النص-المصدري project-proposal 20 54
APPLIED BHS BACKUP /tmp/worldos-layout-backup-avnx9jq3/BHS
PLAN BHS en source project-proposal 20 54
APPLIED BIH BACKUP /tmp/worldos-layout-backup-avnx9jq3/BIH
PLAN BIH bs_Cyrl source pending-language-review 20 54
APPLIED BLM BACKUP /tmp/worldos-layout-backup-avnx9jq3/BLM
PLAN BLM fr code-source project-proposal 20 54
APPLIED BLR BACKUP /tmp/worldos-layout-backup-avnx9jq3/BLR
PLAN BLR be source pending-language-review 20 54
APPLIED BLZ BACKUP /tmp/worldos-layout-backup-avnx9jq3/BLZ
PLAN BLZ en source project-proposal 20 54
APPLIED BMU BACKUP /tmp/worldos-layout-backup-avnx9jq3/BMU
PLAN BMU en source project-proposal 20 54
APPLIED BOL BACKUP /tmp/worldos-layout-backup-avnx9jq3/BOL
PLAN BOL es código-fuente project-proposal 20 54
APPLIED BRA BACKUP /tmp/worldos-layout-backup-avnx9jq3/BRA
PLAN BRA pt código-fonte project-proposal 20 54
APPLIED BRB BACKUP /tmp/worldos-layout-backup-avnx9jq3/BRB
PLAN BRB en source project-proposal 20 54
APPLIED BRN BACKUP /tmp/worldos-layout-backup-avnx9jq3/BRN
PLAN BRN ms_Latn source pending-language-review 20 54
APPLIED BTN BACKUP /tmp/worldos-layout-backup-avnx9jq3/BTN
PLAN BTN dz source pending-language-review 20 54
APPLIED BVT BACKUP /tmp/worldos-layout-backup-avnx9jq3/BVT
PLAN BVT und source pending-language-review 20 54
APPLIED BWA BACKUP /tmp/worldos-layout-backup-avnx9jq3/BWA
PLAN BWA en source project-proposal 20 54
APPLIED CAF BACKUP /tmp/worldos-layout-backup-avnx9jq3/CAF
PLAN CAF fr code-source project-proposal 20 54
APPLIED CAN BACKUP /tmp/worldos-layout-backup-avnx9jq3/CAN
PLAN CAN en source project-proposal 20 54
APPLIED CCK BACKUP /tmp/worldos-layout-backup-avnx9jq3/CCK
PLAN CCK en source project-proposal 20 54
APPLIED CHE BACKUP /tmp/worldos-layout-backup-avnx9jq3/CHE
PLAN CHE de Quelltext project-proposal 20 54
APPLIED CHL BACKUP /tmp/worldos-layout-backup-avnx9jq3/CHL
PLAN CHL es código-fuente project-proposal 20 54
APPLIED CHN BACKUP /tmp/worldos-layout-backup-avnx9jq3/CHN
PLAN CHN zh_Hans 源代码 project-proposal 20 54
APPLIED CIV BACKUP /tmp/worldos-layout-backup-avnx9jq3/CIV
PLAN CIV fr code-source project-proposal 20 54
APPLIED CMR BACKUP /tmp/worldos-layout-backup-avnx9jq3/CMR
PLAN CMR fr code-source project-proposal 20 54
APPLIED COD BACKUP /tmp/worldos-layout-backup-avnx9jq3/COD
PLAN COD fr code-source project-proposal 20 54
APPLIED COG BACKUP /tmp/worldos-layout-backup-avnx9jq3/COG
PLAN COG fr code-source project-proposal 20 54
APPLIED COK BACKUP /tmp/worldos-layout-backup-avnx9jq3/COK
PLAN COK en source project-proposal 20 54
APPLIED COL BACKUP /tmp/worldos-layout-backup-avnx9jq3/COL
PLAN COL es código-fuente project-proposal 20 54
APPLIED COM BACKUP /tmp/worldos-layout-backup-avnx9jq3/COM
PLAN COM ar النص-المصدري project-proposal 20 54
APPLIED CPV BACKUP /tmp/worldos-layout-backup-avnx9jq3/CPV
PLAN CPV pt código-fonte project-proposal 20 54
APPLIED CRI BACKUP /tmp/worldos-layout-backup-avnx9jq3/CRI
PLAN CRI es código-fuente project-proposal 20 54
APPLIED CUB BACKUP /tmp/worldos-layout-backup-avnx9jq3/CUB
PLAN CUB es código-fuente project-proposal 20 54
APPLIED CUW BACKUP /tmp/worldos-layout-backup-avnx9jq3/CUW
PLAN CUW pap source pending-language-review 20 54
APPLIED CXR BACKUP /tmp/worldos-layout-backup-avnx9jq3/CXR
PLAN CXR en source project-proposal 20 54
APPLIED CYM BACKUP /tmp/worldos-layout-backup-avnx9jq3/CYM
PLAN CYM en source project-proposal 20 54
APPLIED CYP BACKUP /tmp/worldos-layout-backup-avnx9jq3/CYP
PLAN CYP el source pending-language-review 20 54
APPLIED CZE BACKUP /tmp/worldos-layout-backup-avnx9jq3/CZE
PLAN CZE cs source pending-language-review 20 54
APPLIED DEU BACKUP /tmp/worldos-layout-backup-avnx9jq3/DEU
PLAN DEU de Quelltext project-proposal 20 54
APPLIED DJI BACKUP /tmp/worldos-layout-backup-avnx9jq3/DJI
PLAN DJI ar النص-المصدري project-proposal 20 54
APPLIED DMA BACKUP /tmp/worldos-layout-backup-avnx9jq3/DMA
PLAN DMA en source project-proposal 20 54
APPLIED DNK BACKUP /tmp/worldos-layout-backup-avnx9jq3/DNK
PLAN DNK da source pending-language-review 20 54
APPLIED DOM BACKUP /tmp/worldos-layout-backup-avnx9jq3/DOM
PLAN DOM es código-fuente project-proposal 20 54
APPLIED DZA BACKUP /tmp/worldos-layout-backup-avnx9jq3/DZA
PLAN DZA ar النص-المصدري project-proposal 20 54
APPLIED ECU BACKUP /tmp/worldos-layout-backup-avnx9jq3/ECU
PLAN ECU es código-fuente project-proposal 20 54
APPLIED EGY BACKUP /tmp/worldos-layout-backup-avnx9jq3/EGY
PLAN EGY ar النص-المصدري project-proposal 20 54
APPLIED ERI BACKUP /tmp/worldos-layout-backup-avnx9jq3/ERI
PLAN ERI ti source pending-language-review 20 54
APPLIED ESH BACKUP /tmp/worldos-layout-backup-avnx9jq3/ESH
PLAN ESH ar النص-المصدري project-proposal 20 54
APPLIED ESP BACKUP /tmp/worldos-layout-backup-avnx9jq3/ESP
PLAN ESP es código-fuente project-proposal 20 54
APPLIED EST BACKUP /tmp/worldos-layout-backup-avnx9jq3/EST
PLAN EST et source pending-language-review 20 54
APPLIED ETH BACKUP /tmp/worldos-layout-backup-avnx9jq3/ETH
PLAN ETH am source pending-language-review 20 54
APPLIED FIN BACKUP /tmp/worldos-layout-backup-avnx9jq3/FIN
PLAN FIN fi source pending-language-review 20 54
APPLIED FJI BACKUP /tmp/worldos-layout-backup-avnx9jq3/FJI
PLAN FJI en source project-proposal 20 54
APPLIED FLK BACKUP /tmp/worldos-layout-backup-avnx9jq3/FLK
PLAN FLK en source project-proposal 20 54
APPLIED FRA BACKUP /tmp/worldos-layout-backup-avnx9jq3/FRA
PLAN FRA fr code-source project-proposal 20 54
APPLIED FRO BACKUP /tmp/worldos-layout-backup-avnx9jq3/FRO
PLAN FRO fo source pending-language-review 20 54
APPLIED FSM BACKUP /tmp/worldos-layout-backup-avnx9jq3/FSM
PLAN FSM en source project-proposal 20 54
APPLIED GAB BACKUP /tmp/worldos-layout-backup-avnx9jq3/GAB
PLAN GAB fr code-source project-proposal 20 54
APPLIED GBR BACKUP /tmp/worldos-layout-backup-avnx9jq3/GBR
PLAN GBR en source project-proposal 20 54
APPLIED GEO BACKUP /tmp/worldos-layout-backup-avnx9jq3/GEO
PLAN GEO ka source pending-language-review 20 54
APPLIED GGY BACKUP /tmp/worldos-layout-backup-avnx9jq3/GGY
PLAN GGY en source project-proposal 20 54
APPLIED GHA BACKUP /tmp/worldos-layout-backup-avnx9jq3/GHA
PLAN GHA en source project-proposal 20 54
APPLIED GIB BACKUP /tmp/worldos-layout-backup-avnx9jq3/GIB
PLAN GIB en source project-proposal 20 54
APPLIED GIN BACKUP /tmp/worldos-layout-backup-avnx9jq3/GIN
PLAN GIN fr code-source project-proposal 20 54
APPLIED GLP BACKUP /tmp/worldos-layout-backup-avnx9jq3/GLP
PLAN GLP fr code-source project-proposal 20 54
APPLIED GMB BACKUP /tmp/worldos-layout-backup-avnx9jq3/GMB
PLAN GMB en source project-proposal 20 54
APPLIED GNB BACKUP /tmp/worldos-layout-backup-avnx9jq3/GNB
PLAN GNB pt código-fonte project-proposal 20 54
APPLIED GNQ BACKUP /tmp/worldos-layout-backup-avnx9jq3/GNQ
PLAN GNQ es código-fuente project-proposal 20 54
APPLIED GRC BACKUP /tmp/worldos-layout-backup-avnx9jq3/GRC
PLAN GRC el source pending-language-review 20 54
APPLIED GRD BACKUP /tmp/worldos-layout-backup-avnx9jq3/GRD
PLAN GRD en source project-proposal 20 54
APPLIED GRL BACKUP /tmp/worldos-layout-backup-avnx9jq3/GRL
PLAN GRL kl source pending-language-review 20 54
APPLIED GTM BACKUP /tmp/worldos-layout-backup-avnx9jq3/GTM
PLAN GTM es código-fuente project-proposal 20 54
APPLIED GUF BACKUP /tmp/worldos-layout-backup-avnx9jq3/GUF
PLAN GUF fr code-source project-proposal 20 54
APPLIED GUM BACKUP /tmp/worldos-layout-backup-avnx9jq3/GUM
PLAN GUM en source project-proposal 20 54
APPLIED GUY BACKUP /tmp/worldos-layout-backup-avnx9jq3/GUY
PLAN GUY en source project-proposal 20 54
APPLIED HKG BACKUP /tmp/worldos-layout-backup-avnx9jq3/HKG
PLAN HKG zh_Hant 原始碼 project-proposal 20 54
APPLIED HMD BACKUP /tmp/worldos-layout-backup-avnx9jq3/HMD
PLAN HMD und source pending-language-review 20 54
APPLIED HND BACKUP /tmp/worldos-layout-backup-avnx9jq3/HND
PLAN HND es código-fuente project-proposal 20 54
APPLIED HRV BACKUP /tmp/worldos-layout-backup-avnx9jq3/HRV
PLAN HRV hr source pending-language-review 20 54
APPLIED HTI BACKUP /tmp/worldos-layout-backup-avnx9jq3/HTI
PLAN HTI ht source pending-language-review 20 54
APPLIED HUN BACKUP /tmp/worldos-layout-backup-avnx9jq3/HUN
PLAN HUN hu source pending-language-review 20 54
APPLIED IDN BACKUP /tmp/worldos-layout-backup-avnx9jq3/IDN
PLAN IDN id source pending-language-review 20 54
APPLIED IMN BACKUP /tmp/worldos-layout-backup-avnx9jq3/IMN
PLAN IMN en source project-proposal 20 54
APPLIED IND BACKUP /tmp/worldos-layout-backup-avnx9jq3/IND
PLAN IND hi मूल-पाठ project-proposal 20 54
APPLIED IOT BACKUP /tmp/worldos-layout-backup-avnx9jq3/IOT
PLAN IOT en source project-proposal 20 54
APPLIED IRL BACKUP /tmp/worldos-layout-backup-avnx9jq3/IRL
PLAN IRL en source project-proposal 20 54
APPLIED IRN BACKUP /tmp/worldos-layout-backup-avnx9jq3/IRN
PLAN IRN fa source pending-language-review 20 54
APPLIED IRQ BACKUP /tmp/worldos-layout-backup-avnx9jq3/IRQ
PLAN IRQ ar النص-المصدري project-proposal 20 54
APPLIED ISL BACKUP /tmp/worldos-layout-backup-avnx9jq3/ISL
PLAN ISL is source pending-language-review 20 54
APPLIED ISR BACKUP /tmp/worldos-layout-backup-avnx9jq3/ISR
PLAN ISR he source pending-language-review 20 54
APPLIED ITA BACKUP /tmp/worldos-layout-backup-avnx9jq3/ITA
PLAN ITA it codice-sorgente project-proposal 20 54
APPLIED JAM BACKUP /tmp/worldos-layout-backup-avnx9jq3/JAM
PLAN JAM en source project-proposal 20 54
APPLIED JEY BACKUP /tmp/worldos-layout-backup-avnx9jq3/JEY
PLAN JEY en source project-proposal 20 54
APPLIED JOR BACKUP /tmp/worldos-layout-backup-avnx9jq3/JOR
PLAN JOR ar النص-المصدري project-proposal 20 54
APPLIED JPN BACKUP /tmp/worldos-layout-backup-avnx9jq3/JPN
PLAN JPN ja 原始記述 project-proposal 20 54
APPLIED KAZ BACKUP /tmp/worldos-layout-backup-avnx9jq3/KAZ
PLAN KAZ ru исходный-код project-proposal 20 54
APPLIED KEN BACKUP /tmp/worldos-layout-backup-avnx9jq3/KEN
PLAN KEN sw source pending-language-review 20 54
APPLIED KGZ BACKUP /tmp/worldos-layout-backup-avnx9jq3/KGZ
PLAN KGZ ky_Cyrl source pending-language-review 20 54
APPLIED KHM BACKUP /tmp/worldos-layout-backup-avnx9jq3/KHM
PLAN KHM km source pending-language-review 20 54
APPLIED KIR BACKUP /tmp/worldos-layout-backup-avnx9jq3/KIR
PLAN KIR en source project-proposal 20 54
APPLIED KNA BACKUP /tmp/worldos-layout-backup-avnx9jq3/KNA
PLAN KNA en source project-proposal 20 54
APPLIED KOR BACKUP /tmp/worldos-layout-backup-avnx9jq3/KOR
PLAN KOR ko 원문 project-proposal 2 16
APPLIED KWT BACKUP /tmp/worldos-layout-backup-avnx9jq3/KWT
PLAN KWT ar النص-المصدري project-proposal 20 54
APPLIED LAO BACKUP /tmp/worldos-layout-backup-avnx9jq3/LAO
PLAN LAO lo source pending-language-review 20 54
APPLIED LBN BACKUP /tmp/worldos-layout-backup-avnx9jq3/LBN
PLAN LBN ar النص-المصدري project-proposal 20 54
APPLIED LBR BACKUP /tmp/worldos-layout-backup-avnx9jq3/LBR
PLAN LBR en source project-proposal 20 54
APPLIED LBY BACKUP /tmp/worldos-layout-backup-avnx9jq3/LBY
PLAN LBY ar النص-المصدري project-proposal 20 54
APPLIED LCA BACKUP /tmp/worldos-layout-backup-avnx9jq3/LCA
PLAN LCA en source project-proposal 20 54
APPLIED LIE BACKUP /tmp/worldos-layout-backup-avnx9jq3/LIE
PLAN LIE de Quelltext project-proposal 20 54
APPLIED LKA BACKUP /tmp/worldos-layout-backup-avnx9jq3/LKA
PLAN LKA si source pending-language-review 20 54
APPLIED LSO BACKUP /tmp/worldos-layout-backup-avnx9jq3/LSO
PLAN LSO st source pending-language-review 20 54
APPLIED LTU BACKUP /tmp/worldos-layout-backup-avnx9jq3/LTU
PLAN LTU lt source pending-language-review 20 54
APPLIED LUX BACKUP /tmp/worldos-layout-backup-avnx9jq3/LUX
PLAN LUX fr code-source project-proposal 20 54
APPLIED LVA BACKUP /tmp/worldos-layout-backup-avnx9jq3/LVA
PLAN LVA lv source pending-language-review 20 54
APPLIED MAC BACKUP /tmp/worldos-layout-backup-avnx9jq3/MAC
PLAN MAC zh_Hant 原始碼 project-proposal 20 54
APPLIED MAF BACKUP /tmp/worldos-layout-backup-avnx9jq3/MAF
PLAN MAF fr code-source project-proposal 20 54
APPLIED MAR BACKUP /tmp/worldos-layout-backup-avnx9jq3/MAR
PLAN MAR ar النص-المصدري project-proposal 20 54
APPLIED MCO BACKUP /tmp/worldos-layout-backup-avnx9jq3/MCO
PLAN MCO fr code-source project-proposal 20 54
APPLIED MDA BACKUP /tmp/worldos-layout-backup-avnx9jq3/MDA
PLAN MDA ro source pending-language-review 20 54
APPLIED MDG BACKUP /tmp/worldos-layout-backup-avnx9jq3/MDG
PLAN MDG mg source pending-language-review 20 54
APPLIED MDV BACKUP /tmp/worldos-layout-backup-avnx9jq3/MDV
PLAN MDV dv source pending-language-review 20 54
APPLIED MEX BACKUP /tmp/worldos-layout-backup-avnx9jq3/MEX
PLAN MEX es código-fuente project-proposal 20 54
APPLIED MHL BACKUP /tmp/worldos-layout-backup-avnx9jq3/MHL
PLAN MHL en source project-proposal 20 54
APPLIED MKD BACKUP /tmp/worldos-layout-backup-avnx9jq3/MKD
PLAN MKD mk source pending-language-review 20 54
APPLIED MLI BACKUP /tmp/worldos-layout-backup-avnx9jq3/MLI
PLAN MLI fr code-source project-proposal 20 54
APPLIED MLT BACKUP /tmp/worldos-layout-backup-avnx9jq3/MLT
PLAN MLT mt source pending-language-review 20 54
APPLIED MMR BACKUP /tmp/worldos-layout-backup-avnx9jq3/MMR
PLAN MMR my source pending-language-review 20 54
APPLIED MNE BACKUP /tmp/worldos-layout-backup-avnx9jq3/MNE
PLAN MNE sr_Latn source pending-language-review 20 54
APPLIED MNG BACKUP /tmp/worldos-layout-backup-avnx9jq3/MNG
PLAN MNG mn_Cyrl source pending-language-review 20 54
APPLIED MNP BACKUP /tmp/worldos-layout-backup-avnx9jq3/MNP
PLAN MNP en source project-proposal 20 54
APPLIED MOZ BACKUP /tmp/worldos-layout-backup-avnx9jq3/MOZ
PLAN MOZ pt código-fonte project-proposal 20 54
APPLIED MRT BACKUP /tmp/worldos-layout-backup-avnx9jq3/MRT
PLAN MRT ar النص-المصدري project-proposal 20 54
APPLIED MSR BACKUP /tmp/worldos-layout-backup-avnx9jq3/MSR
PLAN MSR en source project-proposal 20 54
APPLIED MTQ BACKUP /tmp/worldos-layout-backup-avnx9jq3/MTQ
PLAN MTQ fr code-source project-proposal 20 54
APPLIED MUS BACKUP /tmp/worldos-layout-backup-avnx9jq3/MUS
PLAN MUS en source project-proposal 20 54
APPLIED MWI BACKUP /tmp/worldos-layout-backup-avnx9jq3/MWI
PLAN MWI en source project-proposal 20 54
APPLIED MYS BACKUP /tmp/worldos-layout-backup-avnx9jq3/MYS
PLAN MYS ms_Latn source pending-language-review 20 54
APPLIED MYT BACKUP /tmp/worldos-layout-backup-avnx9jq3/MYT
PLAN MYT fr code-source project-proposal 20 54
APPLIED NAM BACKUP /tmp/worldos-layout-backup-avnx9jq3/NAM
PLAN NAM en source project-proposal 20 54
APPLIED NCL BACKUP /tmp/worldos-layout-backup-avnx9jq3/NCL
PLAN NCL fr code-source project-proposal 20 54
APPLIED NER BACKUP /tmp/worldos-layout-backup-avnx9jq3/NER
PLAN NER fr code-source project-proposal 20 54
APPLIED NFK BACKUP /tmp/worldos-layout-backup-avnx9jq3/NFK
PLAN NFK en source project-proposal 20 54
APPLIED NGA BACKUP /tmp/worldos-layout-backup-avnx9jq3/NGA
PLAN NGA en source project-proposal 20 54
APPLIED NIC BACKUP /tmp/worldos-layout-backup-avnx9jq3/NIC
PLAN NIC es código-fuente project-proposal 20 54
APPLIED NIU BACKUP /tmp/worldos-layout-backup-avnx9jq3/NIU
PLAN NIU en source project-proposal 20 54
APPLIED NLD BACKUP /tmp/worldos-layout-backup-avnx9jq3/NLD
PLAN NLD nl source pending-language-review 20 54
APPLIED NOR BACKUP /tmp/worldos-layout-backup-avnx9jq3/NOR
PLAN NOR nb source pending-language-review 20 54
APPLIED NPL BACKUP /tmp/worldos-layout-backup-avnx9jq3/NPL
PLAN NPL ne source pending-language-review 20 54
APPLIED NRU BACKUP /tmp/worldos-layout-backup-avnx9jq3/NRU
PLAN NRU en source project-proposal 20 54
APPLIED NZL BACKUP /tmp/worldos-layout-backup-avnx9jq3/NZL
PLAN NZL en source project-proposal 20 54
APPLIED OMN BACKUP /tmp/worldos-layout-backup-avnx9jq3/OMN
PLAN OMN ar النص-المصدري project-proposal 20 54
APPLIED PAK BACKUP /tmp/worldos-layout-backup-avnx9jq3/PAK
PLAN PAK ur source pending-language-review 20 54
APPLIED PAN BACKUP /tmp/worldos-layout-backup-avnx9jq3/PAN
PLAN PAN es código-fuente project-proposal 20 54
APPLIED PCN BACKUP /tmp/worldos-layout-backup-avnx9jq3/PCN
PLAN PCN en source project-proposal 20 54
APPLIED PER BACKUP /tmp/worldos-layout-backup-avnx9jq3/PER
PLAN PER es código-fuente project-proposal 20 54
APPLIED PHL BACKUP /tmp/worldos-layout-backup-avnx9jq3/PHL
PLAN PHL en source project-proposal 20 54
APPLIED PLW BACKUP /tmp/worldos-layout-backup-avnx9jq3/PLW
PLAN PLW pau source pending-language-review 20 54
APPLIED PNG BACKUP /tmp/worldos-layout-backup-avnx9jq3/PNG
PLAN PNG tpi source pending-language-review 20 54
APPLIED POL BACKUP /tmp/worldos-layout-backup-avnx9jq3/POL
PLAN POL pl source pending-language-review 20 54
APPLIED PRI BACKUP /tmp/worldos-layout-backup-avnx9jq3/PRI
PLAN PRI es código-fuente project-proposal 20 54
APPLIED PRK BACKUP /tmp/worldos-layout-backup-avnx9jq3/PRK
PLAN PRK ko 원문 project-proposal 2 16
APPLIED PRT BACKUP /tmp/worldos-layout-backup-avnx9jq3/PRT
PLAN PRT pt código-fonte project-proposal 20 54
APPLIED PRY BACKUP /tmp/worldos-layout-backup-avnx9jq3/PRY
PLAN PRY gn source pending-language-review 20 54
APPLIED PSE BACKUP /tmp/worldos-layout-backup-avnx9jq3/PSE
PLAN PSE ar النص-المصدري project-proposal 20 54
APPLIED PYF BACKUP /tmp/worldos-layout-backup-avnx9jq3/PYF
PLAN PYF fr code-source project-proposal 20 54
APPLIED QAT BACKUP /tmp/worldos-layout-backup-avnx9jq3/QAT
PLAN QAT ar النص-المصدري project-proposal 20 54
APPLIED REU BACKUP /tmp/worldos-layout-backup-avnx9jq3/REU
PLAN REU fr code-source project-proposal 20 54
APPLIED ROU BACKUP /tmp/worldos-layout-backup-avnx9jq3/ROU
PLAN ROU ro source pending-language-review 20 54
APPLIED RUS BACKUP /tmp/worldos-layout-backup-avnx9jq3/RUS
PLAN RUS ru исходный-код project-proposal 20 54
APPLIED RWA BACKUP /tmp/worldos-layout-backup-avnx9jq3/RWA
PLAN RWA rw source pending-language-review 20 54
APPLIED SAU BACKUP /tmp/worldos-layout-backup-avnx9jq3/SAU
PLAN SAU ar النص-المصدري project-proposal 20 54
APPLIED SDN BACKUP /tmp/worldos-layout-backup-avnx9jq3/SDN
PLAN SDN ar النص-المصدري project-proposal 20 54
APPLIED SEN BACKUP /tmp/worldos-layout-backup-avnx9jq3/SEN
PLAN SEN wo source pending-language-review 20 54
APPLIED SGP BACKUP /tmp/worldos-layout-backup-avnx9jq3/SGP
PLAN SGP en source project-proposal 20 54
APPLIED SGS BACKUP /tmp/worldos-layout-backup-avnx9jq3/SGS
PLAN SGS und source pending-language-review 20 54
APPLIED SHN BACKUP /tmp/worldos-layout-backup-avnx9jq3/SHN
PLAN SHN en source project-proposal 20 54
APPLIED SJM BACKUP /tmp/worldos-layout-backup-avnx9jq3/SJM
PLAN SJM nb source pending-language-review 20 54
APPLIED SLB BACKUP /tmp/worldos-layout-backup-avnx9jq3/SLB
PLAN SLB en source project-proposal 20 54
APPLIED SLE BACKUP /tmp/worldos-layout-backup-avnx9jq3/SLE
PLAN SLE en source project-proposal 20 54
APPLIED SLV BACKUP /tmp/worldos-layout-backup-avnx9jq3/SLV
PLAN SLV es código-fuente project-proposal 20 54
APPLIED SMR BACKUP /tmp/worldos-layout-backup-avnx9jq3/SMR
PLAN SMR it codice-sorgente project-proposal 20 54
APPLIED SOM BACKUP /tmp/worldos-layout-backup-avnx9jq3/SOM
PLAN SOM so source pending-language-review 20 54
APPLIED SPM BACKUP /tmp/worldos-layout-backup-avnx9jq3/SPM
PLAN SPM fr code-source project-proposal 20 54
APPLIED SRB BACKUP /tmp/worldos-layout-backup-avnx9jq3/SRB
PLAN SRB sr_Cyrl source pending-language-review 20 54
APPLIED SSD BACKUP /tmp/worldos-layout-backup-avnx9jq3/SSD
PLAN SSD en source project-proposal 20 54
APPLIED STP BACKUP /tmp/worldos-layout-backup-avnx9jq3/STP
PLAN STP pt código-fonte project-proposal 20 54
APPLIED SUR BACKUP /tmp/worldos-layout-backup-avnx9jq3/SUR
PLAN SUR nl source pending-language-review 20 54
APPLIED SVK BACKUP /tmp/worldos-layout-backup-avnx9jq3/SVK
PLAN SVK sk source pending-language-review 20 54
APPLIED SVN BACKUP /tmp/worldos-layout-backup-avnx9jq3/SVN
PLAN SVN sl source pending-language-review 20 54
APPLIED SWE BACKUP /tmp/worldos-layout-backup-avnx9jq3/SWE
PLAN SWE sv source pending-language-review 20 54
APPLIED SWZ BACKUP /tmp/worldos-layout-backup-avnx9jq3/SWZ
PLAN SWZ en source project-proposal 20 54
APPLIED SXM BACKUP /tmp/worldos-layout-backup-avnx9jq3/SXM
PLAN SXM en source project-proposal 20 54
APPLIED SYC BACKUP /tmp/worldos-layout-backup-avnx9jq3/SYC
PLAN SYC fr code-source project-proposal 20 54
APPLIED SYR BACKUP /tmp/worldos-layout-backup-avnx9jq3/SYR
PLAN SYR ar النص-المصدري project-proposal 20 54
APPLIED TCA BACKUP /tmp/worldos-layout-backup-avnx9jq3/TCA
PLAN TCA en source project-proposal 20 54
APPLIED TCD BACKUP /tmp/worldos-layout-backup-avnx9jq3/TCD
PLAN TCD fr code-source project-proposal 20 54
APPLIED TGO BACKUP /tmp/worldos-layout-backup-avnx9jq3/TGO
PLAN TGO fr code-source project-proposal 20 54
APPLIED THA BACKUP /tmp/worldos-layout-backup-avnx9jq3/THA
PLAN THA th source pending-language-review 20 54
APPLIED TJK BACKUP /tmp/worldos-layout-backup-avnx9jq3/TJK
PLAN TJK tg_Cyrl source pending-language-review 20 54
APPLIED TKL BACKUP /tmp/worldos-layout-backup-avnx9jq3/TKL
PLAN TKL en source project-proposal 20 54
APPLIED TKM BACKUP /tmp/worldos-layout-backup-avnx9jq3/TKM
PLAN TKM tk_Latn source pending-language-review 20 54
APPLIED TLS BACKUP /tmp/worldos-layout-backup-avnx9jq3/TLS
PLAN TLS pt código-fonte project-proposal 20 54
APPLIED TON BACKUP /tmp/worldos-layout-backup-avnx9jq3/TON
PLAN TON to source pending-language-review 20 54
APPLIED TTO BACKUP /tmp/worldos-layout-backup-avnx9jq3/TTO
PLAN TTO en source project-proposal 20 54
APPLIED TUN BACKUP /tmp/worldos-layout-backup-avnx9jq3/TUN
PLAN TUN ar النص-المصدري project-proposal 20 54
APPLIED TUR BACKUP /tmp/worldos-layout-backup-avnx9jq3/TUR
PLAN TUR tr source pending-language-review 20 54
APPLIED TUV BACKUP /tmp/worldos-layout-backup-avnx9jq3/TUV
PLAN TUV tvl source pending-language-review 20 54
APPLIED TWN BACKUP /tmp/worldos-layout-backup-avnx9jq3/TWN
PLAN TWN zh_Hant 原始碼 project-proposal 20 54
APPLIED TZA BACKUP /tmp/worldos-layout-backup-avnx9jq3/TZA
PLAN TZA sw source pending-language-review 20 54
APPLIED UGA BACKUP /tmp/worldos-layout-backup-avnx9jq3/UGA
PLAN UGA sw source pending-language-review 20 54
APPLIED UKR BACKUP /tmp/worldos-layout-backup-avnx9jq3/UKR
PLAN UKR uk source pending-language-review 20 54
APPLIED UMI BACKUP /tmp/worldos-layout-backup-avnx9jq3/UMI
PLAN UMI en source project-proposal 20 54
APPLIED URY BACKUP /tmp/worldos-layout-backup-avnx9jq3/URY
PLAN URY es código-fuente project-proposal 20 54
APPLIED USA BACKUP /tmp/worldos-layout-backup-avnx9jq3/USA
PLAN USA en source project-proposal 20 54
APPLIED UZB BACKUP /tmp/worldos-layout-backup-avnx9jq3/UZB
PLAN UZB uz_Latn source pending-language-review 20 54
APPLIED VAT BACKUP /tmp/worldos-layout-backup-avnx9jq3/VAT
PLAN VAT it codice-sorgente project-proposal 20 54
APPLIED VCT BACKUP /tmp/worldos-layout-backup-avnx9jq3/VCT
PLAN VCT en source project-proposal 20 54
APPLIED VEN BACKUP /tmp/worldos-layout-backup-avnx9jq3/VEN
PLAN VEN es código-fuente project-proposal 20 54
APPLIED VGB BACKUP /tmp/worldos-layout-backup-avnx9jq3/VGB
PLAN VGB en source project-proposal 20 54
APPLIED VIR BACKUP /tmp/worldos-layout-backup-avnx9jq3/VIR
PLAN VIR en source project-proposal 20 54
APPLIED VNM BACKUP /tmp/worldos-layout-backup-avnx9jq3/VNM
PLAN VNM vi source pending-language-review 20 54
APPLIED VUT BACKUP /tmp/worldos-layout-backup-avnx9jq3/VUT
PLAN VUT bi source pending-language-review 20 54
APPLIED WLF BACKUP /tmp/worldos-layout-backup-avnx9jq3/WLF
PLAN WLF fr code-source project-proposal 20 54
APPLIED WSM BACKUP /tmp/worldos-layout-backup-avnx9jq3/WSM
PLAN WSM sm source pending-language-review 20 54
APPLIED YEM BACKUP /tmp/worldos-layout-backup-avnx9jq3/YEM
PLAN YEM ar النص-المصدري project-proposal 20 54
APPLIED ZAF BACKUP /tmp/worldos-layout-backup-avnx9jq3/ZAF
PLAN ZAF en source project-proposal 20 54
APPLIED ZMB BACKUP /tmp/worldos-layout-backup-avnx9jq3/ZMB
PLAN ZMB en source project-proposal 20 54
APPLIED ZWE BACKUP /tmp/worldos-layout-backup-avnx9jq3/ZWE
PLAN ZWE sn source pending-language-review 20 54
APPLIED IND/as_Beng BACKUP /tmp/worldos-layout-backup-avnx9jq3/IND/as_Beng
PLAN IND/as_Beng as_Beng source pending-language-review 23 60
APPLIED IND/bn_Beng BACKUP /tmp/worldos-layout-backup-avnx9jq3/IND/bn_Beng
PLAN IND/bn_Beng bn_Beng source pending-language-review 23 60
APPLIED IND/brx_Deva BACKUP /tmp/worldos-layout-backup-avnx9jq3/IND/brx_Deva
PLAN IND/brx_Deva brx_Deva source pending-language-review 23 60
APPLIED IND/doi_Deva BACKUP /tmp/worldos-layout-backup-avnx9jq3/IND/doi_Deva
PLAN IND/doi_Deva doi_Deva source pending-language-review 23 60
APPLIED IND/gu_Gujr BACKUP /tmp/worldos-layout-backup-avnx9jq3/IND/gu_Gujr
PLAN IND/gu_Gujr gu_Gujr source pending-language-review 23 60
APPLIED IND/hi_Deva BACKUP /tmp/worldos-layout-backup-avnx9jq3/IND/hi_Deva
PLAN IND/hi_Deva hi_Deva मूल-पाठ project-proposal 23 60
APPLIED IND/kn_Knda BACKUP /tmp/worldos-layout-backup-avnx9jq3/IND/kn_Knda
PLAN IND/kn_Knda kn_Knda source pending-language-review 23 60
APPLIED IND/ks_Arab BACKUP /tmp/worldos-layout-backup-avnx9jq3/IND/ks_Arab
PLAN IND/ks_Arab ks_Arab source pending-language-review 23 60
APPLIED IND/kok_Deva BACKUP /tmp/worldos-layout-backup-avnx9jq3/IND/kok_Deva
PLAN IND/kok_Deva kok_Deva source pending-language-review 23 60
APPLIED IND/mai_Deva BACKUP /tmp/worldos-layout-backup-avnx9jq3/IND/mai_Deva
PLAN IND/mai_Deva mai_Deva source pending-language-review 23 60
APPLIED IND/ml_Mlym BACKUP /tmp/worldos-layout-backup-avnx9jq3/IND/ml_Mlym
PLAN IND/ml_Mlym ml_Mlym source pending-language-review 23 60
APPLIED IND/mni_Mtei BACKUP /tmp/worldos-layout-backup-avnx9jq3/IND/mni_Mtei
PLAN IND/mni_Mtei mni_Mtei source pending-language-review 23 60
APPLIED IND/mr_Deva BACKUP /tmp/worldos-layout-backup-avnx9jq3/IND/mr_Deva
PLAN IND/mr_Deva mr_Deva source pending-language-review 23 60
APPLIED IND/ne_Deva BACKUP /tmp/worldos-layout-backup-avnx9jq3/IND/ne_Deva
PLAN IND/ne_Deva ne_Deva source pending-language-review 23 60
APPLIED IND/or_Orya BACKUP /tmp/worldos-layout-backup-avnx9jq3/IND/or_Orya
PLAN IND/or_Orya or_Orya source pending-language-review 23 60
APPLIED IND/pa_Guru BACKUP /tmp/worldos-layout-backup-avnx9jq3/IND/pa_Guru
PLAN IND/pa_Guru pa_Guru source pending-language-review 23 60
APPLIED IND/sa_Deva BACKUP /tmp/worldos-layout-backup-avnx9jq3/IND/sa_Deva
PLAN IND/sa_Deva sa_Deva source pending-language-review 23 60
APPLIED IND/sat_Olck BACKUP /tmp/worldos-layout-backup-avnx9jq3/IND/sat_Olck
PLAN IND/sat_Olck sat_Olck source pending-language-review 23 60
APPLIED IND/sd_Arab BACKUP /tmp/worldos-layout-backup-avnx9jq3/IND/sd_Arab
PLAN IND/sd_Arab sd_Arab source pending-language-review 23 60
APPLIED IND/ta_Taml BACKUP /tmp/worldos-layout-backup-avnx9jq3/IND/ta_Taml
PLAN IND/ta_Taml ta_Taml மூல-உரை project-proposal 23 60
APPLIED IND/te_Telu BACKUP /tmp/worldos-layout-backup-avnx9jq3/IND/te_Telu
PLAN IND/te_Telu te_Telu source pending-language-review 23 60
APPLIED IND/ur_Arab BACKUP /tmp/worldos-layout-backup-avnx9jq3/IND/ur_Arab
PLAN IND/ur_Arab ur_Arab source pending-language-review 23 60
APPLIED IND/kok_Latn BACKUP /tmp/worldos-layout-backup-avnx9jq3/IND/kok_Latn
PLAN IND/kok_Latn kok_Latn source pending-language-review 23 60
APPLIED IND/ks_Deva BACKUP /tmp/worldos-layout-backup-avnx9jq3/IND/ks_Deva
PLAN IND/ks_Deva ks_Deva source pending-language-review 23 60
APPLIED IND/mni_Beng BACKUP /tmp/worldos-layout-backup-avnx9jq3/IND/mni_Beng
PLAN IND/mni_Beng mni_Beng source pending-language-review 23 60
APPLIED IND/pa_Arab BACKUP /tmp/worldos-layout-backup-avnx9jq3/IND/pa_Arab
PLAN IND/pa_Arab pa_Arab source pending-language-review 23 60
APPLIED IND/sat_Beng BACKUP /tmp/worldos-layout-backup-avnx9jq3/IND/sat_Beng
PLAN IND/sat_Beng sat_Beng source pending-language-review 23 60
APPLIED IND/sat_Deva BACKUP /tmp/worldos-layout-backup-avnx9jq3/IND/sat_Deva
PLAN IND/sat_Deva sat_Deva source pending-language-review 23 60
APPLIED IND/sd_Deva BACKUP /tmp/worldos-layout-backup-avnx9jq3/IND/sd_Deva
PLAN IND/sd_Deva sd_Deva source pending-language-review 23 60
APPLIED JPN/ja_Jpan BACKUP /tmp/worldos-layout-backup-avnx9jq3/JPN/ja_Jpan
PLAN JPN/ja_Jpan ja_Jpan 原始記述 project-proposal 23 60
APPLIED JPN/ja_Hira BACKUP /tmp/worldos-layout-backup-avnx9jq3/JPN/ja_Hira
PLAN JPN/ja_Hira ja_Hira げんしきじゅつ project-proposal 23 60
APPLIED JPN/ja_Kana BACKUP /tmp/worldos-layout-backup-avnx9jq3/JPN/ja_Kana
PLAN JPN/ja_Kana ja_Kana ゲンシキジュツ project-proposal 23 60
APPLIED CHN/zh_Hans BACKUP /tmp/worldos-layout-backup-avnx9jq3/CHN/zh_Hans
PLAN CHN/zh_Hans zh_Hans 源代码 project-proposal 23 60
APPLIED CHN/zh_Hant BACKUP /tmp/worldos-layout-backup-avnx9jq3/CHN/zh_Hant
PLAN CHN/zh_Hant zh_Hant 原始碼 project-proposal 23 60
APPLIED HKG/zh_Hans BACKUP /tmp/worldos-layout-backup-avnx9jq3/HKG/zh_Hans
PLAN HKG/zh_Hans zh_Hans 源代码 project-proposal 23 60
APPLIED HKG/zh_Hant BACKUP /tmp/worldos-layout-backup-avnx9jq3/HKG/zh_Hant
PLAN HKG/zh_Hant zh_Hant 原始碼 project-proposal 23 60
APPLIED MAC/zh_Hans BACKUP /tmp/worldos-layout-backup-avnx9jq3/MAC/zh_Hans
PLAN MAC/zh_Hans zh_Hans 源代码 project-proposal 23 60
APPLIED MAC/zh_Hant BACKUP /tmp/worldos-layout-backup-avnx9jq3/MAC/zh_Hant
PLAN MAC/zh_Hant zh_Hant 原始碼 project-proposal 23 60
APPLIED TWN/zh_Hans BACKUP /tmp/worldos-layout-backup-avnx9jq3/TWN/zh_Hans
PLAN TWN/zh_Hans zh_Hans 源代码 project-proposal 23 60
APPLIED TWN/zh_Hant BACKUP /tmp/worldos-layout-backup-avnx9jq3/TWN/zh_Hant
PLAN TWN/zh_Hant zh_Hant 原始碼 project-proposal 23 60
APPLIED SRB/sr_Cyrl BACKUP /tmp/worldos-layout-backup-avnx9jq3/SRB/sr_Cyrl
PLAN SRB/sr_Cyrl sr_Cyrl source pending-language-review 23 60
APPLIED SRB/sr_Latn BACKUP /tmp/worldos-layout-backup-avnx9jq3/SRB/sr_Latn
PLAN SRB/sr_Latn sr_Latn source pending-language-review 23 60
APPLIED MNE/sr_Cyrl BACKUP /tmp/worldos-layout-backup-avnx9jq3/MNE/sr_Cyrl
PLAN MNE/sr_Cyrl sr_Cyrl source pending-language-review 23 60
APPLIED MNE/sr_Latn BACKUP /tmp/worldos-layout-backup-avnx9jq3/MNE/sr_Latn
PLAN MNE/sr_Latn sr_Latn source pending-language-review 23 60
APPLIED BIH/bs_Cyrl BACKUP /tmp/worldos-layout-backup-avnx9jq3/BIH/bs_Cyrl
PLAN BIH/bs_Cyrl bs_Cyrl source pending-language-review 23 60
APPLIED BIH/bs_Latn BACKUP /tmp/worldos-layout-backup-avnx9jq3/BIH/bs_Latn
PLAN BIH/bs_Latn bs_Latn source pending-language-review 23 60
TOTAL 295 editions
