PLAN ABW nl source pending-language-review 20 54
PLAN AFG fa source pending-language-review 20 54
PLAN AGO pt código-fonte project-proposal 20 54
PLAN AIA en source project-proposal 20 54
PLAN ALA sv source pending-language-review 20 54
PLAN ALB sq source pending-language-review 20 54
PLAN AND ca source pending-language-review 20 54
PLAN ARE ar النص-المصدري project-proposal 20 54
PLAN ARG es código-fuente project-proposal 20 54
PLAN ARM hy source pending-language-review 20 54
PLAN ASM sm source pending-language-review 20 54
PLAN ATA und source pending-language-review 20 54
PLAN ATF fr code-source project-proposal 20 54
PLAN ATG en source project-proposal 20 54
PLAN AUS en source project-proposal 20 54
PLAN AUT de Quelltext project-proposal 20 54
PLAN AZE az_Latn source pending-language-review 20 54
PLAN BDI rn source pending-language-review 20 54
PLAN BEL nl source pending-language-review 20 54
PLAN BEN fr code-source project-proposal 20 54
PLAN BES nl source pending-language-review 20 54
PLAN BFA fr code-source project-proposal 20 54
PLAN BGD bn source pending-language-review 20 54
PLAN BGR bg source pending-language-review 20 54
PLAN BHR ar النص-المصدري project-proposal 20 54
PLAN BHS en source project-proposal 20 54
PLAN BIH bs_Cyrl source pending-language-review 20 54
PLAN BLM fr code-source project-proposal 20 54
PLAN BLR be source pending-language-review 20 54
PLAN BLZ en source project-proposal 20 54
PLAN BMU en source project-proposal 20 54
PLAN BOL es código-fuente project-proposal 20 54
PLAN BRA pt código-fonte project-proposal 20 54
PLAN BRB en source project-proposal 20 54
PLAN BRN ms_Latn source pending-language-review 20 54
PLAN BTN dz source pending-language-review 20 54
PLAN BVT und source pending-language-review 20 54
PLAN BWA en source project-proposal 20 54
PLAN CAF fr code-source project-proposal 20 54
PLAN CAN en source project-proposal 20 54
PLAN CCK en source project-proposal 20 54
PLAN CHE de Quelltext project-proposal 20 54
PLAN CHL es código-fuente project-proposal 20 54
PLAN CHN zh_Hans 源代码 project-proposal 20 54
PLAN CIV fr code-source project-proposal 20 54
PLAN CMR fr code-source project-proposal 20 54
PLAN COD fr code-source project-proposal 20 54
PLAN COG fr code-source project-proposal 20 54
PLAN COK en source project-proposal 20 54
PLAN COL es código-fuente project-proposal 20 54
PLAN COM ar النص-المصدري project-proposal 20 54
PLAN CPV pt código-fonte project-proposal 20 54
PLAN CRI es código-fuente project-proposal 20 54
PLAN CUB es código-fuente project-proposal 20 54
PLAN CUW pap source pending-language-review 20 54
PLAN CXR en source project-proposal 20 54
PLAN CYM en source project-proposal 20 54
PLAN CYP el source pending-language-review 20 54
PLAN CZE cs source pending-language-review 20 54
PLAN DEU de Quelltext project-proposal 20 54
PLAN DJI ar النص-المصدري project-proposal 20 54
PLAN DMA en source project-proposal 20 54
PLAN DNK da source pending-language-review 20 54
PLAN DOM es código-fuente project-proposal 20 54
PLAN DZA ar النص-المصدري project-proposal 20 54
PLAN ECU es código-fuente project-proposal 20 54
PLAN EGY ar النص-المصدري project-proposal 20 54
PLAN ERI ti source pending-language-review 20 54
PLAN ESH ar النص-المصدري project-proposal 20 54
PLAN ESP es código-fuente project-proposal 20 54
PLAN EST et source pending-language-review 20 54
PLAN ETH am source pending-language-review 20 54
PLAN FIN fi source pending-language-review 20 54
PLAN FJI en source project-proposal 20 54
PLAN FLK en source project-proposal 20 54
PLAN FRA fr code-source project-proposal 20 54
PLAN FRO fo source pending-language-review 20 54
PLAN FSM en source project-proposal 20 54
PLAN GAB fr code-source project-proposal 20 54
PLAN GBR en source project-proposal 20 54
PLAN GEO ka source pending-language-review 20 54
PLAN GGY en source project-proposal 20 54
PLAN GHA en source project-proposal 20 54
PLAN GIB en source project-proposal 20 54
PLAN GIN fr code-source project-proposal 20 54
PLAN GLP fr code-source project-proposal 20 54
PLAN GMB en source project-proposal 20 54
PLAN GNB pt código-fonte project-proposal 20 54
PLAN GNQ es código-fuente project-proposal 20 54
PLAN GRC el source pending-language-review 20 54
PLAN GRD en source project-proposal 20 54
PLAN GRL kl source pending-language-review 20 54
PLAN GTM es código-fuente project-proposal 20 54
PLAN GUF fr code-source project-proposal 20 54
PLAN GUM en source project-proposal 20 54
PLAN GUY en source project-proposal 20 54
PLAN HKG zh_Hant 原始碼 project-proposal 20 54
PLAN HMD und source pending-language-review 20 54
PLAN HND es código-fuente project-proposal 20 54
PLAN HRV hr source pending-language-review 20 54
PLAN HTI ht source pending-language-review 20 54
PLAN HUN hu source pending-language-review 20 54
PLAN IDN id source pending-language-review 20 54
PLAN IMN en source project-proposal 20 54
PLAN IND hi मूल-पाठ project-proposal 20 54
PLAN IOT en source project-proposal 20 54
PLAN IRL en source project-proposal 20 54
PLAN IRN fa source pending-language-review 20 54
PLAN IRQ ar النص-المصدري project-proposal 20 54
PLAN ISL is source pending-language-review 20 54
PLAN ISR he source pending-language-review 20 54
PLAN ITA it codice-sorgente project-proposal 20 54
PLAN JAM en source project-proposal 20 54
PLAN JEY en source project-proposal 20 54
PLAN JOR ar النص-المصدري project-proposal 20 54
PLAN JPN ja 原始記述 project-proposal 20 54
PLAN KAZ ru исходный-код project-proposal 20 54
PLAN KEN sw source pending-language-review 20 54
PLAN KGZ ky_Cyrl source pending-language-review 20 54
PLAN KHM km source pending-language-review 20 54
PLAN KIR en source project-proposal 20 54
PLAN KNA en source project-proposal 20 54
PLAN KOR ko 원문 project-proposal 2 16
PLAN KWT ar النص-المصدري project-proposal 20 54
PLAN LAO lo source pending-language-review 20 54
PLAN LBN ar النص-المصدري project-proposal 20 54
PLAN LBR en source project-proposal 20 54
PLAN LBY ar النص-المصدري project-proposal 20 54
PLAN LCA en source project-proposal 20 54
PLAN LIE de Quelltext project-proposal 20 54
PLAN LKA si source pending-language-review 20 54
PLAN LSO st source pending-language-review 20 54
PLAN LTU lt source pending-language-review 20 54
PLAN LUX fr code-source project-proposal 20 54
PLAN LVA lv source pending-language-review 20 54
PLAN MAC zh_Hant 原始碼 project-proposal 20 54
PLAN MAF fr code-source project-proposal 20 54
PLAN MAR ar النص-المصدري project-proposal 20 54
PLAN MCO fr code-source project-proposal 20 54
PLAN MDA ro source pending-language-review 20 54
PLAN MDG mg source pending-language-review 20 54
PLAN MDV dv source pending-language-review 20 54
PLAN MEX es código-fuente project-proposal 20 54
PLAN MHL en source project-proposal 20 54
PLAN MKD mk source pending-language-review 20 54
PLAN MLI fr code-source project-proposal 20 54
PLAN MLT mt source pending-language-review 20 54
PLAN MMR my source pending-language-review 20 54
PLAN MNE sr_Latn source pending-language-review 20 54
PLAN MNG mn_Cyrl source pending-language-review 20 54
PLAN MNP en source project-proposal 20 54
PLAN MOZ pt código-fonte project-proposal 20 54
PLAN MRT ar النص-المصدري project-proposal 20 54
PLAN MSR en source project-proposal 20 54
PLAN MTQ fr code-source project-proposal 20 54
PLAN MUS en source project-proposal 20 54
PLAN MWI en source project-proposal 20 54
PLAN MYS ms_Latn source pending-language-review 20 54
PLAN MYT fr code-source project-proposal 20 54
PLAN NAM en source project-proposal 20 54
PLAN NCL fr code-source project-proposal 20 54
PLAN NER fr code-source project-proposal 20 54
PLAN NFK en source project-proposal 20 54
PLAN NGA en source project-proposal 20 54
PLAN NIC es código-fuente project-proposal 20 54
PLAN NIU en source project-proposal 20 54
PLAN NLD nl source pending-language-review 20 54
PLAN NOR nb source pending-language-review 20 54
PLAN NPL ne source pending-language-review 20 54
PLAN NRU en source project-proposal 20 54
PLAN NZL en source project-proposal 20 54
PLAN OMN ar النص-المصدري project-proposal 20 54
PLAN PAK ur source pending-language-review 20 54
PLAN PAN es código-fuente project-proposal 20 54
PLAN PCN en source project-proposal 20 54
PLAN PER es código-fuente project-proposal 20 54
PLAN PHL en source project-proposal 20 54
PLAN PLW pau source pending-language-review 20 54
PLAN PNG tpi source pending-language-review 20 54
PLAN POL pl source pending-language-review 20 54
PLAN PRI es código-fuente project-proposal 20 54
PLAN PRK ko 원문 project-proposal 2 16
PLAN PRT pt código-fonte project-proposal 20 54
PLAN PRY gn source pending-language-review 20 54
PLAN PSE ar النص-المصدري project-proposal 20 54
PLAN PYF fr code-source project-proposal 20 54
PLAN QAT ar النص-المصدري project-proposal 20 54
PLAN REU fr code-source project-proposal 20 54
PLAN ROU ro source pending-language-review 20 54
PLAN RUS ru исходный-код project-proposal 20 54
PLAN RWA rw source pending-language-review 20 54
PLAN SAU ar النص-المصدري project-proposal 20 54
PLAN SDN ar النص-المصدري project-proposal 20 54
PLAN SEN wo source pending-language-review 20 54
PLAN SGP en source project-proposal 20 54
PLAN SGS und source pending-language-review 20 54
PLAN SHN en source project-proposal 20 54
PLAN SJM nb source pending-language-review 20 54
PLAN SLB en source project-proposal 20 54
PLAN SLE en source project-proposal 20 54
PLAN SLV es código-fuente project-proposal 20 54
PLAN SMR it codice-sorgente project-proposal 20 54
PLAN SOM so source pending-language-review 20 54
PLAN SPM fr code-source project-proposal 20 54
PLAN SRB sr_Cyrl source pending-language-review 20 54
PLAN SSD en source project-proposal 20 54
PLAN STP pt código-fonte project-proposal 20 54
PLAN SUR nl source pending-language-review 20 54
PLAN SVK sk source pending-language-review 20 54
PLAN SVN sl source pending-language-review 20 54
PLAN SWE sv source pending-language-review 20 54
PLAN SWZ en source project-proposal 20 54
PLAN SXM en source project-proposal 20 54
PLAN SYC fr code-source project-proposal 20 54
PLAN SYR ar النص-المصدري project-proposal 20 54
PLAN TCA en source project-proposal 20 54
PLAN TCD fr code-source project-proposal 20 54
PLAN TGO fr code-source project-proposal 20 54
PLAN THA th source pending-language-review 20 54
PLAN TJK tg_Cyrl source pending-language-review 20 54
PLAN TKL en source project-proposal 20 54
PLAN TKM tk_Latn source pending-language-review 20 54
PLAN TLS pt código-fonte project-proposal 20 54
PLAN TON to source pending-language-review 20 54
PLAN TTO en source project-proposal 20 54
PLAN TUN ar النص-المصدري project-proposal 20 54
PLAN TUR tr source pending-language-review 20 54
PLAN TUV tvl source pending-language-review 20 54
PLAN TWN zh_Hant 原始碼 project-proposal 20 54
PLAN TZA sw source pending-language-review 20 54
PLAN UGA sw source pending-language-review 20 54
PLAN UKR uk source pending-language-review 20 54
PLAN UMI en source project-proposal 20 54
PLAN URY es código-fuente project-proposal 20 54
PLAN USA en source project-proposal 20 54
PLAN UZB uz_Latn source pending-language-review 20 54
PLAN VAT it codice-sorgente project-proposal 20 54
PLAN VCT en source project-proposal 20 54
PLAN VEN es código-fuente project-proposal 20 54
PLAN VGB en source project-proposal 20 54
PLAN VIR en source project-proposal 20 54
PLAN VNM vi source pending-language-review 20 54
PLAN VUT bi source pending-language-review 20 54
PLAN WLF fr code-source project-proposal 20 54
PLAN WSM sm source pending-language-review 20 54
PLAN YEM ar النص-المصدري project-proposal 20 54
PLAN ZAF en source project-proposal 20 54
PLAN ZMB en source project-proposal 20 54
PLAN ZWE sn source pending-language-review 20 54
PLAN IND/as_Beng as_Beng source pending-language-review 23 60
PLAN IND/bn_Beng bn_Beng source pending-language-review 23 60
PLAN IND/brx_Deva brx_Deva source pending-language-review 23 60
PLAN IND/doi_Deva doi_Deva source pending-language-review 23 60
PLAN IND/gu_Gujr gu_Gujr source pending-language-review 23 60
PLAN IND/hi_Deva hi_Deva मूल-पाठ project-proposal 23 60
PLAN IND/kn_Knda kn_Knda source pending-language-review 23 60
PLAN IND/ks_Arab ks_Arab source pending-language-review 23 60
PLAN IND/kok_Deva kok_Deva source pending-language-review 23 60
PLAN IND/mai_Deva mai_Deva source pending-language-review 23 60
PLAN IND/ml_Mlym ml_Mlym source pending-language-review 23 60
PLAN IND/mni_Mtei mni_Mtei source pending-language-review 23 60
PLAN IND/mr_Deva mr_Deva source pending-language-review 23 60
PLAN IND/ne_Deva ne_Deva source pending-language-review 23 60
PLAN IND/or_Orya or_Orya source pending-language-review 23 60
PLAN IND/pa_Guru pa_Guru source pending-language-review 23 60
PLAN IND/sa_Deva sa_Deva source pending-language-review 23 60
PLAN IND/sat_Olck sat_Olck source pending-language-review 23 60
PLAN IND/sd_Arab sd_Arab source pending-language-review 23 60
PLAN IND/ta_Taml ta_Taml மூல-உரை project-proposal 23 60
PLAN IND/te_Telu te_Telu source pending-language-review 23 60
PLAN IND/ur_Arab ur_Arab source pending-language-review 23 60
PLAN IND/kok_Latn kok_Latn source pending-language-review 23 60
PLAN IND/ks_Deva ks_Deva source pending-language-review 23 60
PLAN IND/mni_Beng mni_Beng source pending-language-review 23 60
PLAN IND/pa_Arab pa_Arab source pending-language-review 23 60
PLAN IND/sat_Beng sat_Beng source pending-language-review 23 60
PLAN IND/sat_Deva sat_Deva source pending-language-review 23 60
PLAN IND/sd_Deva sd_Deva source pending-language-review 23 60
PLAN JPN/ja_Jpan ja_Jpan 原始記述 project-proposal 23 60
PLAN JPN/ja_Hira ja_Hira げんしきじゅつ project-proposal 23 60
PLAN JPN/ja_Kana ja_Kana ゲンシキジュツ project-proposal 23 60
PLAN CHN/zh_Hans zh_Hans 源代码 project-proposal 23 60
PLAN CHN/zh_Hant zh_Hant 原始碼 project-proposal 23 60
PLAN HKG/zh_Hans zh_Hans 源代码 project-proposal 23 60
PLAN HKG/zh_Hant zh_Hant 原始碼 project-proposal 23 60
PLAN MAC/zh_Hans zh_Hans 源代码 project-proposal 23 60
PLAN MAC/zh_Hant zh_Hant 原始碼 project-proposal 23 60
PLAN TWN/zh_Hans zh_Hans 源代码 project-proposal 23 60
PLAN TWN/zh_Hant zh_Hant 原始碼 project-proposal 23 60
PLAN SRB/sr_Cyrl sr_Cyrl source pending-language-review 23 60
PLAN SRB/sr_Latn sr_Latn source pending-language-review 23 60
PLAN MNE/sr_Cyrl sr_Cyrl source pending-language-review 23 60
PLAN MNE/sr_Latn sr_Latn source pending-language-review 23 60
PLAN BIH/bs_Cyrl bs_Cyrl source pending-language-review 23 60
PLAN BIH/bs_Latn bs_Latn source pending-language-review 23 60
TOTAL 295 editions
