REFRESH BACKUP ABW /tmp/worldos-shell-refresh-backup-8p3586g1
READY ABW 68 private-name proposals
REFRESH BACKUP AFG /tmp/worldos-shell-refresh-backup-3r3crby2
READY AFG 0 private-name proposals
REFRESH BACKUP AGO /tmp/worldos-shell-refresh-backup-c_jjs48a
READY AGO 68 private-name proposals
REFRESH BACKUP AIA /tmp/worldos-shell-refresh-backup-9axih4j_
READY AIA 68 private-name proposals
REFRESH BACKUP ALA /tmp/worldos-shell-refresh-backup-dwvfc28j
READY ALA 68 private-name proposals
REFRESH BACKUP ALB /tmp/worldos-shell-refresh-backup-8119i3p3
READY ALB 0 private-name proposals
REFRESH BACKUP AND /tmp/worldos-shell-refresh-backup-i8jpvt9x
READY AND 0 private-name proposals
REFRESH BACKUP ARE /tmp/worldos-shell-refresh-backup-o70rmzaj
READY ARE 68 private-name proposals
REFRESH BACKUP ARG /tmp/worldos-shell-refresh-backup-1tj3hzlj
READY ARG 68 private-name proposals
REFRESH BACKUP ARM /tmp/worldos-shell-refresh-backup-45uje2l2
READY ARM 0 private-name proposals
REFRESH BACKUP ASM /tmp/worldos-shell-refresh-backup-b4n98x9v
READY ASM 0 private-name proposals
REFRESH BACKUP ATA /tmp/worldos-shell-refresh-backup-wmuu7zi3
READY ATA 0 private-name proposals
REFRESH BACKUP ATF /tmp/worldos-shell-refresh-backup-lfjmna4h
READY ATF 68 private-name proposals
REFRESH BACKUP ATG /tmp/worldos-shell-refresh-backup-og2hswq6
READY ATG 68 private-name proposals
REFRESH BACKUP AUS /tmp/worldos-shell-refresh-backup-bkqzmu90
READY AUS 68 private-name proposals
REFRESH BACKUP AUT /tmp/worldos-shell-refresh-backup-a6jye2if
READY AUT 68 private-name proposals
REFRESH BACKUP AZE /tmp/worldos-shell-refresh-backup-cjer4dpo
READY AZE 0 private-name proposals
REFRESH BACKUP BDI /tmp/worldos-shell-refresh-backup-nbfycp83
READY BDI 0 private-name proposals
REFRESH BACKUP BEL /tmp/worldos-shell-refresh-backup-7wyolvkg
READY BEL 68 private-name proposals
REFRESH BACKUP BEN /tmp/worldos-shell-refresh-backup-2elfmee4
READY BEN 68 private-name proposals
REFRESH BACKUP BES /tmp/worldos-shell-refresh-backup-z0o9nat4
READY BES 68 private-name proposals
REFRESH BACKUP BFA /tmp/worldos-shell-refresh-backup-o1lj7pyb
READY BFA 68 private-name proposals
REFRESH BACKUP BGD /tmp/worldos-shell-refresh-backup-tjq2k2nr
READY BGD 68 private-name proposals
REFRESH BACKUP BGR /tmp/worldos-shell-refresh-backup-jgoldqjz
READY BGR 0 private-name proposals
REFRESH BACKUP BHR /tmp/worldos-shell-refresh-backup-vwxdgyrt
READY BHR 68 private-name proposals
REFRESH BACKUP BHS /tmp/worldos-shell-refresh-backup-unpuq05k
READY BHS 68 private-name proposals
REFRESH BACKUP BIH /tmp/worldos-shell-refresh-backup-oqcsmsyk
READY BIH 0 private-name proposals
REFRESH BACKUP BLM /tmp/worldos-shell-refresh-backup-tzwrkic0
READY BLM 68 private-name proposals
REFRESH BACKUP BLR /tmp/worldos-shell-refresh-backup-v5turp5o
READY BLR 0 private-name proposals
REFRESH BACKUP BLZ /tmp/worldos-shell-refresh-backup-955mm0go
READY BLZ 68 private-name proposals
REFRESH BACKUP BMU /tmp/worldos-shell-refresh-backup-b6d8f7q7
READY BMU 68 private-name proposals
REFRESH BACKUP BOL /tmp/worldos-shell-refresh-backup-mnp1o5tz
READY BOL 68 private-name proposals
REFRESH BACKUP BRA /tmp/worldos-shell-refresh-backup-8wa3zwki
READY BRA 68 private-name proposals
REFRESH BACKUP BRB /tmp/worldos-shell-refresh-backup-rjf94pfx
READY BRB 68 private-name proposals
REFRESH BACKUP BRN /tmp/worldos-shell-refresh-backup-q05xm28e
READY BRN 68 private-name proposals
REFRESH BACKUP BTN /tmp/worldos-shell-refresh-backup-6r41w59m
READY BTN 0 private-name proposals
REFRESH BACKUP BVT /tmp/worldos-shell-refresh-backup-n5c_xonu
READY BVT 0 private-name proposals
REFRESH BACKUP BWA /tmp/worldos-shell-refresh-backup-cnwqy538
READY BWA 68 private-name proposals
REFRESH BACKUP CAF /tmp/worldos-shell-refresh-backup-v5akrpt2
READY CAF 68 private-name proposals
REFRESH BACKUP CAN /tmp/worldos-shell-refresh-backup-vc4n7ceb
READY CAN 68 private-name proposals
REFRESH BACKUP CCK /tmp/worldos-shell-refresh-backup-ypyw8c53
READY CCK 68 private-name proposals
REFRESH BACKUP CHE /tmp/worldos-shell-refresh-backup-m_w4cmym
READY CHE 68 private-name proposals
REFRESH BACKUP CHL /tmp/worldos-shell-refresh-backup-hy8j0o81
READY CHL 68 private-name proposals
REFRESH BACKUP CHN /tmp/worldos-shell-refresh-backup-lmwdlbnr
READY CHN 68 private-name proposals
REFRESH BACKUP CIV /tmp/worldos-shell-refresh-backup-ergtx5p7
READY CIV 68 private-name proposals
REFRESH BACKUP CMR /tmp/worldos-shell-refresh-backup-zb6b44tn
READY CMR 68 private-name proposals
REFRESH BACKUP COD /tmp/worldos-shell-refresh-backup-vw77w0oz
READY COD 68 private-name proposals
REFRESH BACKUP COG /tmp/worldos-shell-refresh-backup-cnouu6k7
READY COG 68 private-name proposals
REFRESH BACKUP COK /tmp/worldos-shell-refresh-backup-bhrx6tt5
READY COK 68 private-name proposals
REFRESH BACKUP COL /tmp/worldos-shell-refresh-backup-jo6usmjh
READY COL 68 private-name proposals
REFRESH BACKUP COM /tmp/worldos-shell-refresh-backup-cco4njn7
READY COM 68 private-name proposals
REFRESH BACKUP CPV /tmp/worldos-shell-refresh-backup-8p866irq
READY CPV 68 private-name proposals
REFRESH BACKUP CRI /tmp/worldos-shell-refresh-backup-dvq5ydbn
READY CRI 68 private-name proposals
REFRESH BACKUP CUB /tmp/worldos-shell-refresh-backup-ez9jd53w
READY CUB 68 private-name proposals
REFRESH BACKUP CUW /tmp/worldos-shell-refresh-backup-dnn0tqcz
READY CUW 0 private-name proposals
REFRESH BACKUP CXR /tmp/worldos-shell-refresh-backup-7bt97pvl
READY CXR 68 private-name proposals
REFRESH BACKUP CYM /tmp/worldos-shell-refresh-backup-vit2fatg
READY CYM 68 private-name proposals
REFRESH BACKUP CYP /tmp/worldos-shell-refresh-backup-9vkdrqm8
READY CYP 0 private-name proposals
REFRESH BACKUP CZE /tmp/worldos-shell-refresh-backup-gx107xcr
READY CZE 68 private-name proposals
REFRESH BACKUP DEU /tmp/worldos-shell-refresh-backup-yetj4ylt
READY DEU 68 private-name proposals
REFRESH BACKUP DJI /tmp/worldos-shell-refresh-backup-75t1a13k
READY DJI 68 private-name proposals
REFRESH BACKUP DMA /tmp/worldos-shell-refresh-backup-1zntlpsq
READY DMA 68 private-name proposals
REFRESH BACKUP DNK /tmp/worldos-shell-refresh-backup-nuklkaow
READY DNK 0 private-name proposals
REFRESH BACKUP DOM /tmp/worldos-shell-refresh-backup-weizfh9v
READY DOM 68 private-name proposals
REFRESH BACKUP DZA /tmp/worldos-shell-refresh-backup-7nuwo2u7
READY DZA 68 private-name proposals
REFRESH BACKUP ECU /tmp/worldos-shell-refresh-backup-vkgnsl0m
READY ECU 68 private-name proposals
REFRESH BACKUP EGY /tmp/worldos-shell-refresh-backup-7fnu6us_
READY EGY 68 private-name proposals
REFRESH BACKUP ERI /tmp/worldos-shell-refresh-backup-a9r8acw4
READY ERI 0 private-name proposals
REFRESH BACKUP ESH /tmp/worldos-shell-refresh-backup-fqkow5ts
READY ESH 68 private-name proposals
REFRESH BACKUP ESP /tmp/worldos-shell-refresh-backup-v5ce5u3w
READY ESP 68 private-name proposals
REFRESH BACKUP EST /tmp/worldos-shell-refresh-backup-xt5guopg
READY EST 0 private-name proposals
REFRESH BACKUP ETH /tmp/worldos-shell-refresh-backup-5jg1xqfw
READY ETH 0 private-name proposals
REFRESH BACKUP FIN /tmp/worldos-shell-refresh-backup-d8iogcbu
READY FIN 68 private-name proposals
REFRESH BACKUP FJI /tmp/worldos-shell-refresh-backup-_j__s4yx
READY FJI 68 private-name proposals
REFRESH BACKUP FLK /tmp/worldos-shell-refresh-backup-ve2z2tpq
READY FLK 68 private-name proposals
REFRESH BACKUP FRA /tmp/worldos-shell-refresh-backup-v1jw_y_9
READY FRA 68 private-name proposals
REFRESH BACKUP FRO /tmp/worldos-shell-refresh-backup-4p4n4zmi
READY FRO 0 private-name proposals
REFRESH BACKUP FSM /tmp/worldos-shell-refresh-backup-xgfpbakg
READY FSM 68 private-name proposals
REFRESH BACKUP GAB /tmp/worldos-shell-refresh-backup-j8iiogh7
READY GAB 68 private-name proposals
REFRESH BACKUP GBR /tmp/worldos-shell-refresh-backup-npfungtx
READY GBR 68 private-name proposals
REFRESH BACKUP GEO /tmp/worldos-shell-refresh-backup-_9bjrjy3
READY GEO 0 private-name proposals
REFRESH BACKUP GGY /tmp/worldos-shell-refresh-backup-2g9aiond
READY GGY 68 private-name proposals
REFRESH BACKUP GHA /tmp/worldos-shell-refresh-backup-ng9d_awo
READY GHA 68 private-name proposals
REFRESH BACKUP GIB /tmp/worldos-shell-refresh-backup-1bhyyu6i
READY GIB 68 private-name proposals
REFRESH BACKUP GIN /tmp/worldos-shell-refresh-backup-2fjuzbih
READY GIN 68 private-name proposals
REFRESH BACKUP GLP /tmp/worldos-shell-refresh-backup-41a3p435
READY GLP 68 private-name proposals
REFRESH BACKUP GMB /tmp/worldos-shell-refresh-backup-83j9ghty
READY GMB 68 private-name proposals
REFRESH BACKUP GNB /tmp/worldos-shell-refresh-backup-li9_zyk0
READY GNB 68 private-name proposals
REFRESH BACKUP GNQ /tmp/worldos-shell-refresh-backup-5w4y9ni5
READY GNQ 68 private-name proposals
REFRESH BACKUP GRC /tmp/worldos-shell-refresh-backup-_t1b7c_b
READY GRC 0 private-name proposals
REFRESH BACKUP GRD /tmp/worldos-shell-refresh-backup-vtz5hxif
READY GRD 68 private-name proposals
REFRESH BACKUP GRL /tmp/worldos-shell-refresh-backup-0qztjs5_
READY GRL 0 private-name proposals
REFRESH BACKUP GTM /tmp/worldos-shell-refresh-backup-qie9ak4k
READY GTM 68 private-name proposals
REFRESH BACKUP GUF /tmp/worldos-shell-refresh-backup-a3ysxrrp
READY GUF 68 private-name proposals
REFRESH BACKUP GUM /tmp/worldos-shell-refresh-backup-b5q0v5c5
READY GUM 68 private-name proposals
REFRESH BACKUP GUY /tmp/worldos-shell-refresh-backup-6ogizked
READY GUY 68 private-name proposals
REFRESH BACKUP HKG /tmp/worldos-shell-refresh-backup-c86ysgip
READY HKG 68 private-name proposals
REFRESH BACKUP HMD /tmp/worldos-shell-refresh-backup-xlfnzj13
READY HMD 0 private-name proposals
REFRESH BACKUP HND /tmp/worldos-shell-refresh-backup-0s5rhqkw
READY HND 68 private-name proposals
REFRESH BACKUP HRV /tmp/worldos-shell-refresh-backup-s9bgf86v
READY HRV 0 private-name proposals
REFRESH BACKUP HTI /tmp/worldos-shell-refresh-backup-9w3c744q
READY HTI 0 private-name proposals
REFRESH BACKUP HUN /tmp/worldos-shell-refresh-backup-8ckxzd92
READY HUN 0 private-name proposals
REFRESH BACKUP IDN /tmp/worldos-shell-refresh-backup-6vbckl9o
READY IDN 68 private-name proposals
REFRESH BACKUP IMN /tmp/worldos-shell-refresh-backup-97__60rt
READY IMN 68 private-name proposals
REFRESH BACKUP IND /tmp/worldos-shell-refresh-backup-5ypnsm2l
READY IND 68 private-name proposals
REFRESH BACKUP IOT /tmp/worldos-shell-refresh-backup-4t_iejkf
READY IOT 68 private-name proposals
REFRESH BACKUP IRL /tmp/worldos-shell-refresh-backup-9h7lpcmy
READY IRL 68 private-name proposals
REFRESH BACKUP IRN /tmp/worldos-shell-refresh-backup-1n0yz4b_
READY IRN 0 private-name proposals
REFRESH BACKUP IRQ /tmp/worldos-shell-refresh-backup-0fh68cy3
READY IRQ 68 private-name proposals
REFRESH BACKUP ISL /tmp/worldos-shell-refresh-backup-y8u8ccrz
READY ISL 0 private-name proposals
REFRESH BACKUP ISR /tmp/worldos-shell-refresh-backup-up8f16lf
READY ISR 0 private-name proposals
REFRESH BACKUP ITA /tmp/worldos-shell-refresh-backup-1q9gpfq0
READY ITA 68 private-name proposals
REFRESH BACKUP JAM /tmp/worldos-shell-refresh-backup-i65v3k9c
READY JAM 68 private-name proposals
REFRESH BACKUP JEY /tmp/worldos-shell-refresh-backup-bcsswyb9
READY JEY 68 private-name proposals
REFRESH BACKUP JOR /tmp/worldos-shell-refresh-backup-5xdurhcj
READY JOR 68 private-name proposals
REFRESH BACKUP JPN /tmp/worldos-shell-refresh-backup-ab4kwr21
READY JPN 68 private-name proposals
REFRESH BACKUP KAZ /tmp/worldos-shell-refresh-backup-0oiqp43k
READY KAZ 68 private-name proposals
REFRESH BACKUP KEN /tmp/worldos-shell-refresh-backup-76z4ui32
READY KEN 0 private-name proposals
REFRESH BACKUP KGZ /tmp/worldos-shell-refresh-backup-21dwtgom
READY KGZ 0 private-name proposals
REFRESH BACKUP KHM /tmp/worldos-shell-refresh-backup-72b7p5tx
READY KHM 0 private-name proposals
REFRESH BACKUP KIR /tmp/worldos-shell-refresh-backup-r97cmh03
READY KIR 68 private-name proposals
REFRESH BACKUP KNA /tmp/worldos-shell-refresh-backup-vqllw5hz
READY KNA 68 private-name proposals
REFRESH BACKUP KOR /tmp/worldos-shell-refresh-backup-e4djz5qo
READY KOR 68 private-name proposals
REFRESH BACKUP KWT /tmp/worldos-shell-refresh-backup-ce_cgf5k
READY KWT 68 private-name proposals
REFRESH BACKUP LAO /tmp/worldos-shell-refresh-backup-4oxip0gi
READY LAO 0 private-name proposals
REFRESH BACKUP LBN /tmp/worldos-shell-refresh-backup-ubgnvze0
READY LBN 68 private-name proposals
REFRESH BACKUP LBR /tmp/worldos-shell-refresh-backup-t5x2uvck
READY LBR 68 private-name proposals
REFRESH BACKUP LBY /tmp/worldos-shell-refresh-backup-8r9ajx6h
READY LBY 68 private-name proposals
REFRESH BACKUP LCA /tmp/worldos-shell-refresh-backup-xbjxq0_0
READY LCA 68 private-name proposals
REFRESH BACKUP LIE /tmp/worldos-shell-refresh-backup-r95j0tuf
READY LIE 68 private-name proposals
REFRESH BACKUP LKA /tmp/worldos-shell-refresh-backup-a5_ok3vn
READY LKA 0 private-name proposals
REFRESH BACKUP LSO /tmp/worldos-shell-refresh-backup-tm73o8p1
READY LSO 0 private-name proposals
REFRESH BACKUP LTU /tmp/worldos-shell-refresh-backup-txjcte06
READY LTU 0 private-name proposals
REFRESH BACKUP LUX /tmp/worldos-shell-refresh-backup-bu_puxcj
READY LUX 68 private-name proposals
REFRESH BACKUP LVA /tmp/worldos-shell-refresh-backup-_uj24wc9
READY LVA 0 private-name proposals
REFRESH BACKUP MAC /tmp/worldos-shell-refresh-backup-sbcqfl00
READY MAC 68 private-name proposals
REFRESH BACKUP MAF /tmp/worldos-shell-refresh-backup-9916ecsz
READY MAF 68 private-name proposals
REFRESH BACKUP MAR /tmp/worldos-shell-refresh-backup-p3_58ykb
READY MAR 68 private-name proposals
REFRESH BACKUP MCO /tmp/worldos-shell-refresh-backup-61lav_vl
READY MCO 68 private-name proposals
REFRESH BACKUP MDA /tmp/worldos-shell-refresh-backup-w8g7zw_i
READY MDA 0 private-name proposals
REFRESH BACKUP MDG /tmp/worldos-shell-refresh-backup-2qlloj5c
READY MDG 0 private-name proposals
REFRESH BACKUP MDV /tmp/worldos-shell-refresh-backup-5mi_8v2d
READY MDV 0 private-name proposals
REFRESH BACKUP MEX /tmp/worldos-shell-refresh-backup-5w364z3y
READY MEX 68 private-name proposals
REFRESH BACKUP MHL /tmp/worldos-shell-refresh-backup-ecbqp7uy
READY MHL 68 private-name proposals
REFRESH BACKUP MKD /tmp/worldos-shell-refresh-backup-21k7_meq
READY MKD 0 private-name proposals
REFRESH BACKUP MLI /tmp/worldos-shell-refresh-backup-opf1sh3p
READY MLI 68 private-name proposals
REFRESH BACKUP MLT /tmp/worldos-shell-refresh-backup-3ixrx0n8
READY MLT 0 private-name proposals
REFRESH BACKUP MMR /tmp/worldos-shell-refresh-backup-z_boyppd
READY MMR 0 private-name proposals
REFRESH BACKUP MNE /tmp/worldos-shell-refresh-backup-qg7jd5yr
READY MNE 0 private-name proposals
REFRESH BACKUP MNG /tmp/worldos-shell-refresh-backup-l365uoom
READY MNG 0 private-name proposals
REFRESH BACKUP MNP /tmp/worldos-shell-refresh-backup-k87tw2st
READY MNP 68 private-name proposals
REFRESH BACKUP MOZ /tmp/worldos-shell-refresh-backup-kdd_bv33
READY MOZ 68 private-name proposals
REFRESH BACKUP MRT /tmp/worldos-shell-refresh-backup-88iya3lm
READY MRT 68 private-name proposals
REFRESH BACKUP MSR /tmp/worldos-shell-refresh-backup-c_47du4f
READY MSR 68 private-name proposals
REFRESH BACKUP MTQ /tmp/worldos-shell-refresh-backup-fa_1ojev
READY MTQ 68 private-name proposals
REFRESH BACKUP MUS /tmp/worldos-shell-refresh-backup-88qvnq8x
READY MUS 68 private-name proposals
REFRESH BACKUP MWI /tmp/worldos-shell-refresh-backup-rooyy5uz
READY MWI 68 private-name proposals
REFRESH BACKUP MYS /tmp/worldos-shell-refresh-backup-aw58et_9
READY MYS 68 private-name proposals
REFRESH BACKUP MYT /tmp/worldos-shell-refresh-backup-pvuadhc_
READY MYT 68 private-name proposals
REFRESH BACKUP NAM /tmp/worldos-shell-refresh-backup-kte7nixk
READY NAM 68 private-name proposals
REFRESH BACKUP NCL /tmp/worldos-shell-refresh-backup-4wv_duik
READY NCL 68 private-name proposals
REFRESH BACKUP NER /tmp/worldos-shell-refresh-backup-ke7ekmbi
READY NER 68 private-name proposals
REFRESH BACKUP NFK /tmp/worldos-shell-refresh-backup-cuktoo1o
READY NFK 68 private-name proposals
REFRESH BACKUP NGA /tmp/worldos-shell-refresh-backup-xsrmhcuw
READY NGA 68 private-name proposals
REFRESH BACKUP NIC /tmp/worldos-shell-refresh-backup-1z31k6wp
READY NIC 68 private-name proposals
REFRESH BACKUP NIU /tmp/worldos-shell-refresh-backup-07xyqw4k
READY NIU 68 private-name proposals
REFRESH BACKUP NLD /tmp/worldos-shell-refresh-backup-1fe0_1ef
READY NLD 68 private-name proposals
REFRESH BACKUP NOR /tmp/worldos-shell-refresh-backup-n1av3yo6
READY NOR 0 private-name proposals
REFRESH BACKUP NPL /tmp/worldos-shell-refresh-backup-k9v0a4u5
READY NPL 0 private-name proposals
REFRESH BACKUP NRU /tmp/worldos-shell-refresh-backup-5wlg_mat
READY NRU 68 private-name proposals
REFRESH BACKUP NZL /tmp/worldos-shell-refresh-backup-59y6op8t
READY NZL 68 private-name proposals
REFRESH BACKUP OMN /tmp/worldos-shell-refresh-backup-is4key98
READY OMN 68 private-name proposals
REFRESH BACKUP PAK /tmp/worldos-shell-refresh-backup-91xa2sf1
READY PAK 68 private-name proposals
REFRESH BACKUP PAN /tmp/worldos-shell-refresh-backup-vxx35y91
READY PAN 68 private-name proposals
REFRESH BACKUP PCN /tmp/worldos-shell-refresh-backup-7_6wv0ed
READY PCN 68 private-name proposals
REFRESH BACKUP PER /tmp/worldos-shell-refresh-backup-gx1rhwae
READY PER 68 private-name proposals
REFRESH BACKUP PHL /tmp/worldos-shell-refresh-backup-f2y09_f0
READY PHL 68 private-name proposals
REFRESH BACKUP PLW /tmp/worldos-shell-refresh-backup-ti_wupw3
READY PLW 0 private-name proposals
REFRESH BACKUP PNG /tmp/worldos-shell-refresh-backup-amgsuzz9
READY PNG 0 private-name proposals
REFRESH BACKUP POL /tmp/worldos-shell-refresh-backup-lg07vbbh
READY POL 68 private-name proposals
REFRESH BACKUP PRI /tmp/worldos-shell-refresh-backup-cbbnk_yw
READY PRI 68 private-name proposals
REFRESH BACKUP PRK /tmp/worldos-shell-refresh-backup-vpre0a02
READY PRK 68 private-name proposals
REFRESH BACKUP PRT /tmp/worldos-shell-refresh-backup-_kylonuh
READY PRT 68 private-name proposals
REFRESH BACKUP PRY /tmp/worldos-shell-refresh-backup-x7k4_s70
READY PRY 0 private-name proposals
REFRESH BACKUP PSE /tmp/worldos-shell-refresh-backup-d3ab_lma
READY PSE 68 private-name proposals
REFRESH BACKUP PYF /tmp/worldos-shell-refresh-backup-jvygnvd0
READY PYF 68 private-name proposals
REFRESH BACKUP QAT /tmp/worldos-shell-refresh-backup-2m_ywf14
READY QAT 68 private-name proposals
REFRESH BACKUP REU /tmp/worldos-shell-refresh-backup-cxyrtz4_
READY REU 68 private-name proposals
REFRESH BACKUP ROU /tmp/worldos-shell-refresh-backup-4yjrek2q
READY ROU 0 private-name proposals
REFRESH BACKUP RUS /tmp/worldos-shell-refresh-backup-bd3kv5uc
READY RUS 68 private-name proposals
REFRESH BACKUP RWA /tmp/worldos-shell-refresh-backup-t4j3loyr
READY RWA 0 private-name proposals
REFRESH BACKUP SAU /tmp/worldos-shell-refresh-backup-27x1tyuu
READY SAU 68 private-name proposals
REFRESH BACKUP SDN /tmp/worldos-shell-refresh-backup-1qch5y_l
READY SDN 68 private-name proposals
REFRESH BACKUP SEN /tmp/worldos-shell-refresh-backup-n25my5tm
READY SEN 0 private-name proposals
REFRESH BACKUP SGP /tmp/worldos-shell-refresh-backup-26a428x7
READY SGP 68 private-name proposals
REFRESH BACKUP SGS /tmp/worldos-shell-refresh-backup-min7o9zd
READY SGS 0 private-name proposals
REFRESH BACKUP SHN /tmp/worldos-shell-refresh-backup-hbuam6fi
READY SHN 68 private-name proposals
REFRESH BACKUP SJM /tmp/worldos-shell-refresh-backup-9abiedfz
READY SJM 0 private-name proposals
REFRESH BACKUP SLB /tmp/worldos-shell-refresh-backup-xi1vrh8m
READY SLB 68 private-name proposals
REFRESH BACKUP SLE /tmp/worldos-shell-refresh-backup-8d9m69r1
READY SLE 68 private-name proposals
REFRESH BACKUP SLV /tmp/worldos-shell-refresh-backup-_l4evciz
READY SLV 68 private-name proposals
REFRESH BACKUP SMR /tmp/worldos-shell-refresh-backup-lupq7fsi
READY SMR 68 private-name proposals
REFRESH BACKUP SOM /tmp/worldos-shell-refresh-backup-6r951dhq
READY SOM 0 private-name proposals
REFRESH BACKUP SPM /tmp/worldos-shell-refresh-backup-_6ve5y5j
READY SPM 68 private-name proposals
REFRESH BACKUP SRB /tmp/worldos-shell-refresh-backup-5pna74qq
READY SRB 0 private-name proposals
REFRESH BACKUP SSD /tmp/worldos-shell-refresh-backup-ckfntyq5
READY SSD 68 private-name proposals
REFRESH BACKUP STP /tmp/worldos-shell-refresh-backup-4ntf8mdj
READY STP 68 private-name proposals
REFRESH BACKUP SUR /tmp/worldos-shell-refresh-backup-d4s98_op
READY SUR 68 private-name proposals
REFRESH BACKUP SVK /tmp/worldos-shell-refresh-backup-3thgs9iu
READY SVK 0 private-name proposals
REFRESH BACKUP SVN /tmp/worldos-shell-refresh-backup-fflq2yid
READY SVN 0 private-name proposals
REFRESH BACKUP SWE /tmp/worldos-shell-refresh-backup-ko5ig10z
READY SWE 68 private-name proposals
REFRESH BACKUP SWZ /tmp/worldos-shell-refresh-backup-v46ykz4a
READY SWZ 68 private-name proposals
REFRESH BACKUP SXM /tmp/worldos-shell-refresh-backup-g3x7i2lo
READY SXM 68 private-name proposals
REFRESH BACKUP SYC /tmp/worldos-shell-refresh-backup-_2j5i_v4
READY SYC 68 private-name proposals
REFRESH BACKUP SYR /tmp/worldos-shell-refresh-backup-i81yi1b6
READY SYR 68 private-name proposals
REFRESH BACKUP TCA /tmp/worldos-shell-refresh-backup-8djo2nps
READY TCA 68 private-name proposals
REFRESH BACKUP TCD /tmp/worldos-shell-refresh-backup-2wwqtkoc
READY TCD 68 private-name proposals
REFRESH BACKUP TGO /tmp/worldos-shell-refresh-backup-3yp2tn66
READY TGO 68 private-name proposals
REFRESH BACKUP THA /tmp/worldos-shell-refresh-backup-zkmd20cg
READY THA 0 private-name proposals
REFRESH BACKUP TJK /tmp/worldos-shell-refresh-backup-qqdtur3w
READY TJK 0 private-name proposals
REFRESH BACKUP TKL /tmp/worldos-shell-refresh-backup-t3sfat_g
READY TKL 68 private-name proposals
REFRESH BACKUP TKM /tmp/worldos-shell-refresh-backup-09z7a7mw
READY TKM 0 private-name proposals
REFRESH BACKUP TLS /tmp/worldos-shell-refresh-backup-j0vuq860
READY TLS 68 private-name proposals
REFRESH BACKUP TON /tmp/worldos-shell-refresh-backup-lmbs1tu2
READY TON 0 private-name proposals
REFRESH BACKUP TTO /tmp/worldos-shell-refresh-backup-w9nzvmbf
READY TTO 68 private-name proposals
REFRESH BACKUP TUN /tmp/worldos-shell-refresh-backup-6ur68k_c
READY TUN 68 private-name proposals
REFRESH BACKUP TUR /tmp/worldos-shell-refresh-backup-1xtg3kgh
READY TUR 68 private-name proposals
REFRESH BACKUP TUV /tmp/worldos-shell-refresh-backup-uuskt04r
READY TUV 0 private-name proposals
REFRESH BACKUP TWN /tmp/worldos-shell-refresh-backup-x0bkxqyy
READY TWN 68 private-name proposals
REFRESH BACKUP TZA /tmp/worldos-shell-refresh-backup-gebn2tlj
READY TZA 0 private-name proposals
REFRESH BACKUP UGA /tmp/worldos-shell-refresh-backup-h19trax3
READY UGA 0 private-name proposals
REFRESH BACKUP UKR /tmp/worldos-shell-refresh-backup-fkm582n2
READY UKR 68 private-name proposals
REFRESH BACKUP UMI /tmp/worldos-shell-refresh-backup-b54onc7s
READY UMI 68 private-name proposals
REFRESH BACKUP URY /tmp/worldos-shell-refresh-backup-lgwy_84i
READY URY 68 private-name proposals
REFRESH BACKUP USA /tmp/worldos-shell-refresh-backup-eo1wldc_
READY USA 68 private-name proposals
REFRESH BACKUP UZB /tmp/worldos-shell-refresh-backup-0vjpz5xp
READY UZB 0 private-name proposals
REFRESH BACKUP VAT /tmp/worldos-shell-refresh-backup-a1o8fvqf
READY VAT 68 private-name proposals
REFRESH BACKUP VCT /tmp/worldos-shell-refresh-backup-gbo1ce7d
READY VCT 68 private-name proposals
REFRESH BACKUP VEN /tmp/worldos-shell-refresh-backup-23d1u494
READY VEN 68 private-name proposals
REFRESH BACKUP VGB /tmp/worldos-shell-refresh-backup-b__dne9b
READY VGB 68 private-name proposals
REFRESH BACKUP VIR /tmp/worldos-shell-refresh-backup-07e5fp9i
READY VIR 68 private-name proposals
REFRESH BACKUP VNM /tmp/worldos-shell-refresh-backup-3dxy4_c_
READY VNM 68 private-name proposals
REFRESH BACKUP VUT /tmp/worldos-shell-refresh-backup-2kd98tbo
READY VUT 0 private-name proposals
REFRESH BACKUP WLF /tmp/worldos-shell-refresh-backup-0bg22kq2
READY WLF 68 private-name proposals
REFRESH BACKUP WSM /tmp/worldos-shell-refresh-backup-24hu11he
READY WSM 0 private-name proposals
REFRESH BACKUP YEM /tmp/worldos-shell-refresh-backup-gb3al91l
READY YEM 68 private-name proposals
REFRESH BACKUP ZAF /tmp/worldos-shell-refresh-backup-a8n0bphs
READY ZAF 68 private-name proposals
REFRESH BACKUP ZMB /tmp/worldos-shell-refresh-backup-9of_1y_y
READY ZMB 68 private-name proposals
REFRESH BACKUP ZWE /tmp/worldos-shell-refresh-backup-ak3ehb42
READY ZWE 0 private-name proposals
REFRESH BACKUP IND/as_Beng /tmp/worldos-shell-refresh-backup-wsx1xa5k
READY IND/as_Beng 0 private-name proposals
REFRESH BACKUP IND/bn_Beng /tmp/worldos-shell-refresh-backup-txme8s9k
READY IND/bn_Beng 68 private-name proposals
REFRESH BACKUP IND/brx_Deva /tmp/worldos-shell-refresh-backup-9empx845
READY IND/brx_Deva 0 private-name proposals
REFRESH BACKUP IND/doi_Deva /tmp/worldos-shell-refresh-backup-q95gq7gf
READY IND/doi_Deva 0 private-name proposals
REFRESH BACKUP IND/gu_Gujr /tmp/worldos-shell-refresh-backup-vi02vngj
READY IND/gu_Gujr 0 private-name proposals
REFRESH BACKUP IND/hi_Deva /tmp/worldos-shell-refresh-backup-kpdqqpnd
READY IND/hi_Deva 68 private-name proposals
REFRESH BACKUP IND/kn_Knda /tmp/worldos-shell-refresh-backup-b65cdpwl
READY IND/kn_Knda 0 private-name proposals
REFRESH BACKUP IND/ks_Arab /tmp/worldos-shell-refresh-backup-an3hs3pw
READY IND/ks_Arab 0 private-name proposals
REFRESH BACKUP IND/kok_Deva /tmp/worldos-shell-refresh-backup-3jqf1i0i
READY IND/kok_Deva 0 private-name proposals
REFRESH BACKUP IND/mai_Deva /tmp/worldos-shell-refresh-backup-7iat72u9
READY IND/mai_Deva 0 private-name proposals
REFRESH BACKUP IND/ml_Mlym /tmp/worldos-shell-refresh-backup-rbfjfyvq
READY IND/ml_Mlym 0 private-name proposals
REFRESH BACKUP IND/mni_Mtei /tmp/worldos-shell-refresh-backup-i1k9c1a1
READY IND/mni_Mtei 0 private-name proposals
REFRESH BACKUP IND/mr_Deva /tmp/worldos-shell-refresh-backup-8y17pvx3
READY IND/mr_Deva 0 private-name proposals
REFRESH BACKUP IND/ne_Deva /tmp/worldos-shell-refresh-backup-sxuyrowz
READY IND/ne_Deva 0 private-name proposals
REFRESH BACKUP IND/or_Orya /tmp/worldos-shell-refresh-backup-mfzj2fag
READY IND/or_Orya 0 private-name proposals
REFRESH BACKUP IND/pa_Guru /tmp/worldos-shell-refresh-backup-j2hdo09w
READY IND/pa_Guru 0 private-name proposals
REFRESH BACKUP IND/sa_Deva /tmp/worldos-shell-refresh-backup-kennlep2
READY IND/sa_Deva 0 private-name proposals
REFRESH BACKUP IND/sat_Olck /tmp/worldos-shell-refresh-backup-gj9zj5un
READY IND/sat_Olck 0 private-name proposals
REFRESH BACKUP IND/sd_Arab /tmp/worldos-shell-refresh-backup-rpu30v86
READY IND/sd_Arab 0 private-name proposals
REFRESH BACKUP IND/ta_Taml /tmp/worldos-shell-refresh-backup-htqovj5p
READY IND/ta_Taml 68 private-name proposals
REFRESH BACKUP IND/te_Telu /tmp/worldos-shell-refresh-backup-vk8z0n6_
READY IND/te_Telu 0 private-name proposals
REFRESH BACKUP IND/ur_Arab /tmp/worldos-shell-refresh-backup-j6o1xp33
READY IND/ur_Arab 68 private-name proposals
REFRESH BACKUP IND/kok_Latn /tmp/worldos-shell-refresh-backup-s5la37zf
READY IND/kok_Latn 0 private-name proposals
REFRESH BACKUP IND/ks_Deva /tmp/worldos-shell-refresh-backup-3tsh4e08
READY IND/ks_Deva 0 private-name proposals
REFRESH BACKUP IND/mni_Beng /tmp/worldos-shell-refresh-backup-tus8850t
READY IND/mni_Beng 0 private-name proposals
REFRESH BACKUP IND/pa_Arab /tmp/worldos-shell-refresh-backup-a0336mk8
READY IND/pa_Arab 0 private-name proposals
REFRESH BACKUP IND/sat_Beng /tmp/worldos-shell-refresh-backup-opylf536
READY IND/sat_Beng 0 private-name proposals
REFRESH BACKUP IND/sat_Deva /tmp/worldos-shell-refresh-backup-m106sabw
READY IND/sat_Deva 0 private-name proposals
REFRESH BACKUP IND/sd_Deva /tmp/worldos-shell-refresh-backup-05x2xcg3
READY IND/sd_Deva 0 private-name proposals
REFRESH BACKUP JPN/ja_Jpan /tmp/worldos-shell-refresh-backup-0jrn_rbq
READY JPN/ja_Jpan 68 private-name proposals
REFRESH BACKUP JPN/ja_Hira /tmp/worldos-shell-refresh-backup-k18iyzqu
READY JPN/ja_Hira 68 private-name proposals
REFRESH BACKUP JPN/ja_Kana /tmp/worldos-shell-refresh-backup-dunfjsbw
READY JPN/ja_Kana 68 private-name proposals
REFRESH BACKUP CHN/zh_Hans /tmp/worldos-shell-refresh-backup-bnf6bs8d
READY CHN/zh_Hans 68 private-name proposals
REFRESH BACKUP CHN/zh_Hant /tmp/worldos-shell-refresh-backup-spn97lte
READY CHN/zh_Hant 68 private-name proposals
REFRESH BACKUP HKG/zh_Hans /tmp/worldos-shell-refresh-backup-a5mn809f
READY HKG/zh_Hans 68 private-name proposals
REFRESH BACKUP HKG/zh_Hant /tmp/worldos-shell-refresh-backup-chgd3od5
READY HKG/zh_Hant 68 private-name proposals
REFRESH BACKUP MAC/zh_Hans /tmp/worldos-shell-refresh-backup-57z7v72i
READY MAC/zh_Hans 68 private-name proposals
REFRESH BACKUP MAC/zh_Hant /tmp/worldos-shell-refresh-backup-4vzjs83l
READY MAC/zh_Hant 68 private-name proposals
REFRESH BACKUP TWN/zh_Hans /tmp/worldos-shell-refresh-backup-26tcg6f_
READY TWN/zh_Hans 68 private-name proposals
REFRESH BACKUP TWN/zh_Hant /tmp/worldos-shell-refresh-backup-q9tgt0x5
READY TWN/zh_Hant 68 private-name proposals
REFRESH BACKUP SRB/sr_Cyrl /tmp/worldos-shell-refresh-backup-7er2gn_m
READY SRB/sr_Cyrl 0 private-name proposals
REFRESH BACKUP SRB/sr_Latn /tmp/worldos-shell-refresh-backup-3j435v53
READY SRB/sr_Latn 0 private-name proposals
REFRESH BACKUP MNE/sr_Cyrl /tmp/worldos-shell-refresh-backup-mg9pjrqn
READY MNE/sr_Cyrl 0 private-name proposals
REFRESH BACKUP MNE/sr_Latn /tmp/worldos-shell-refresh-backup-9ibumeqj
READY MNE/sr_Latn 0 private-name proposals
REFRESH BACKUP BIH/bs_Cyrl /tmp/worldos-shell-refresh-backup-etsqh923
READY BIH/bs_Cyrl 0 private-name proposals
REFRESH BACKUP BIH/bs_Latn /tmp/worldos-shell-refresh-backup-z8upvhkg
READY BIH/bs_Latn 0 private-name proposals
