{
  "date": "2026-09-11",
  "editions": 295,
  "review_status_counts": {
    "pending-language-review": 122,
    "project-proposal": 173
  },
  "english_editions_in_proposal_count": 64,
  "management_roles": 25,
  "initial_paths_renamed": 6002,
  "kernel_and_embedded_userspace_program_files_unchanged": 27730,
  "layout_audit_and_idempotence_passed": 295,
  "posix_builds_passed": 295,
  "shell_builds_passed": 295,
  "unit_tests_passed": 115,
  "kernels_and_isos_rebuilt": [
    "CHN",
    "CHN/zh_Hans",
    "CHN/zh_Hant",
    "DEU",
    "FRA",
    "IND/hi_Deva",
    "IND/ta_Taml",
    "JPN",
    "JPN/ja_Hira",
    "JPN/ja_Kana",
    "KOR",
    "SRB/sr_Cyrl",
    "USA"
  ],
  "posix_guest_cases_passed": 72,
  "posix_guest_editions": [
    "CHN",
    "CHN/zh_Hant",
    "IND/hi_Deva",
    "IND/ta_Taml",
    "JPN/ja_Hira",
    "JPN/ja_Kana",
    "KOR",
    "SRB/sr_Cyrl",
    "USA"
  ],
  "shell_guest_editions_passed": [
    "CHN",
    "CHN/zh_Hans",
    "CHN/zh_Hant",
    "DEU",
    "FRA",
    "IND/hi_Deva",
    "IND/ta_Taml",
    "JPN",
    "JPN/ja_Hira",
    "JPN/ja_Kana",
    "KOR",
    "SRB/sr_Cyrl",
    "USA"
  ],
  "initial_guest_failures": [],
  "same_artifact_retry_directories": [],
  "backup": "/tmp/worldos-layout-backup-avnx9jq3",
  "original_test_disks_unchanged": true,
  "existing_VirtualBox_VM_state_or_media_modified": false,
  "all_languages_fully_translated": false,
  "native_speaker_review_complete": false,
  "scope": "management paths and their consumers, not source-program renaming or document-body translation"
}
