READY IND as_Beng 104 files
READY IND bn_Beng 104 files
READY IND brx_Deva 104 files
READY IND doi_Deva 104 files
READY IND gu_Gujr 104 files
READY IND hi_Deva 104 files
READY IND kn_Knda 104 files
READY IND ks_Arab 104 files
READY IND kok_Deva 104 files
READY IND mai_Deva 104 files
READY IND ml_Mlym 104 files
READY IND mni_Mtei 104 files
READY IND mr_Deva 104 files
READY IND ne_Deva 104 files
READY IND or_Orya 104 files
READY IND pa_Guru 104 files
READY IND sa_Deva 104 files
READY IND sat_Olck 104 files
READY IND sd_Arab 104 files
READY IND ta_Taml 104 files
READY IND te_Telu 104 files
READY IND ur_Arab 104 files
READY IND kok_Latn 104 files
READY IND ks_Deva 104 files
READY IND mni_Beng 104 files
READY IND pa_Arab 104 files
READY IND sat_Beng 104 files
READY IND sat_Deva 104 files
READY IND sd_Deva 104 files
READY JPN ja_Jpan 104 files
READY JPN ja_Hira 104 files
READY JPN ja_Kana 104 files
READY CHN zh_Hans 104 files
READY CHN zh_Hant 104 files
READY HKG zh_Hans 104 files
READY HKG zh_Hant 104 files
READY MAC zh_Hans 104 files
READY MAC zh_Hant 104 files
READY TWN zh_Hans 104 files
READY TWN zh_Hant 104 files
READY SRB sr_Cyrl 104 files
READY SRB sr_Latn 104 files
READY MNE sr_Cyrl 104 files
READY MNE sr_Latn 104 files
READY BIH bs_Cyrl 104 files
READY BIH bs_Latn 104 files
