PASS AFG audit/build 0 guest cases
PASS AIA audit/build 0 guest cases
PASS AGO audit/build 0 guest cases
PASS ABW audit/build 0 guest cases
PASS ALA audit/build 0 guest cases
PASS AND audit/build 0 guest cases
PASS ALB audit/build 0 guest cases
PASS ARE audit/build 0 guest cases
PASS ARG audit/build 0 guest cases
PASS ASM audit/build 0 guest cases
PASS ARM audit/build 0 guest cases
PASS ATA audit/build 0 guest cases
PASS ATF audit/build 0 guest cases
PASS ATG audit/build 0 guest cases
PASS AUT audit/build 0 guest cases
PASS AUS audit/build 0 guest cases
PASS AZE audit/build 0 guest cases
PASS BDI audit/build 0 guest cases
PASS BEL audit/build 0 guest cases
PASS BEN audit/build 0 guest cases
PASS BFA audit/build 0 guest cases
PASS BES audit/build 0 guest cases
PASS BGD audit/build 0 guest cases
PASS BGR audit/build 0 guest cases
PASS BHS audit/build 0 guest cases
PASS BHR audit/build 0 guest cases
PASS BIH audit/build 0 guest cases
PASS BLM audit/build 0 guest cases
PASS BLR audit/build 0 guest cases
PASS BLZ audit/build 0 guest cases
PASS BMU audit/build 0 guest cases
PASS BOL audit/build 0 guest cases
PASS BRA audit/build 0 guest cases
PASS BRB audit/build 0 guest cases
PASS BRN audit/build 0 guest cases
PASS BTN audit/build 0 guest cases
PASS BVT audit/build 0 guest cases
PASS CAF audit/build 0 guest cases
PASS BWA audit/build 0 guest cases
PASS CAN audit/build 0 guest cases
PASS CCK audit/build 0 guest cases
PASS CHE audit/build 0 guest cases
PASS CHL audit/build 0 guest cases
PASS CHN audit/build 0 guest cases
PASS CIV audit/build 0 guest cases
PASS CMR audit/build 0 guest cases
PASS COD audit/build 0 guest cases
PASS COG audit/build 0 guest cases
PASS COK audit/build 0 guest cases
PASS COL audit/build 0 guest cases
PASS COM audit/build 0 guest cases
PASS CPV audit/build 0 guest cases
PASS CRI audit/build 0 guest cases
PASS CUW audit/build 0 guest cases
PASS CUB audit/build 0 guest cases
PASS CXR audit/build 0 guest cases
PASS CYM audit/build 0 guest cases
PASS CZE audit/build 0 guest cases
PASS CYP audit/build 0 guest cases
PASS DEU audit/build 0 guest cases
PASS DNK audit/build 0 guest cases
PASS DJI audit/build 0 guest cases
PASS DMA audit/build 0 guest cases
PASS DOM audit/build 0 guest cases
PASS DZA audit/build 0 guest cases
PASS EGY audit/build 0 guest cases
PASS ERI audit/build 0 guest cases
PASS ECU audit/build 0 guest cases
PASS ESH audit/build 0 guest cases
PASS EST audit/build 0 guest cases
PASS ESP audit/build 0 guest cases
PASS ETH audit/build 0 guest cases
PASS FIN audit/build 0 guest cases
PASS FLK audit/build 0 guest cases
PASS FRA audit/build 0 guest cases
PASS FJI audit/build 0 guest cases
PASS FRO audit/build 0 guest cases
PASS GBR audit/build 0 guest cases
PASS GAB audit/build 0 guest cases
PASS FSM audit/build 0 guest cases
PASS GEO audit/build 0 guest cases
PASS GHA audit/build 0 guest cases
PASS GGY audit/build 0 guest cases
PASS GIB audit/build 0 guest cases
PASS GIN audit/build 0 guest cases
PASS GLP audit/build 0 guest cases
PASS GMB audit/build 0 guest cases
PASS GNB audit/build 0 guest cases
PASS GNQ audit/build 0 guest cases
PASS GRC audit/build 0 guest cases
PASS GRD audit/build 0 guest cases
PASS GRL audit/build 0 guest cases
PASS GTM audit/build 0 guest cases
PASS GUM audit/build 0 guest cases
PASS GUF audit/build 0 guest cases
PASS GUY audit/build 0 guest cases
PASS HKG audit/build 0 guest cases
PASS HND audit/build 0 guest cases
PASS HRV audit/build 0 guest cases
PASS HMD audit/build 0 guest cases
PASS HTI audit/build 0 guest cases
PASS IDN audit/build 0 guest cases
PASS HUN audit/build 0 guest cases
PASS IMN audit/build 0 guest cases
PASS IND audit/build 0 guest cases
PASS IOT audit/build 0 guest cases
PASS IRN audit/build 0 guest cases
PASS IRL audit/build 0 guest cases
PASS IRQ audit/build 0 guest cases
PASS ISL audit/build 0 guest cases
PASS ISR audit/build 0 guest cases
PASS ITA audit/build 0 guest cases
PASS JAM audit/build 0 guest cases
PASS JEY audit/build 0 guest cases
PASS JOR audit/build 0 guest cases
PASS JPN audit/build 0 guest cases
PASS KAZ audit/build 0 guest cases
PASS KEN audit/build 0 guest cases
PASS KGZ audit/build 0 guest cases
PASS KHM audit/build 0 guest cases
PASS KIR audit/build 0 guest cases
PASS KOR audit/build 0 guest cases
PASS KNA audit/build 0 guest cases
PASS KWT audit/build 0 guest cases
PASS LAO audit/build 0 guest cases
PASS LBN audit/build 0 guest cases
PASS LBR audit/build 0 guest cases
PASS LBY audit/build 0 guest cases
PASS LCA audit/build 0 guest cases
PASS LIE audit/build 0 guest cases
PASS LKA audit/build 0 guest cases
PASS LSO audit/build 0 guest cases
PASS LTU audit/build 0 guest cases
PASS LUX audit/build 0 guest cases
PASS MAC audit/build 0 guest cases
PASS LVA audit/build 0 guest cases
PASS MAF audit/build 0 guest cases
PASS MAR audit/build 0 guest cases
PASS MCO audit/build 0 guest cases
PASS MDA audit/build 0 guest cases
PASS MDG audit/build 0 guest cases
PASS MDV audit/build 0 guest cases
PASS MEX audit/build 0 guest cases
PASS MHL audit/build 0 guest cases
PASS MKD audit/build 0 guest cases
PASS MLI audit/build 0 guest cases
PASS MLT audit/build 0 guest cases
PASS MMR audit/build 0 guest cases
PASS MNE audit/build 0 guest cases
PASS MNG audit/build 0 guest cases
PASS MNP audit/build 0 guest cases
PASS MOZ audit/build 0 guest cases
PASS MRT audit/build 0 guest cases
PASS MSR audit/build 0 guest cases
PASS MTQ audit/build 0 guest cases
PASS MUS audit/build 0 guest cases
PASS MWI audit/build 0 guest cases
PASS MYS audit/build 0 guest cases
PASS MYT audit/build 0 guest cases
PASS NAM audit/build 0 guest cases
PASS NCL audit/build 0 guest cases
PASS NER audit/build 0 guest cases
PASS NFK audit/build 0 guest cases
PASS NGA audit/build 0 guest cases
PASS NIC audit/build 0 guest cases
PASS NIU audit/build 0 guest cases
PASS NLD audit/build 0 guest cases
PASS NOR audit/build 0 guest cases
PASS NPL audit/build 0 guest cases
PASS NRU audit/build 0 guest cases
PASS NZL audit/build 0 guest cases
PASS OMN audit/build 0 guest cases
PASS PAK audit/build 0 guest cases
PASS PAN audit/build 0 guest cases
PASS PCN audit/build 0 guest cases
PASS PER audit/build 0 guest cases
PASS PHL audit/build 0 guest cases
PASS PLW audit/build 0 guest cases
PASS PNG audit/build 0 guest cases
PASS POL audit/build 0 guest cases
PASS PRI audit/build 0 guest cases
PASS PRK audit/build 0 guest cases
PASS PRT audit/build 0 guest cases
PASS PRY audit/build 0 guest cases
PASS PSE audit/build 0 guest cases
PASS QAT audit/build 0 guest cases
PASS PYF audit/build 0 guest cases
PASS REU audit/build 0 guest cases
PASS ROU audit/build 0 guest cases
PASS RUS audit/build 0 guest cases
PASS RWA audit/build 0 guest cases
PASS SDN audit/build 0 guest cases
PASS SAU audit/build 0 guest cases
PASS SGP audit/build 0 guest cases
PASS SEN audit/build 0 guest cases
PASS SGS audit/build 0 guest cases
PASS SHN audit/build 0 guest cases
PASS SJM audit/build 0 guest cases
PASS SLB audit/build 0 guest cases
PASS SLE audit/build 0 guest cases
PASS SLV audit/build 0 guest cases
PASS SMR audit/build 0 guest cases
PASS SOM audit/build 0 guest cases
PASS SPM audit/build 0 guest cases
PASS SRB audit/build 0 guest cases
PASS SSD audit/build 0 guest cases
PASS STP audit/build 0 guest cases
PASS SUR audit/build 0 guest cases
PASS SVK audit/build 0 guest cases
PASS SVN audit/build 0 guest cases
PASS SWE audit/build 0 guest cases
PASS SXM audit/build 0 guest cases
PASS SWZ audit/build 0 guest cases
PASS SYC audit/build 0 guest cases
PASS SYR audit/build 0 guest cases
PASS TCA audit/build 0 guest cases
PASS TCD audit/build 0 guest cases
PASS TGO audit/build 0 guest cases
PASS THA audit/build 0 guest cases
PASS TJK audit/build 0 guest cases
PASS TKL audit/build 0 guest cases
PASS TKM audit/build 0 guest cases
PASS TLS audit/build 0 guest cases
PASS TON audit/build 0 guest cases
PASS TTO audit/build 0 guest cases
PASS TUN audit/build 0 guest cases
PASS TUR audit/build 0 guest cases
PASS TWN audit/build 0 guest cases
PASS TUV audit/build 0 guest cases
PASS TZA audit/build 0 guest cases
PASS UGA audit/build 0 guest cases
PASS UMI audit/build 0 guest cases
PASS UKR audit/build 0 guest cases
PASS URY audit/build 0 guest cases
PASS USA audit/build 0 guest cases
PASS UZB audit/build 0 guest cases
PASS VAT audit/build 0 guest cases
PASS VCT audit/build 0 guest cases
PASS VEN audit/build 0 guest cases
PASS VIR audit/build 0 guest cases
PASS VGB audit/build 0 guest cases
PASS VNM audit/build 0 guest cases
PASS VUT audit/build 0 guest cases
PASS WLF audit/build 0 guest cases
PASS WSM audit/build 0 guest cases
PASS YEM audit/build 0 guest cases
PASS ZAF audit/build 0 guest cases
PASS ZMB audit/build 0 guest cases
PASS ZWE audit/build 0 guest cases
PASS IND/as_Beng audit/build 0 guest cases
PASS IND/bn_Beng audit/build 0 guest cases
PASS IND/brx_Deva audit/build 0 guest cases
PASS IND/doi_Deva audit/build 0 guest cases
PASS IND/gu_Gujr audit/build 0 guest cases
PASS IND/hi_Deva audit/build 0 guest cases
PASS IND/ks_Arab audit/build 0 guest cases
PASS IND/kn_Knda audit/build 0 guest cases
PASS IND/kok_Deva audit/build 0 guest cases
PASS IND/mai_Deva audit/build 0 guest cases
PASS IND/ml_Mlym audit/build 0 guest cases
PASS IND/mni_Mtei audit/build 0 guest cases
PASS IND/mr_Deva audit/build 0 guest cases
PASS IND/ne_Deva audit/build 0 guest cases
PASS IND/or_Orya audit/build 0 guest cases
PASS IND/pa_Guru audit/build 0 guest cases
PASS IND/sa_Deva audit/build 0 guest cases
PASS IND/sat_Olck audit/build 0 guest cases
PASS IND/sd_Arab audit/build 0 guest cases
PASS IND/ta_Taml audit/build 0 guest cases
PASS IND/te_Telu audit/build 0 guest cases
PASS IND/ur_Arab audit/build 0 guest cases
PASS IND/kok_Latn audit/build 0 guest cases
PASS IND/ks_Deva audit/build 0 guest cases
PASS IND/mni_Beng audit/build 0 guest cases
PASS IND/pa_Arab audit/build 0 guest cases
PASS IND/sat_Beng audit/build 0 guest cases
PASS IND/sat_Deva audit/build 0 guest cases
PASS IND/sd_Deva audit/build 0 guest cases
PASS JPN/ja_Jpan audit/build 0 guest cases
PASS JPN/ja_Hira audit/build 0 guest cases
PASS JPN/ja_Kana audit/build 0 guest cases
PASS CHN/zh_Hans audit/build 0 guest cases
PASS CHN/zh_Hant audit/build 0 guest cases
PASS HKG/zh_Hans audit/build 0 guest cases
PASS MAC/zh_Hans audit/build 0 guest cases
PASS HKG/zh_Hant audit/build 0 guest cases
PASS MAC/zh_Hant audit/build 0 guest cases
PASS TWN/zh_Hans audit/build 0 guest cases
PASS TWN/zh_Hant audit/build 0 guest cases
PASS SRB/sr_Cyrl audit/build 0 guest cases
PASS SRB/sr_Latn audit/build 0 guest cases
PASS MNE/sr_Cyrl audit/build 0 guest cases
PASS BIH/bs_Cyrl audit/build 0 guest cases
PASS MNE/sr_Latn audit/build 0 guest cases
PASS BIH/bs_Latn audit/build 0 guest cases
