REFRESH BACKUP ABW /tmp/worldos-posix-refresh-backup-5xiyvr3p
INSTALLED ABW 4 / 107 function names
REFRESH BACKUP AFG /tmp/worldos-posix-refresh-backup-mwp9d9rl
INSTALLED AFG 4 / 107 function names
REFRESH BACKUP AGO /tmp/worldos-posix-refresh-backup-u5l_em4o
INSTALLED AGO 49 / 107 function names
REFRESH BACKUP AIA /tmp/worldos-posix-refresh-backup-n8xf0iex
INSTALLED AIA 107 / 107 function names
REFRESH BACKUP ALA /tmp/worldos-posix-refresh-backup-w1lx2x8d
INSTALLED ALA 4 / 107 function names
REFRESH BACKUP ALB /tmp/worldos-posix-refresh-backup-myty47nh
INSTALLED ALB 4 / 107 function names
REFRESH BACKUP AND /tmp/worldos-posix-refresh-backup-j9qn5vkv
INSTALLED AND 4 / 107 function names
REFRESH BACKUP ARE /tmp/worldos-posix-refresh-backup-08idmkuy
INSTALLED ARE 49 / 107 function names
REFRESH BACKUP ARG /tmp/worldos-posix-refresh-backup-pwtf33h9
INSTALLED ARG 49 / 107 function names
REFRESH BACKUP ARM /tmp/worldos-posix-refresh-backup-r_pvpnbk
INSTALLED ARM 4 / 107 function names
REFRESH BACKUP ASM /tmp/worldos-posix-refresh-backup-5pngwowf
INSTALLED ASM 2 / 107 function names
REFRESH BACKUP ATA /tmp/worldos-posix-refresh-backup-xady2fnc
INSTALLED ATA 0 / 107 function names
REFRESH BACKUP ATF /tmp/worldos-posix-refresh-backup-mvwjyxxy
INSTALLED ATF 49 / 107 function names
REFRESH BACKUP ATG /tmp/worldos-posix-refresh-backup-_vt8heq1
INSTALLED ATG 107 / 107 function names
REFRESH BACKUP AUS /tmp/worldos-posix-refresh-backup-fj3lu32o
INSTALLED AUS 107 / 107 function names
REFRESH BACKUP AUT /tmp/worldos-posix-refresh-backup-gnq9647h
INSTALLED AUT 49 / 107 function names
REFRESH BACKUP AZE /tmp/worldos-posix-refresh-backup-4g13ftx0
INSTALLED AZE 4 / 107 function names
REFRESH BACKUP BDI /tmp/worldos-posix-refresh-backup-_das_7ma
INSTALLED BDI 2 / 107 function names
REFRESH BACKUP BEL /tmp/worldos-posix-refresh-backup-9yydmfji
INSTALLED BEL 4 / 107 function names
REFRESH BACKUP BEN /tmp/worldos-posix-refresh-backup-f5o6ie0w
INSTALLED BEN 49 / 107 function names
REFRESH BACKUP BES /tmp/worldos-posix-refresh-backup-z30k3cgw
INSTALLED BES 4 / 107 function names
REFRESH BACKUP BFA /tmp/worldos-posix-refresh-backup-22qw2h2b
INSTALLED BFA 49 / 107 function names
REFRESH BACKUP BGD /tmp/worldos-posix-refresh-backup-vclo5yxl
INSTALLED BGD 2 / 107 function names
REFRESH BACKUP BGR /tmp/worldos-posix-refresh-backup-j_puv6dw
INSTALLED BGR 4 / 107 function names
REFRESH BACKUP BHR /tmp/worldos-posix-refresh-backup-kgi5snws
INSTALLED BHR 49 / 107 function names
REFRESH BACKUP BHS /tmp/worldos-posix-refresh-backup-_xz4b554
INSTALLED BHS 107 / 107 function names
REFRESH BACKUP BIH /tmp/worldos-posix-refresh-backup-ru_8ztxw
INSTALLED BIH 4 / 107 function names
REFRESH BACKUP BLM /tmp/worldos-posix-refresh-backup-wlpxfjpm
INSTALLED BLM 49 / 107 function names
REFRESH BACKUP BLR /tmp/worldos-posix-refresh-backup-7bmz6swa
INSTALLED BLR 4 / 107 function names
REFRESH BACKUP BLZ /tmp/worldos-posix-refresh-backup-90nzz_dq
INSTALLED BLZ 107 / 107 function names
REFRESH BACKUP BMU /tmp/worldos-posix-refresh-backup-s8pk0s5g
INSTALLED BMU 107 / 107 function names
REFRESH BACKUP BOL /tmp/worldos-posix-refresh-backup-lp0ycush
INSTALLED BOL 49 / 107 function names
REFRESH BACKUP BRA /tmp/worldos-posix-refresh-backup-8x0m5ghl
INSTALLED BRA 49 / 107 function names
REFRESH BACKUP BRB /tmp/worldos-posix-refresh-backup-nxfvm82c
INSTALLED BRB 107 / 107 function names
REFRESH BACKUP BRN /tmp/worldos-posix-refresh-backup-w7fr_hc0
INSTALLED BRN 4 / 107 function names
REFRESH BACKUP BTN /tmp/worldos-posix-refresh-backup-s_ykqqrw
INSTALLED BTN 2 / 107 function names
REFRESH BACKUP BVT /tmp/worldos-posix-refresh-backup-0ss_n0f5
INSTALLED BVT 0 / 107 function names
REFRESH BACKUP BWA /tmp/worldos-posix-refresh-backup-tws078c0
INSTALLED BWA 107 / 107 function names
REFRESH BACKUP CAF /tmp/worldos-posix-refresh-backup-6oo4f3h3
INSTALLED CAF 49 / 107 function names
REFRESH BACKUP CAN /tmp/worldos-posix-refresh-backup-0a0q0apc
INSTALLED CAN 107 / 107 function names
REFRESH BACKUP CCK /tmp/worldos-posix-refresh-backup-rua0dof9
INSTALLED CCK 107 / 107 function names
REFRESH BACKUP CHE /tmp/worldos-posix-refresh-backup-h_iicf9q
INSTALLED CHE 49 / 107 function names
REFRESH BACKUP CHL /tmp/worldos-posix-refresh-backup-nxpq7dmj
INSTALLED CHL 49 / 107 function names
REFRESH BACKUP CHN /tmp/worldos-posix-refresh-backup-9sjs4mlg
INSTALLED CHN 107 / 107 function names
REFRESH BACKUP CIV /tmp/worldos-posix-refresh-backup-u2jk1fht
INSTALLED CIV 49 / 107 function names
REFRESH BACKUP CMR /tmp/worldos-posix-refresh-backup-byfutam0
INSTALLED CMR 49 / 107 function names
REFRESH BACKUP COD /tmp/worldos-posix-refresh-backup-_18lvx9j
INSTALLED COD 49 / 107 function names
REFRESH BACKUP COG /tmp/worldos-posix-refresh-backup-13sewmmd
INSTALLED COG 49 / 107 function names
REFRESH BACKUP COK /tmp/worldos-posix-refresh-backup-05qllj1i
INSTALLED COK 107 / 107 function names
REFRESH BACKUP COL /tmp/worldos-posix-refresh-backup-qn6t6fxm
INSTALLED COL 49 / 107 function names
REFRESH BACKUP COM /tmp/worldos-posix-refresh-backup-45i45141
INSTALLED COM 49 / 107 function names
REFRESH BACKUP CPV /tmp/worldos-posix-refresh-backup-0fyfbgq0
INSTALLED CPV 49 / 107 function names
REFRESH BACKUP CRI /tmp/worldos-posix-refresh-backup-bnhj78gv
INSTALLED CRI 49 / 107 function names
REFRESH BACKUP CUB /tmp/worldos-posix-refresh-backup-0m7bky2x
INSTALLED CUB 49 / 107 function names
REFRESH BACKUP CUW /tmp/worldos-posix-refresh-backup-wa4_sch3
INSTALLED CUW 2 / 107 function names
REFRESH BACKUP CXR /tmp/worldos-posix-refresh-backup-9d4lmo92
INSTALLED CXR 107 / 107 function names
REFRESH BACKUP CYM /tmp/worldos-posix-refresh-backup-wp_jphvs
INSTALLED CYM 107 / 107 function names
REFRESH BACKUP CYP /tmp/worldos-posix-refresh-backup-01amsq8i
INSTALLED CYP 4 / 107 function names
REFRESH BACKUP CZE /tmp/worldos-posix-refresh-backup-i6_2z2mh
INSTALLED CZE 4 / 107 function names
REFRESH BACKUP DEU /tmp/worldos-posix-refresh-backup-0squo8n2
INSTALLED DEU 49 / 107 function names
REFRESH BACKUP DJI /tmp/worldos-posix-refresh-backup-o3s7dftp
INSTALLED DJI 49 / 107 function names
REFRESH BACKUP DMA /tmp/worldos-posix-refresh-backup-cjziy7j_
INSTALLED DMA 107 / 107 function names
REFRESH BACKUP DNK /tmp/worldos-posix-refresh-backup-_ej4_bjv
INSTALLED DNK 4 / 107 function names
REFRESH BACKUP DOM /tmp/worldos-posix-refresh-backup-d9kt8xi1
INSTALLED DOM 49 / 107 function names
REFRESH BACKUP DZA /tmp/worldos-posix-refresh-backup-2x4kux9m
INSTALLED DZA 49 / 107 function names
REFRESH BACKUP ECU /tmp/worldos-posix-refresh-backup-wdo311ea
INSTALLED ECU 49 / 107 function names
REFRESH BACKUP EGY /tmp/worldos-posix-refresh-backup-v2k7s16l
INSTALLED EGY 49 / 107 function names
REFRESH BACKUP ERI /tmp/worldos-posix-refresh-backup-sc5cci2b
INSTALLED ERI 2 / 107 function names
REFRESH BACKUP ESH /tmp/worldos-posix-refresh-backup-mwhoqslx
INSTALLED ESH 49 / 107 function names
REFRESH BACKUP ESP /tmp/worldos-posix-refresh-backup-noak2en3
INSTALLED ESP 49 / 107 function names
REFRESH BACKUP EST /tmp/worldos-posix-refresh-backup-mdyhm47b
INSTALLED EST 4 / 107 function names
REFRESH BACKUP ETH /tmp/worldos-posix-refresh-backup-fsurhm0b
INSTALLED ETH 4 / 107 function names
REFRESH BACKUP FIN /tmp/worldos-posix-refresh-backup-4gjp1kfh
INSTALLED FIN 4 / 107 function names
REFRESH BACKUP FJI /tmp/worldos-posix-refresh-backup-b_ds8u9p
INSTALLED FJI 107 / 107 function names
REFRESH BACKUP FLK /tmp/worldos-posix-refresh-backup-85md5iwz
INSTALLED FLK 107 / 107 function names
REFRESH BACKUP FRA /tmp/worldos-posix-refresh-backup-584xr81i
INSTALLED FRA 49 / 107 function names
REFRESH BACKUP FRO /tmp/worldos-posix-refresh-backup-c0v64owy
INSTALLED FRO 2 / 107 function names
REFRESH BACKUP FSM /tmp/worldos-posix-refresh-backup-uyb26clg
INSTALLED FSM 107 / 107 function names
REFRESH BACKUP GAB /tmp/worldos-posix-refresh-backup-rwbc0im_
INSTALLED GAB 49 / 107 function names
REFRESH BACKUP GBR /tmp/worldos-posix-refresh-backup-wbvmgo60
INSTALLED GBR 107 / 107 function names
REFRESH BACKUP GEO /tmp/worldos-posix-refresh-backup-ryty29cf
INSTALLED GEO 4 / 107 function names
REFRESH BACKUP GGY /tmp/worldos-posix-refresh-backup-voowo4mw
INSTALLED GGY 107 / 107 function names
REFRESH BACKUP GHA /tmp/worldos-posix-refresh-backup-u4b7iuv_
INSTALLED GHA 107 / 107 function names
REFRESH BACKUP GIB /tmp/worldos-posix-refresh-backup-frbq95jl
INSTALLED GIB 107 / 107 function names
REFRESH BACKUP GIN /tmp/worldos-posix-refresh-backup-p28s8g_s
INSTALLED GIN 49 / 107 function names
REFRESH BACKUP GLP /tmp/worldos-posix-refresh-backup-sptz5zr0
INSTALLED GLP 49 / 107 function names
REFRESH BACKUP GMB /tmp/worldos-posix-refresh-backup-kh1kgmbs
INSTALLED GMB 107 / 107 function names
REFRESH BACKUP GNB /tmp/worldos-posix-refresh-backup-gllztewk
INSTALLED GNB 49 / 107 function names
REFRESH BACKUP GNQ /tmp/worldos-posix-refresh-backup-o70ovufs
INSTALLED GNQ 49 / 107 function names
REFRESH BACKUP GRC /tmp/worldos-posix-refresh-backup-cckepexc
INSTALLED GRC 4 / 107 function names
REFRESH BACKUP GRD /tmp/worldos-posix-refresh-backup-x80cqru4
INSTALLED GRD 107 / 107 function names
REFRESH BACKUP GRL /tmp/worldos-posix-refresh-backup-3euu0s32
INSTALLED GRL 2 / 107 function names
REFRESH BACKUP GTM /tmp/worldos-posix-refresh-backup-18xlrria
INSTALLED GTM 49 / 107 function names
REFRESH BACKUP GUF /tmp/worldos-posix-refresh-backup-rpiuq6g3
INSTALLED GUF 49 / 107 function names
REFRESH BACKUP GUM /tmp/worldos-posix-refresh-backup-q1qx_fzb
INSTALLED GUM 107 / 107 function names
REFRESH BACKUP GUY /tmp/worldos-posix-refresh-backup-v77ba6jb
INSTALLED GUY 107 / 107 function names
REFRESH BACKUP HKG /tmp/worldos-posix-refresh-backup-3t_zo7o_
INSTALLED HKG 107 / 107 function names
REFRESH BACKUP HMD /tmp/worldos-posix-refresh-backup-n_t1phw4
INSTALLED HMD 0 / 107 function names
REFRESH BACKUP HND /tmp/worldos-posix-refresh-backup-txahg52g
INSTALLED HND 49 / 107 function names
REFRESH BACKUP HRV /tmp/worldos-posix-refresh-backup-6la45zxe
INSTALLED HRV 4 / 107 function names
REFRESH BACKUP HTI /tmp/worldos-posix-refresh-backup-c15j29nz
INSTALLED HTI 2 / 107 function names
REFRESH BACKUP HUN /tmp/worldos-posix-refresh-backup-h9_af5q6
INSTALLED HUN 4 / 107 function names
REFRESH BACKUP IDN /tmp/worldos-posix-refresh-backup-rwpuarvl
INSTALLED IDN 4 / 107 function names
REFRESH BACKUP IMN /tmp/worldos-posix-refresh-backup-vhwgyudh
INSTALLED IMN 107 / 107 function names
REFRESH BACKUP IND /tmp/worldos-posix-refresh-backup-zlhdvta8
INSTALLED IND 49 / 107 function names
REFRESH BACKUP IOT /tmp/worldos-posix-refresh-backup-iv1dsjg7
INSTALLED IOT 107 / 107 function names
REFRESH BACKUP IRL /tmp/worldos-posix-refresh-backup-dymd7j9x
INSTALLED IRL 107 / 107 function names
REFRESH BACKUP IRN /tmp/worldos-posix-refresh-backup-oex897vn
INSTALLED IRN 4 / 107 function names
REFRESH BACKUP IRQ /tmp/worldos-posix-refresh-backup-6e2836q_
INSTALLED IRQ 49 / 107 function names
REFRESH BACKUP ISL /tmp/worldos-posix-refresh-backup-e0jq2kb1
INSTALLED ISL 4 / 107 function names
REFRESH BACKUP ISR /tmp/worldos-posix-refresh-backup-fliweb16
INSTALLED ISR 4 / 107 function names
REFRESH BACKUP ITA /tmp/worldos-posix-refresh-backup-4j4u6lz2
INSTALLED ITA 4 / 107 function names
REFRESH BACKUP JAM /tmp/worldos-posix-refresh-backup-3hv6hibd
INSTALLED JAM 107 / 107 function names
REFRESH BACKUP JEY /tmp/worldos-posix-refresh-backup-t46iukyf
INSTALLED JEY 107 / 107 function names
REFRESH BACKUP JOR /tmp/worldos-posix-refresh-backup-62031ggt
INSTALLED JOR 49 / 107 function names
REFRESH BACKUP JPN /tmp/worldos-posix-refresh-backup-0uf2i58c
INSTALLED JPN 107 / 107 function names
REFRESH BACKUP KAZ /tmp/worldos-posix-refresh-backup-8ib467uh
INSTALLED KAZ 49 / 107 function names
REFRESH BACKUP KEN /tmp/worldos-posix-refresh-backup-34zjfsdk
INSTALLED KEN 2 / 107 function names
REFRESH BACKUP KGZ /tmp/worldos-posix-refresh-backup-_c08lm6s
INSTALLED KGZ 4 / 107 function names
REFRESH BACKUP KHM /tmp/worldos-posix-refresh-backup-f8m6c6pi
INSTALLED KHM 2 / 107 function names
REFRESH BACKUP KIR /tmp/worldos-posix-refresh-backup-5n9or1ug
INSTALLED KIR 107 / 107 function names
REFRESH BACKUP KNA /tmp/worldos-posix-refresh-backup-9o468fwr
INSTALLED KNA 107 / 107 function names
REFRESH BACKUP KOR /tmp/worldos-posix-refresh-backup-cscrdue5
INSTALLED KOR 107 / 107 function names
REFRESH BACKUP KWT /tmp/worldos-posix-refresh-backup-tp00l2y3
INSTALLED KWT 49 / 107 function names
REFRESH BACKUP LAO /tmp/worldos-posix-refresh-backup-x3uk9geq
INSTALLED LAO 2 / 107 function names
REFRESH BACKUP LBN /tmp/worldos-posix-refresh-backup-t87_x9uv
INSTALLED LBN 49 / 107 function names
REFRESH BACKUP LBR /tmp/worldos-posix-refresh-backup-6ho91_ls
INSTALLED LBR 107 / 107 function names
REFRESH BACKUP LBY /tmp/worldos-posix-refresh-backup-ennnviy6
INSTALLED LBY 49 / 107 function names
REFRESH BACKUP LCA /tmp/worldos-posix-refresh-backup-r7pcvzi5
INSTALLED LCA 107 / 107 function names
REFRESH BACKUP LIE /tmp/worldos-posix-refresh-backup-2rg035bg
INSTALLED LIE 49 / 107 function names
REFRESH BACKUP LKA /tmp/worldos-posix-refresh-backup-y1qa1h0h
INSTALLED LKA 2 / 107 function names
REFRESH BACKUP LSO /tmp/worldos-posix-refresh-backup-wjldoi2f
INSTALLED LSO 2 / 107 function names
REFRESH BACKUP LTU /tmp/worldos-posix-refresh-backup-au5bhkoy
INSTALLED LTU 4 / 107 function names
REFRESH BACKUP LUX /tmp/worldos-posix-refresh-backup-mm_99bzg
INSTALLED LUX 49 / 107 function names
REFRESH BACKUP LVA /tmp/worldos-posix-refresh-backup-7dg0y3vu
INSTALLED LVA 4 / 107 function names
REFRESH BACKUP MAC /tmp/worldos-posix-refresh-backup-64n4o97g
INSTALLED MAC 107 / 107 function names
REFRESH BACKUP MAF /tmp/worldos-posix-refresh-backup-i9iyryc9
INSTALLED MAF 49 / 107 function names
REFRESH BACKUP MAR /tmp/worldos-posix-refresh-backup-u_ugd84v
INSTALLED MAR 49 / 107 function names
REFRESH BACKUP MCO /tmp/worldos-posix-refresh-backup-rx155ph5
INSTALLED MCO 49 / 107 function names
REFRESH BACKUP MDA /tmp/worldos-posix-refresh-backup-qtx16pmm
INSTALLED MDA 4 / 107 function names
REFRESH BACKUP MDG /tmp/worldos-posix-refresh-backup-bnag9kmu
INSTALLED MDG 4 / 107 function names
REFRESH BACKUP MDV /tmp/worldos-posix-refresh-backup-i0uybs2v
INSTALLED MDV 2 / 107 function names
REFRESH BACKUP MEX /tmp/worldos-posix-refresh-backup-ob5bux00
INSTALLED MEX 49 / 107 function names
REFRESH BACKUP MHL /tmp/worldos-posix-refresh-backup-64s2e3s5
INSTALLED MHL 107 / 107 function names
REFRESH BACKUP MKD /tmp/worldos-posix-refresh-backup-9p5bt382
INSTALLED MKD 4 / 107 function names
REFRESH BACKUP MLI /tmp/worldos-posix-refresh-backup-wtp_k3tc
INSTALLED MLI 49 / 107 function names
REFRESH BACKUP MLT /tmp/worldos-posix-refresh-backup-bpvxrij0
INSTALLED MLT 2 / 107 function names
REFRESH BACKUP MMR /tmp/worldos-posix-refresh-backup-i0ktek6o
INSTALLED MMR 2 / 107 function names
REFRESH BACKUP MNE /tmp/worldos-posix-refresh-backup-aziy6cal
INSTALLED MNE 4 / 107 function names
REFRESH BACKUP MNG /tmp/worldos-posix-refresh-backup-phr4ne3h
INSTALLED MNG 4 / 107 function names
REFRESH BACKUP MNP /tmp/worldos-posix-refresh-backup-lmtb3v41
INSTALLED MNP 107 / 107 function names
REFRESH BACKUP MOZ /tmp/worldos-posix-refresh-backup-8il0bjt4
INSTALLED MOZ 49 / 107 function names
REFRESH BACKUP MRT /tmp/worldos-posix-refresh-backup-s4xs5zq8
INSTALLED MRT 49 / 107 function names
REFRESH BACKUP MSR /tmp/worldos-posix-refresh-backup-6fmw72b4
INSTALLED MSR 107 / 107 function names
REFRESH BACKUP MTQ /tmp/worldos-posix-refresh-backup-6_mkh2xm
INSTALLED MTQ 49 / 107 function names
REFRESH BACKUP MUS /tmp/worldos-posix-refresh-backup-j57eioxh
INSTALLED MUS 107 / 107 function names
REFRESH BACKUP MWI /tmp/worldos-posix-refresh-backup-cb0ofz0i
INSTALLED MWI 107 / 107 function names
REFRESH BACKUP MYS /tmp/worldos-posix-refresh-backup-s5nhc1cz
INSTALLED MYS 4 / 107 function names
REFRESH BACKUP MYT /tmp/worldos-posix-refresh-backup-k2mx65nb
INSTALLED MYT 49 / 107 function names
REFRESH BACKUP NAM /tmp/worldos-posix-refresh-backup-3bdf8clh
INSTALLED NAM 107 / 107 function names
REFRESH BACKUP NCL /tmp/worldos-posix-refresh-backup-z2tobd9i
INSTALLED NCL 49 / 107 function names
REFRESH BACKUP NER /tmp/worldos-posix-refresh-backup-om7wqp16
INSTALLED NER 49 / 107 function names
REFRESH BACKUP NFK /tmp/worldos-posix-refresh-backup-beqqwbin
INSTALLED NFK 107 / 107 function names
REFRESH BACKUP NGA /tmp/worldos-posix-refresh-backup-r6f1wum6
INSTALLED NGA 107 / 107 function names
REFRESH BACKUP NIC /tmp/worldos-posix-refresh-backup-lffwhut_
INSTALLED NIC 49 / 107 function names
REFRESH BACKUP NIU /tmp/worldos-posix-refresh-backup-gdxdcgrj
INSTALLED NIU 107 / 107 function names
REFRESH BACKUP NLD /tmp/worldos-posix-refresh-backup-6r9gubk3
INSTALLED NLD 4 / 107 function names
REFRESH BACKUP NOR /tmp/worldos-posix-refresh-backup-6h7jcmoz
INSTALLED NOR 4 / 107 function names
REFRESH BACKUP NPL /tmp/worldos-posix-refresh-backup-y0uku81b
INSTALLED NPL 2 / 107 function names
REFRESH BACKUP NRU /tmp/worldos-posix-refresh-backup-lh75sbl4
INSTALLED NRU 107 / 107 function names
REFRESH BACKUP NZL /tmp/worldos-posix-refresh-backup-vg6imnwq
INSTALLED NZL 107 / 107 function names
REFRESH BACKUP OMN /tmp/worldos-posix-refresh-backup-6_vk0cwb
INSTALLED OMN 49 / 107 function names
REFRESH BACKUP PAK /tmp/worldos-posix-refresh-backup-oxtici45
INSTALLED PAK 4 / 107 function names
REFRESH BACKUP PAN /tmp/worldos-posix-refresh-backup-ojn33yqf
INSTALLED PAN 49 / 107 function names
REFRESH BACKUP PCN /tmp/worldos-posix-refresh-backup-xue74v_y
INSTALLED PCN 107 / 107 function names
REFRESH BACKUP PER /tmp/worldos-posix-refresh-backup-nngiwtt9
INSTALLED PER 49 / 107 function names
REFRESH BACKUP PHL /tmp/worldos-posix-refresh-backup-oj78c25w
INSTALLED PHL 107 / 107 function names
REFRESH BACKUP PLW /tmp/worldos-posix-refresh-backup-8_bvzyfe
INSTALLED PLW 2 / 107 function names
REFRESH BACKUP PNG /tmp/worldos-posix-refresh-backup-esj4pcl7
INSTALLED PNG 2 / 107 function names
REFRESH BACKUP POL /tmp/worldos-posix-refresh-backup-rgyvznft
INSTALLED POL 4 / 107 function names
REFRESH BACKUP PRI /tmp/worldos-posix-refresh-backup-6ian3h6m
INSTALLED PRI 49 / 107 function names
REFRESH BACKUP PRK /tmp/worldos-posix-refresh-backup-ggdzcsm2
INSTALLED PRK 107 / 107 function names
REFRESH BACKUP PRT /tmp/worldos-posix-refresh-backup-fkdooh10
INSTALLED PRT 49 / 107 function names
REFRESH BACKUP PRY /tmp/worldos-posix-refresh-backup-ey_hl19b
INSTALLED PRY 2 / 107 function names
REFRESH BACKUP PSE /tmp/worldos-posix-refresh-backup-9x1vb0ww
INSTALLED PSE 49 / 107 function names
REFRESH BACKUP PYF /tmp/worldos-posix-refresh-backup-sb7g7cth
INSTALLED PYF 49 / 107 function names
REFRESH BACKUP QAT /tmp/worldos-posix-refresh-backup-8y4gowgu
INSTALLED QAT 49 / 107 function names
REFRESH BACKUP REU /tmp/worldos-posix-refresh-backup-2jpfs78u
INSTALLED REU 49 / 107 function names
REFRESH BACKUP ROU /tmp/worldos-posix-refresh-backup-7j3luj72
INSTALLED ROU 4 / 107 function names
REFRESH BACKUP RUS /tmp/worldos-posix-refresh-backup-93h6ehx7
INSTALLED RUS 49 / 107 function names
REFRESH BACKUP RWA /tmp/worldos-posix-refresh-backup-529c83uh
INSTALLED RWA 4 / 107 function names
REFRESH BACKUP SAU /tmp/worldos-posix-refresh-backup-fgnmeal_
INSTALLED SAU 49 / 107 function names
REFRESH BACKUP SDN /tmp/worldos-posix-refresh-backup-tkd9j05o
INSTALLED SDN 49 / 107 function names
REFRESH BACKUP SEN /tmp/worldos-posix-refresh-backup-50mnx0_b
INSTALLED SEN 2 / 107 function names
REFRESH BACKUP SGP /tmp/worldos-posix-refresh-backup-p5o843_w
INSTALLED SGP 107 / 107 function names
REFRESH BACKUP SGS /tmp/worldos-posix-refresh-backup-oquklz3a
INSTALLED SGS 0 / 107 function names
REFRESH BACKUP SHN /tmp/worldos-posix-refresh-backup-t6xv2gik
INSTALLED SHN 107 / 107 function names
REFRESH BACKUP SJM /tmp/worldos-posix-refresh-backup-asujsyzs
INSTALLED SJM 4 / 107 function names
REFRESH BACKUP SLB /tmp/worldos-posix-refresh-backup-dlszjij7
INSTALLED SLB 107 / 107 function names
REFRESH BACKUP SLE /tmp/worldos-posix-refresh-backup-pwx5sn4b
INSTALLED SLE 107 / 107 function names
REFRESH BACKUP SLV /tmp/worldos-posix-refresh-backup-2nxkkm_w
INSTALLED SLV 49 / 107 function names
REFRESH BACKUP SMR /tmp/worldos-posix-refresh-backup-5va04_aa
INSTALLED SMR 4 / 107 function names
REFRESH BACKUP SOM /tmp/worldos-posix-refresh-backup-kad0l89c
INSTALLED SOM 2 / 107 function names
REFRESH BACKUP SPM /tmp/worldos-posix-refresh-backup-v80za3h2
INSTALLED SPM 49 / 107 function names
REFRESH BACKUP SRB /tmp/worldos-posix-refresh-backup-emscbn45
INSTALLED SRB 4 / 107 function names
REFRESH BACKUP SSD /tmp/worldos-posix-refresh-backup-fgc1irka
INSTALLED SSD 107 / 107 function names
REFRESH BACKUP STP /tmp/worldos-posix-refresh-backup-q90zmt4k
INSTALLED STP 49 / 107 function names
REFRESH BACKUP SUR /tmp/worldos-posix-refresh-backup-94jpc8h5
INSTALLED SUR 4 / 107 function names
REFRESH BACKUP SVK /tmp/worldos-posix-refresh-backup-eg23404z
INSTALLED SVK 4 / 107 function names
REFRESH BACKUP SVN /tmp/worldos-posix-refresh-backup-j1cb9nkj
INSTALLED SVN 4 / 107 function names
REFRESH BACKUP SWE /tmp/worldos-posix-refresh-backup-8dm6zc6b
INSTALLED SWE 4 / 107 function names
REFRESH BACKUP SWZ /tmp/worldos-posix-refresh-backup-po_r_92m
INSTALLED SWZ 107 / 107 function names
REFRESH BACKUP SXM /tmp/worldos-posix-refresh-backup-qn7jd6rd
INSTALLED SXM 107 / 107 function names
REFRESH BACKUP SYC /tmp/worldos-posix-refresh-backup-pckdsp8s
INSTALLED SYC 49 / 107 function names
REFRESH BACKUP SYR /tmp/worldos-posix-refresh-backup-ql99pcr5
INSTALLED SYR 49 / 107 function names
REFRESH BACKUP TCA /tmp/worldos-posix-refresh-backup-5brjouri
INSTALLED TCA 107 / 107 function names
REFRESH BACKUP TCD /tmp/worldos-posix-refresh-backup-4otcl97q
INSTALLED TCD 49 / 107 function names
REFRESH BACKUP TGO /tmp/worldos-posix-refresh-backup-1bmbip8_
INSTALLED TGO 49 / 107 function names
REFRESH BACKUP THA /tmp/worldos-posix-refresh-backup-fwxqc4ft
INSTALLED THA 2 / 107 function names
REFRESH BACKUP TJK /tmp/worldos-posix-refresh-backup-de536t2q
INSTALLED TJK 4 / 107 function names
REFRESH BACKUP TKL /tmp/worldos-posix-refresh-backup-31syxek8
INSTALLED TKL 107 / 107 function names
REFRESH BACKUP TKM /tmp/worldos-posix-refresh-backup-un9niv0v
INSTALLED TKM 4 / 107 function names
REFRESH BACKUP TLS /tmp/worldos-posix-refresh-backup-zdezu7kv
INSTALLED TLS 49 / 107 function names
REFRESH BACKUP TON /tmp/worldos-posix-refresh-backup-o4uy0xo3
INSTALLED TON 2 / 107 function names
REFRESH BACKUP TTO /tmp/worldos-posix-refresh-backup-d1vjgpzd
INSTALLED TTO 107 / 107 function names
REFRESH BACKUP TUN /tmp/worldos-posix-refresh-backup-iop54upj
INSTALLED TUN 49 / 107 function names
REFRESH BACKUP TUR /tmp/worldos-posix-refresh-backup-kt56e3iq
INSTALLED TUR 4 / 107 function names
REFRESH BACKUP TUV /tmp/worldos-posix-refresh-backup-xp3hhznl
INSTALLED TUV 2 / 107 function names
REFRESH BACKUP TWN /tmp/worldos-posix-refresh-backup-jj8m1mmo
INSTALLED TWN 107 / 107 function names
REFRESH BACKUP TZA /tmp/worldos-posix-refresh-backup-tl0e34gl
INSTALLED TZA 2 / 107 function names
REFRESH BACKUP UGA /tmp/worldos-posix-refresh-backup-_8fcabe8
INSTALLED UGA 2 / 107 function names
REFRESH BACKUP UKR /tmp/worldos-posix-refresh-backup-luaxf8ju
INSTALLED UKR 4 / 107 function names
REFRESH BACKUP UMI /tmp/worldos-posix-refresh-backup-o7ldvjuj
INSTALLED UMI 107 / 107 function names
REFRESH BACKUP URY /tmp/worldos-posix-refresh-backup-zacnnbq3
INSTALLED URY 49 / 107 function names
REFRESH BACKUP USA /tmp/worldos-posix-refresh-backup-9pbnyftq
INSTALLED USA 107 / 107 function names
REFRESH BACKUP UZB /tmp/worldos-posix-refresh-backup-r4lrufla
INSTALLED UZB 4 / 107 function names
REFRESH BACKUP VAT /tmp/worldos-posix-refresh-backup-cbchtfbn
INSTALLED VAT 4 / 107 function names
REFRESH BACKUP VCT /tmp/worldos-posix-refresh-backup-qlcjkfji
INSTALLED VCT 107 / 107 function names
REFRESH BACKUP VEN /tmp/worldos-posix-refresh-backup-xx6bjffc
INSTALLED VEN 49 / 107 function names
REFRESH BACKUP VGB /tmp/worldos-posix-refresh-backup-ax4uhrsz
INSTALLED VGB 107 / 107 function names
REFRESH BACKUP VIR /tmp/worldos-posix-refresh-backup-fzh7hd6m
INSTALLED VIR 107 / 107 function names
REFRESH BACKUP VNM /tmp/worldos-posix-refresh-backup-l1fu24_h
INSTALLED VNM 4 / 107 function names
REFRESH BACKUP VUT /tmp/worldos-posix-refresh-backup-y7chmq2b
INSTALLED VUT 2 / 107 function names
REFRESH BACKUP WLF /tmp/worldos-posix-refresh-backup-su3zrz3s
INSTALLED WLF 49 / 107 function names
REFRESH BACKUP WSM /tmp/worldos-posix-refresh-backup-q4h33kpy
INSTALLED WSM 2 / 107 function names
REFRESH BACKUP YEM /tmp/worldos-posix-refresh-backup-rwiypai9
INSTALLED YEM 49 / 107 function names
REFRESH BACKUP ZAF /tmp/worldos-posix-refresh-backup-qv29fykx
INSTALLED ZAF 107 / 107 function names
REFRESH BACKUP ZMB /tmp/worldos-posix-refresh-backup-5ej1u276
INSTALLED ZMB 107 / 107 function names
REFRESH BACKUP ZWE /tmp/worldos-posix-refresh-backup-mq2w9cgu
INSTALLED ZWE 2 / 107 function names
REFRESH BACKUP IND/as_Beng /tmp/worldos-posix-refresh-backup-3_6bez5m
INSTALLED IND/as_Beng 2 / 107 function names
REFRESH BACKUP IND/bn_Beng /tmp/worldos-posix-refresh-backup-gyk0701x
INSTALLED IND/bn_Beng 2 / 107 function names
REFRESH BACKUP IND/brx_Deva /tmp/worldos-posix-refresh-backup-jg_py5u8
INSTALLED IND/brx_Deva 2 / 107 function names
REFRESH BACKUP IND/doi_Deva /tmp/worldos-posix-refresh-backup-wjr8gef5
INSTALLED IND/doi_Deva 2 / 107 function names
REFRESH BACKUP IND/gu_Gujr /tmp/worldos-posix-refresh-backup-yggr_ij9
INSTALLED IND/gu_Gujr 2 / 107 function names
REFRESH BACKUP IND/hi_Deva /tmp/worldos-posix-refresh-backup-4pbynfgl
INSTALLED IND/hi_Deva 49 / 107 function names
REFRESH BACKUP IND/kn_Knda /tmp/worldos-posix-refresh-backup-18i3yi8j
INSTALLED IND/kn_Knda 2 / 107 function names
REFRESH BACKUP IND/ks_Arab /tmp/worldos-posix-refresh-backup-o4rex06p
INSTALLED IND/ks_Arab 2 / 107 function names
REFRESH BACKUP IND/kok_Deva /tmp/worldos-posix-refresh-backup-n7vf3i2z
INSTALLED IND/kok_Deva 2 / 107 function names
REFRESH BACKUP IND/mai_Deva /tmp/worldos-posix-refresh-backup-wfs2_4bv
INSTALLED IND/mai_Deva 2 / 107 function names
REFRESH BACKUP IND/ml_Mlym /tmp/worldos-posix-refresh-backup-ran0ke40
INSTALLED IND/ml_Mlym 2 / 107 function names
REFRESH BACKUP IND/mni_Mtei /tmp/worldos-posix-refresh-backup-06pir6ji
INSTALLED IND/mni_Mtei 2 / 107 function names
REFRESH BACKUP IND/mr_Deva /tmp/worldos-posix-refresh-backup-yasjr8qw
INSTALLED IND/mr_Deva 2 / 107 function names
REFRESH BACKUP IND/ne_Deva /tmp/worldos-posix-refresh-backup-3las821k
INSTALLED IND/ne_Deva 2 / 107 function names
REFRESH BACKUP IND/or_Orya /tmp/worldos-posix-refresh-backup-0oewp2p6
INSTALLED IND/or_Orya 2 / 107 function names
REFRESH BACKUP IND/pa_Guru /tmp/worldos-posix-refresh-backup-invb5noa
INSTALLED IND/pa_Guru 2 / 107 function names
REFRESH BACKUP IND/sa_Deva /tmp/worldos-posix-refresh-backup-10y7uv1u
INSTALLED IND/sa_Deva 2 / 107 function names
REFRESH BACKUP IND/sat_Olck /tmp/worldos-posix-refresh-backup-sygxrxlz
INSTALLED IND/sat_Olck 2 / 107 function names
REFRESH BACKUP IND/sd_Arab /tmp/worldos-posix-refresh-backup-3mjbckc2
INSTALLED IND/sd_Arab 2 / 107 function names
REFRESH BACKUP IND/ta_Taml /tmp/worldos-posix-refresh-backup-mglqr3ir
INSTALLED IND/ta_Taml 49 / 107 function names
REFRESH BACKUP IND/te_Telu /tmp/worldos-posix-refresh-backup-qniggdjn
INSTALLED IND/te_Telu 2 / 107 function names
REFRESH BACKUP IND/ur_Arab /tmp/worldos-posix-refresh-backup-j_rt482m
INSTALLED IND/ur_Arab 2 / 107 function names
REFRESH BACKUP IND/kok_Latn /tmp/worldos-posix-refresh-backup-t05nm_ic
INSTALLED IND/kok_Latn 2 / 107 function names
REFRESH BACKUP IND/ks_Deva /tmp/worldos-posix-refresh-backup-23fbuelq
INSTALLED IND/ks_Deva 2 / 107 function names
REFRESH BACKUP IND/mni_Beng /tmp/worldos-posix-refresh-backup-bm6uu39z
INSTALLED IND/mni_Beng 2 / 107 function names
REFRESH BACKUP IND/pa_Arab /tmp/worldos-posix-refresh-backup-obuwg4gh
INSTALLED IND/pa_Arab 2 / 107 function names
REFRESH BACKUP IND/sat_Beng /tmp/worldos-posix-refresh-backup-o4mxyt6l
INSTALLED IND/sat_Beng 2 / 107 function names
REFRESH BACKUP IND/sat_Deva /tmp/worldos-posix-refresh-backup-u_i0f8nw
INSTALLED IND/sat_Deva 2 / 107 function names
REFRESH BACKUP IND/sd_Deva /tmp/worldos-posix-refresh-backup-w3fudk0r
INSTALLED IND/sd_Deva 2 / 107 function names
REFRESH BACKUP JPN/ja_Jpan /tmp/worldos-posix-refresh-backup-d19bny62
INSTALLED JPN/ja_Jpan 107 / 107 function names
REFRESH BACKUP JPN/ja_Hira /tmp/worldos-posix-refresh-backup-l7nnbwgd
INSTALLED JPN/ja_Hira 107 / 107 function names
REFRESH BACKUP JPN/ja_Kana /tmp/worldos-posix-refresh-backup-yss7emdo
INSTALLED JPN/ja_Kana 107 / 107 function names
REFRESH BACKUP CHN/zh_Hans /tmp/worldos-posix-refresh-backup-cx2jdfy6
INSTALLED CHN/zh_Hans 107 / 107 function names
REFRESH BACKUP CHN/zh_Hant /tmp/worldos-posix-refresh-backup-vvgxt4dj
INSTALLED CHN/zh_Hant 107 / 107 function names
REFRESH BACKUP HKG/zh_Hans /tmp/worldos-posix-refresh-backup-pefg__73
INSTALLED HKG/zh_Hans 107 / 107 function names
REFRESH BACKUP HKG/zh_Hant /tmp/worldos-posix-refresh-backup-g_l4yc6p
INSTALLED HKG/zh_Hant 107 / 107 function names
REFRESH BACKUP MAC/zh_Hans /tmp/worldos-posix-refresh-backup-alvq3fdq
INSTALLED MAC/zh_Hans 107 / 107 function names
REFRESH BACKUP MAC/zh_Hant /tmp/worldos-posix-refresh-backup-7qifhtxt
INSTALLED MAC/zh_Hant 107 / 107 function names
REFRESH BACKUP TWN/zh_Hans /tmp/worldos-posix-refresh-backup-izym2aln
INSTALLED TWN/zh_Hans 107 / 107 function names
REFRESH BACKUP TWN/zh_Hant /tmp/worldos-posix-refresh-backup-vjwh1swu
INSTALLED TWN/zh_Hant 107 / 107 function names
REFRESH BACKUP SRB/sr_Cyrl /tmp/worldos-posix-refresh-backup-_5wx7a3f
INSTALLED SRB/sr_Cyrl 4 / 107 function names
REFRESH BACKUP SRB/sr_Latn /tmp/worldos-posix-refresh-backup-7znx1leu
INSTALLED SRB/sr_Latn 4 / 107 function names
REFRESH BACKUP MNE/sr_Cyrl /tmp/worldos-posix-refresh-backup-ihzy8m90
INSTALLED MNE/sr_Cyrl 4 / 107 function names
REFRESH BACKUP MNE/sr_Latn /tmp/worldos-posix-refresh-backup-4t9_krgw
INSTALLED MNE/sr_Latn 4 / 107 function names
REFRESH BACKUP BIH/bs_Cyrl /tmp/worldos-posix-refresh-backup-p_1xwse5
INSTALLED BIH/bs_Cyrl 4 / 107 function names
REFRESH BACKUP BIH/bs_Latn /tmp/worldos-posix-refresh-backup-3ytyf_zs
INSTALLED BIH/bs_Latn 4 / 107 function names
