REFRESH BACKUP ABW /tmp/worldos-posix-refresh-backup-7gem0s23
INSTALLED ABW 4 / 107 function names
REFRESH BACKUP AFG /tmp/worldos-posix-refresh-backup-wblmuj9l
INSTALLED AFG 4 / 107 function names
REFRESH BACKUP AGO /tmp/worldos-posix-refresh-backup-0jlrbql1
INSTALLED AGO 49 / 107 function names
REFRESH BACKUP AIA /tmp/worldos-posix-refresh-backup-2f17l8rx
INSTALLED AIA 107 / 107 function names
REFRESH BACKUP ALA /tmp/worldos-posix-refresh-backup-sv_5ldlm
INSTALLED ALA 4 / 107 function names
REFRESH BACKUP ALB /tmp/worldos-posix-refresh-backup-i_cg7qmf
INSTALLED ALB 4 / 107 function names
REFRESH BACKUP AND /tmp/worldos-posix-refresh-backup-lt3ye1vk
INSTALLED AND 4 / 107 function names
REFRESH BACKUP ARE /tmp/worldos-posix-refresh-backup-l8ijy6ci
INSTALLED ARE 49 / 107 function names
REFRESH BACKUP ARG /tmp/worldos-posix-refresh-backup-oks1vj77
INSTALLED ARG 49 / 107 function names
REFRESH BACKUP ARM /tmp/worldos-posix-refresh-backup-cxeyv8va
INSTALLED ARM 4 / 107 function names
REFRESH BACKUP ASM /tmp/worldos-posix-refresh-backup-h6btz18h
INSTALLED ASM 2 / 107 function names
REFRESH BACKUP ATA /tmp/worldos-posix-refresh-backup-556ev2sp
INSTALLED ATA 0 / 107 function names
REFRESH BACKUP ATF /tmp/worldos-posix-refresh-backup-fadc5qx4
INSTALLED ATF 49 / 107 function names
REFRESH BACKUP ATG /tmp/worldos-posix-refresh-backup-enzv046z
INSTALLED ATG 107 / 107 function names
REFRESH BACKUP AUS /tmp/worldos-posix-refresh-backup-bf5zorpa
INSTALLED AUS 107 / 107 function names
REFRESH BACKUP AUT /tmp/worldos-posix-refresh-backup-wdjhltd3
INSTALLED AUT 49 / 107 function names
REFRESH BACKUP AZE /tmp/worldos-posix-refresh-backup-8wmxpo4q
INSTALLED AZE 4 / 107 function names
REFRESH BACKUP BDI /tmp/worldos-posix-refresh-backup-bd5n998y
INSTALLED BDI 2 / 107 function names
REFRESH BACKUP BEL /tmp/worldos-posix-refresh-backup-fxfm8vrv
INSTALLED BEL 4 / 107 function names
REFRESH BACKUP BEN /tmp/worldos-posix-refresh-backup-xfns6x7p
INSTALLED BEN 49 / 107 function names
REFRESH BACKUP BES /tmp/worldos-posix-refresh-backup-bc7wguxu
INSTALLED BES 4 / 107 function names
REFRESH BACKUP BFA /tmp/worldos-posix-refresh-backup-gtmy097e
INSTALLED BFA 49 / 107 function names
REFRESH BACKUP BGD /tmp/worldos-posix-refresh-backup-tpna8gfi
INSTALLED BGD 2 / 107 function names
REFRESH BACKUP BGR /tmp/worldos-posix-refresh-backup-cj1tu9xi
INSTALLED BGR 4 / 107 function names
REFRESH BACKUP BHR /tmp/worldos-posix-refresh-backup-k5pm0yua
INSTALLED BHR 49 / 107 function names
REFRESH BACKUP BHS /tmp/worldos-posix-refresh-backup-205t4ekp
INSTALLED BHS 107 / 107 function names
REFRESH BACKUP BIH /tmp/worldos-posix-refresh-backup-nc7a2s1n
INSTALLED BIH 4 / 107 function names
REFRESH BACKUP BLM /tmp/worldos-posix-refresh-backup-zniljs_0
INSTALLED BLM 49 / 107 function names
REFRESH BACKUP BLR /tmp/worldos-posix-refresh-backup-roo38sf0
INSTALLED BLR 4 / 107 function names
REFRESH BACKUP BLZ /tmp/worldos-posix-refresh-backup-g0wl17ec
INSTALLED BLZ 107 / 107 function names
REFRESH BACKUP BMU /tmp/worldos-posix-refresh-backup-3dztlc7u
INSTALLED BMU 107 / 107 function names
REFRESH BACKUP BOL /tmp/worldos-posix-refresh-backup-lqc0nz1f
INSTALLED BOL 49 / 107 function names
REFRESH BACKUP BRA /tmp/worldos-posix-refresh-backup-i6jj9yj2
INSTALLED BRA 49 / 107 function names
REFRESH BACKUP BRB /tmp/worldos-posix-refresh-backup-p8p6hojx
INSTALLED BRB 107 / 107 function names
REFRESH BACKUP BRN /tmp/worldos-posix-refresh-backup-_xxahvrl
INSTALLED BRN 4 / 107 function names
REFRESH BACKUP BTN /tmp/worldos-posix-refresh-backup-pombhjtx
INSTALLED BTN 2 / 107 function names
REFRESH BACKUP BVT /tmp/worldos-posix-refresh-backup-40gexu2j
INSTALLED BVT 0 / 107 function names
REFRESH BACKUP BWA /tmp/worldos-posix-refresh-backup-kuezt7v3
INSTALLED BWA 107 / 107 function names
REFRESH BACKUP CAF /tmp/worldos-posix-refresh-backup-auwxvvhr
INSTALLED CAF 49 / 107 function names
REFRESH BACKUP CAN /tmp/worldos-posix-refresh-backup-jry018zc
INSTALLED CAN 107 / 107 function names
REFRESH BACKUP CCK /tmp/worldos-posix-refresh-backup-65g8tnlt
INSTALLED CCK 107 / 107 function names
REFRESH BACKUP CHE /tmp/worldos-posix-refresh-backup-r3b1vjst
INSTALLED CHE 49 / 107 function names
REFRESH BACKUP CHL /tmp/worldos-posix-refresh-backup-jsi0bchr
INSTALLED CHL 49 / 107 function names
REFRESH BACKUP CHN /tmp/worldos-posix-refresh-backup-fs_epp19
INSTALLED CHN 107 / 107 function names
REFRESH BACKUP CIV /tmp/worldos-posix-refresh-backup-t_hfv3la
INSTALLED CIV 49 / 107 function names
REFRESH BACKUP CMR /tmp/worldos-posix-refresh-backup-8crsvcr3
INSTALLED CMR 49 / 107 function names
REFRESH BACKUP COD /tmp/worldos-posix-refresh-backup-_e374z2j
INSTALLED COD 49 / 107 function names
REFRESH BACKUP COG /tmp/worldos-posix-refresh-backup-n6o8kn4p
INSTALLED COG 49 / 107 function names
REFRESH BACKUP COK /tmp/worldos-posix-refresh-backup-h77e844u
INSTALLED COK 107 / 107 function names
REFRESH BACKUP COL /tmp/worldos-posix-refresh-backup-r9b1n316
INSTALLED COL 49 / 107 function names
REFRESH BACKUP COM /tmp/worldos-posix-refresh-backup-yk4_7mom
INSTALLED COM 49 / 107 function names
REFRESH BACKUP CPV /tmp/worldos-posix-refresh-backup-6w2_hq12
INSTALLED CPV 49 / 107 function names
REFRESH BACKUP CRI /tmp/worldos-posix-refresh-backup-z5kpgizc
INSTALLED CRI 49 / 107 function names
REFRESH BACKUP CUB /tmp/worldos-posix-refresh-backup-22k_upv1
INSTALLED CUB 49 / 107 function names
REFRESH BACKUP CUW /tmp/worldos-posix-refresh-backup-gdw5_u09
INSTALLED CUW 2 / 107 function names
REFRESH BACKUP CXR /tmp/worldos-posix-refresh-backup-_bje0id4
INSTALLED CXR 107 / 107 function names
REFRESH BACKUP CYM /tmp/worldos-posix-refresh-backup-14pht_gq
INSTALLED CYM 107 / 107 function names
REFRESH BACKUP CYP /tmp/worldos-posix-refresh-backup-q_cub21k
INSTALLED CYP 4 / 107 function names
REFRESH BACKUP CZE /tmp/worldos-posix-refresh-backup-3ccugpoq
INSTALLED CZE 4 / 107 function names
REFRESH BACKUP DEU /tmp/worldos-posix-refresh-backup-75oitcuo
INSTALLED DEU 49 / 107 function names
REFRESH BACKUP DJI /tmp/worldos-posix-refresh-backup-f__47dm6
INSTALLED DJI 49 / 107 function names
REFRESH BACKUP DMA /tmp/worldos-posix-refresh-backup-yw3l4vcn
INSTALLED DMA 107 / 107 function names
REFRESH BACKUP DNK /tmp/worldos-posix-refresh-backup-9f7w4xgr
INSTALLED DNK 4 / 107 function names
REFRESH BACKUP DOM /tmp/worldos-posix-refresh-backup-txrhyd47
INSTALLED DOM 49 / 107 function names
REFRESH BACKUP DZA /tmp/worldos-posix-refresh-backup-ejsbphk4
INSTALLED DZA 49 / 107 function names
REFRESH BACKUP ECU /tmp/worldos-posix-refresh-backup-x22t342z
INSTALLED ECU 49 / 107 function names
REFRESH BACKUP EGY /tmp/worldos-posix-refresh-backup-_uektscw
INSTALLED EGY 49 / 107 function names
REFRESH BACKUP ERI /tmp/worldos-posix-refresh-backup-v10nz7bu
INSTALLED ERI 2 / 107 function names
REFRESH BACKUP ESH /tmp/worldos-posix-refresh-backup-k4wuq1ha
INSTALLED ESH 49 / 107 function names
REFRESH BACKUP ESP /tmp/worldos-posix-refresh-backup-mjfgat2i
INSTALLED ESP 49 / 107 function names
REFRESH BACKUP EST /tmp/worldos-posix-refresh-backup-4_xb4icm
INSTALLED EST 4 / 107 function names
REFRESH BACKUP ETH /tmp/worldos-posix-refresh-backup-4joxd9jz
INSTALLED ETH 4 / 107 function names
REFRESH BACKUP FIN /tmp/worldos-posix-refresh-backup-9zmw6dy6
INSTALLED FIN 4 / 107 function names
REFRESH BACKUP FJI /tmp/worldos-posix-refresh-backup-j9ym_dje
INSTALLED FJI 107 / 107 function names
REFRESH BACKUP FLK /tmp/worldos-posix-refresh-backup-hkww4yrb
INSTALLED FLK 107 / 107 function names
REFRESH BACKUP FRA /tmp/worldos-posix-refresh-backup-8y5svkbv
INSTALLED FRA 49 / 107 function names
REFRESH BACKUP FRO /tmp/worldos-posix-refresh-backup-f602sd49
INSTALLED FRO 2 / 107 function names
REFRESH BACKUP FSM /tmp/worldos-posix-refresh-backup-vj_f1bba
INSTALLED FSM 107 / 107 function names
REFRESH BACKUP GAB /tmp/worldos-posix-refresh-backup-8mn5vloj
INSTALLED GAB 49 / 107 function names
REFRESH BACKUP GBR /tmp/worldos-posix-refresh-backup-gmdbdj7w
INSTALLED GBR 107 / 107 function names
REFRESH BACKUP GEO /tmp/worldos-posix-refresh-backup-3uwpws88
INSTALLED GEO 4 / 107 function names
REFRESH BACKUP GGY /tmp/worldos-posix-refresh-backup-3i8e_zaz
INSTALLED GGY 107 / 107 function names
REFRESH BACKUP GHA /tmp/worldos-posix-refresh-backup-yv65jfa8
INSTALLED GHA 107 / 107 function names
REFRESH BACKUP GIB /tmp/worldos-posix-refresh-backup-et041bl2
INSTALLED GIB 107 / 107 function names
REFRESH BACKUP GIN /tmp/worldos-posix-refresh-backup-hrp6xatn
INSTALLED GIN 49 / 107 function names
REFRESH BACKUP GLP /tmp/worldos-posix-refresh-backup-rktzmen0
INSTALLED GLP 49 / 107 function names
REFRESH BACKUP GMB /tmp/worldos-posix-refresh-backup-1p_b7_fq
INSTALLED GMB 107 / 107 function names
REFRESH BACKUP GNB /tmp/worldos-posix-refresh-backup-yn_g3xca
INSTALLED GNB 49 / 107 function names
REFRESH BACKUP GNQ /tmp/worldos-posix-refresh-backup-v81brvxu
INSTALLED GNQ 49 / 107 function names
REFRESH BACKUP GRC /tmp/worldos-posix-refresh-backup-1rk_i9xs
INSTALLED GRC 4 / 107 function names
REFRESH BACKUP GRD /tmp/worldos-posix-refresh-backup-fcyi4b5s
INSTALLED GRD 107 / 107 function names
REFRESH BACKUP GRL /tmp/worldos-posix-refresh-backup-9un7e975
INSTALLED GRL 2 / 107 function names
REFRESH BACKUP GTM /tmp/worldos-posix-refresh-backup-24hl5jkr
INSTALLED GTM 49 / 107 function names
REFRESH BACKUP GUF /tmp/worldos-posix-refresh-backup-_fhni0ek
INSTALLED GUF 49 / 107 function names
REFRESH BACKUP GUM /tmp/worldos-posix-refresh-backup-gctlmfri
INSTALLED GUM 107 / 107 function names
REFRESH BACKUP GUY /tmp/worldos-posix-refresh-backup-97346sdx
INSTALLED GUY 107 / 107 function names
REFRESH BACKUP HKG /tmp/worldos-posix-refresh-backup-dnk1epd4
INSTALLED HKG 107 / 107 function names
REFRESH BACKUP HMD /tmp/worldos-posix-refresh-backup-lm2m7oc9
INSTALLED HMD 0 / 107 function names
REFRESH BACKUP HND /tmp/worldos-posix-refresh-backup-2swh7v3r
INSTALLED HND 49 / 107 function names
REFRESH BACKUP HRV /tmp/worldos-posix-refresh-backup-mtor3asv
INSTALLED HRV 4 / 107 function names
REFRESH BACKUP HTI /tmp/worldos-posix-refresh-backup-b8022rsd
INSTALLED HTI 2 / 107 function names
REFRESH BACKUP HUN /tmp/worldos-posix-refresh-backup-5gptrnox
INSTALLED HUN 4 / 107 function names
REFRESH BACKUP IDN /tmp/worldos-posix-refresh-backup-_bimzaho
INSTALLED IDN 4 / 107 function names
REFRESH BACKUP IMN /tmp/worldos-posix-refresh-backup-e_rjjya0
INSTALLED IMN 107 / 107 function names
REFRESH BACKUP IND /tmp/worldos-posix-refresh-backup-7quxrlg9
INSTALLED IND 49 / 107 function names
REFRESH BACKUP IOT /tmp/worldos-posix-refresh-backup-5c7pf6ln
INSTALLED IOT 107 / 107 function names
REFRESH BACKUP IRL /tmp/worldos-posix-refresh-backup-6itzaqo8
INSTALLED IRL 107 / 107 function names
REFRESH BACKUP IRN /tmp/worldos-posix-refresh-backup-fddcc25u
INSTALLED IRN 4 / 107 function names
REFRESH BACKUP IRQ /tmp/worldos-posix-refresh-backup-8tfm3vsy
INSTALLED IRQ 49 / 107 function names
REFRESH BACKUP ISL /tmp/worldos-posix-refresh-backup-x64em562
INSTALLED ISL 4 / 107 function names
REFRESH BACKUP ISR /tmp/worldos-posix-refresh-backup-wxbburbp
INSTALLED ISR 4 / 107 function names
REFRESH BACKUP ITA /tmp/worldos-posix-refresh-backup-m3i_msxo
INSTALLED ITA 4 / 107 function names
REFRESH BACKUP JAM /tmp/worldos-posix-refresh-backup-n4l5unqt
INSTALLED JAM 107 / 107 function names
REFRESH BACKUP JEY /tmp/worldos-posix-refresh-backup-y6w9erlt
INSTALLED JEY 107 / 107 function names
REFRESH BACKUP JOR /tmp/worldos-posix-refresh-backup-bkrrgmbn
INSTALLED JOR 49 / 107 function names
REFRESH BACKUP JPN /tmp/worldos-posix-refresh-backup-qp460daf
INSTALLED JPN 107 / 107 function names
REFRESH BACKUP KAZ /tmp/worldos-posix-refresh-backup-yt19i0z9
INSTALLED KAZ 49 / 107 function names
REFRESH BACKUP KEN /tmp/worldos-posix-refresh-backup-ue42qzj6
INSTALLED KEN 2 / 107 function names
REFRESH BACKUP KGZ /tmp/worldos-posix-refresh-backup-r9r23ezx
INSTALLED KGZ 4 / 107 function names
REFRESH BACKUP KHM /tmp/worldos-posix-refresh-backup-3ishwk1z
INSTALLED KHM 2 / 107 function names
REFRESH BACKUP KIR /tmp/worldos-posix-refresh-backup-psd9xofa
INSTALLED KIR 107 / 107 function names
REFRESH BACKUP KNA /tmp/worldos-posix-refresh-backup-59ddp_bg
INSTALLED KNA 107 / 107 function names
REFRESH BACKUP KOR /tmp/worldos-posix-refresh-backup-4h75oajy
INSTALLED KOR 107 / 107 function names
REFRESH BACKUP KWT /tmp/worldos-posix-refresh-backup-q_e9bo0t
INSTALLED KWT 49 / 107 function names
REFRESH BACKUP LAO /tmp/worldos-posix-refresh-backup-940tktpw
INSTALLED LAO 2 / 107 function names
REFRESH BACKUP LBN /tmp/worldos-posix-refresh-backup-qsjcd065
INSTALLED LBN 49 / 107 function names
REFRESH BACKUP LBR /tmp/worldos-posix-refresh-backup-z_6zsc8x
INSTALLED LBR 107 / 107 function names
REFRESH BACKUP LBY /tmp/worldos-posix-refresh-backup-2ipmpuar
INSTALLED LBY 49 / 107 function names
REFRESH BACKUP LCA /tmp/worldos-posix-refresh-backup-q9t0gkxk
INSTALLED LCA 107 / 107 function names
REFRESH BACKUP LIE /tmp/worldos-posix-refresh-backup-i1q0d6gm
INSTALLED LIE 49 / 107 function names
REFRESH BACKUP LKA /tmp/worldos-posix-refresh-backup-m6ubtxp0
INSTALLED LKA 2 / 107 function names
REFRESH BACKUP LSO /tmp/worldos-posix-refresh-backup-d0z5vdqm
INSTALLED LSO 2 / 107 function names
REFRESH BACKUP LTU /tmp/worldos-posix-refresh-backup-bt4vjm_z
INSTALLED LTU 4 / 107 function names
REFRESH BACKUP LUX /tmp/worldos-posix-refresh-backup-1p4sn6zi
INSTALLED LUX 49 / 107 function names
REFRESH BACKUP LVA /tmp/worldos-posix-refresh-backup-5y4uijkx
INSTALLED LVA 4 / 107 function names
REFRESH BACKUP MAC /tmp/worldos-posix-refresh-backup-35z9fzsm
INSTALLED MAC 107 / 107 function names
REFRESH BACKUP MAF /tmp/worldos-posix-refresh-backup-y1fzey24
INSTALLED MAF 49 / 107 function names
REFRESH BACKUP MAR /tmp/worldos-posix-refresh-backup-ppwnsuko
INSTALLED MAR 49 / 107 function names
REFRESH BACKUP MCO /tmp/worldos-posix-refresh-backup-7ptsb4qh
INSTALLED MCO 49 / 107 function names
REFRESH BACKUP MDA /tmp/worldos-posix-refresh-backup-ek284w38
INSTALLED MDA 4 / 107 function names
REFRESH BACKUP MDG /tmp/worldos-posix-refresh-backup-ppmwexkq
INSTALLED MDG 4 / 107 function names
REFRESH BACKUP MDV /tmp/worldos-posix-refresh-backup-316886a_
INSTALLED MDV 2 / 107 function names
REFRESH BACKUP MEX /tmp/worldos-posix-refresh-backup-9f_r1zy8
INSTALLED MEX 49 / 107 function names
REFRESH BACKUP MHL /tmp/worldos-posix-refresh-backup-x6fics36
INSTALLED MHL 107 / 107 function names
REFRESH BACKUP MKD /tmp/worldos-posix-refresh-backup-ggo6f999
INSTALLED MKD 4 / 107 function names
REFRESH BACKUP MLI /tmp/worldos-posix-refresh-backup-3rhooh9_
INSTALLED MLI 49 / 107 function names
REFRESH BACKUP MLT /tmp/worldos-posix-refresh-backup-9eiz6yl7
INSTALLED MLT 2 / 107 function names
REFRESH BACKUP MMR /tmp/worldos-posix-refresh-backup-mx26d3ga
INSTALLED MMR 2 / 107 function names
REFRESH BACKUP MNE /tmp/worldos-posix-refresh-backup-ebhp_ggm
INSTALLED MNE 4 / 107 function names
REFRESH BACKUP MNG /tmp/worldos-posix-refresh-backup-r3s7os8b
INSTALLED MNG 4 / 107 function names
REFRESH BACKUP MNP /tmp/worldos-posix-refresh-backup-jguawhzi
INSTALLED MNP 107 / 107 function names
REFRESH BACKUP MOZ /tmp/worldos-posix-refresh-backup-nd93wnp6
INSTALLED MOZ 49 / 107 function names
REFRESH BACKUP MRT /tmp/worldos-posix-refresh-backup-foe5tswd
INSTALLED MRT 49 / 107 function names
REFRESH BACKUP MSR /tmp/worldos-posix-refresh-backup-dxu2bb05
INSTALLED MSR 107 / 107 function names
REFRESH BACKUP MTQ /tmp/worldos-posix-refresh-backup-v4fznsv9
INSTALLED MTQ 49 / 107 function names
REFRESH BACKUP MUS /tmp/worldos-posix-refresh-backup-nz6vic1d
INSTALLED MUS 107 / 107 function names
REFRESH BACKUP MWI /tmp/worldos-posix-refresh-backup-9hkirjoy
INSTALLED MWI 107 / 107 function names
REFRESH BACKUP MYS /tmp/worldos-posix-refresh-backup-uc8axlac
INSTALLED MYS 4 / 107 function names
REFRESH BACKUP MYT /tmp/worldos-posix-refresh-backup-6yace4_8
INSTALLED MYT 49 / 107 function names
REFRESH BACKUP NAM /tmp/worldos-posix-refresh-backup-xuytvc_n
INSTALLED NAM 107 / 107 function names
REFRESH BACKUP NCL /tmp/worldos-posix-refresh-backup-x46moqy6
INSTALLED NCL 49 / 107 function names
REFRESH BACKUP NER /tmp/worldos-posix-refresh-backup-geehw27s
INSTALLED NER 49 / 107 function names
REFRESH BACKUP NFK /tmp/worldos-posix-refresh-backup-fxrhteut
INSTALLED NFK 107 / 107 function names
REFRESH BACKUP NGA /tmp/worldos-posix-refresh-backup-xuqyglvx
INSTALLED NGA 107 / 107 function names
REFRESH BACKUP NIC /tmp/worldos-posix-refresh-backup-h5a55yxs
INSTALLED NIC 49 / 107 function names
REFRESH BACKUP NIU /tmp/worldos-posix-refresh-backup-zwtlrc0_
INSTALLED NIU 107 / 107 function names
REFRESH BACKUP NLD /tmp/worldos-posix-refresh-backup-j_a3nyyl
INSTALLED NLD 4 / 107 function names
REFRESH BACKUP NOR /tmp/worldos-posix-refresh-backup-bmkj9st3
INSTALLED NOR 4 / 107 function names
REFRESH BACKUP NPL /tmp/worldos-posix-refresh-backup-n5i6xpu7
INSTALLED NPL 2 / 107 function names
REFRESH BACKUP NRU /tmp/worldos-posix-refresh-backup-bto1i849
INSTALLED NRU 107 / 107 function names
REFRESH BACKUP NZL /tmp/worldos-posix-refresh-backup-7z7spfko
INSTALLED NZL 107 / 107 function names
REFRESH BACKUP OMN /tmp/worldos-posix-refresh-backup-xllhi_1j
INSTALLED OMN 49 / 107 function names
REFRESH BACKUP PAK /tmp/worldos-posix-refresh-backup-kg4to8rp
INSTALLED PAK 4 / 107 function names
REFRESH BACKUP PAN /tmp/worldos-posix-refresh-backup-l01g2rdi
INSTALLED PAN 49 / 107 function names
REFRESH BACKUP PCN /tmp/worldos-posix-refresh-backup-mb8158nz
INSTALLED PCN 107 / 107 function names
REFRESH BACKUP PER /tmp/worldos-posix-refresh-backup-5hllw43x
INSTALLED PER 49 / 107 function names
REFRESH BACKUP PHL /tmp/worldos-posix-refresh-backup-40_7xvnd
INSTALLED PHL 107 / 107 function names
REFRESH BACKUP PLW /tmp/worldos-posix-refresh-backup-p73g9d5c
INSTALLED PLW 2 / 107 function names
REFRESH BACKUP PNG /tmp/worldos-posix-refresh-backup-kq6616m8
INSTALLED PNG 2 / 107 function names
REFRESH BACKUP POL /tmp/worldos-posix-refresh-backup-vorhiaey
INSTALLED POL 4 / 107 function names
REFRESH BACKUP PRI /tmp/worldos-posix-refresh-backup-xxggspwt
INSTALLED PRI 49 / 107 function names
REFRESH BACKUP PRK /tmp/worldos-posix-refresh-backup-vxm3xiu5
INSTALLED PRK 107 / 107 function names
REFRESH BACKUP PRT /tmp/worldos-posix-refresh-backup-vrmwil8v
INSTALLED PRT 49 / 107 function names
REFRESH BACKUP PRY /tmp/worldos-posix-refresh-backup-bgo7kyob
INSTALLED PRY 2 / 107 function names
REFRESH BACKUP PSE /tmp/worldos-posix-refresh-backup-2fh8pc2w
INSTALLED PSE 49 / 107 function names
REFRESH BACKUP PYF /tmp/worldos-posix-refresh-backup-aiivaz8g
INSTALLED PYF 49 / 107 function names
REFRESH BACKUP QAT /tmp/worldos-posix-refresh-backup-i_xhamqt
INSTALLED QAT 49 / 107 function names
REFRESH BACKUP REU /tmp/worldos-posix-refresh-backup-x5xi2m6b
INSTALLED REU 49 / 107 function names
REFRESH BACKUP ROU /tmp/worldos-posix-refresh-backup-0vu43c6i
INSTALLED ROU 4 / 107 function names
REFRESH BACKUP RUS /tmp/worldos-posix-refresh-backup-u6my_32k
INSTALLED RUS 49 / 107 function names
REFRESH BACKUP RWA /tmp/worldos-posix-refresh-backup-93liqe5y
INSTALLED RWA 4 / 107 function names
REFRESH BACKUP SAU /tmp/worldos-posix-refresh-backup-ubk_gwdu
INSTALLED SAU 49 / 107 function names
REFRESH BACKUP SDN /tmp/worldos-posix-refresh-backup-msnqp2yw
INSTALLED SDN 49 / 107 function names
REFRESH BACKUP SEN /tmp/worldos-posix-refresh-backup-zxxgde5m
INSTALLED SEN 2 / 107 function names
REFRESH BACKUP SGP /tmp/worldos-posix-refresh-backup-l4v8h2tb
INSTALLED SGP 107 / 107 function names
REFRESH BACKUP SGS /tmp/worldos-posix-refresh-backup-4aw2vtgg
INSTALLED SGS 0 / 107 function names
REFRESH BACKUP SHN /tmp/worldos-posix-refresh-backup-82nfu9_g
INSTALLED SHN 107 / 107 function names
REFRESH BACKUP SJM /tmp/worldos-posix-refresh-backup-0wsdlk1x
INSTALLED SJM 4 / 107 function names
REFRESH BACKUP SLB /tmp/worldos-posix-refresh-backup-y3l8h1b4
INSTALLED SLB 107 / 107 function names
REFRESH BACKUP SLE /tmp/worldos-posix-refresh-backup-xsboncwp
INSTALLED SLE 107 / 107 function names
REFRESH BACKUP SLV /tmp/worldos-posix-refresh-backup-idozh2t3
INSTALLED SLV 49 / 107 function names
REFRESH BACKUP SMR /tmp/worldos-posix-refresh-backup-3vwqvj1w
INSTALLED SMR 4 / 107 function names
REFRESH BACKUP SOM /tmp/worldos-posix-refresh-backup-8vyy_l9o
INSTALLED SOM 2 / 107 function names
REFRESH BACKUP SPM /tmp/worldos-posix-refresh-backup-kzrt_vfb
INSTALLED SPM 49 / 107 function names
REFRESH BACKUP SRB /tmp/worldos-posix-refresh-backup-lxwhl0xe
INSTALLED SRB 4 / 107 function names
REFRESH BACKUP SSD /tmp/worldos-posix-refresh-backup-vdf5dbcu
INSTALLED SSD 107 / 107 function names
REFRESH BACKUP STP /tmp/worldos-posix-refresh-backup-ldoug4jd
INSTALLED STP 49 / 107 function names
REFRESH BACKUP SUR /tmp/worldos-posix-refresh-backup-ba6p38gs
INSTALLED SUR 4 / 107 function names
REFRESH BACKUP SVK /tmp/worldos-posix-refresh-backup-r4lrzbq5
INSTALLED SVK 4 / 107 function names
REFRESH BACKUP SVN /tmp/worldos-posix-refresh-backup-nr9k60ql
INSTALLED SVN 4 / 107 function names
REFRESH BACKUP SWE /tmp/worldos-posix-refresh-backup-b8_7jtj3
INSTALLED SWE 4 / 107 function names
REFRESH BACKUP SWZ /tmp/worldos-posix-refresh-backup-943qhbry
INSTALLED SWZ 107 / 107 function names
REFRESH BACKUP SXM /tmp/worldos-posix-refresh-backup-jqjg6mnr
INSTALLED SXM 107 / 107 function names
REFRESH BACKUP SYC /tmp/worldos-posix-refresh-backup-phwxqkh4
INSTALLED SYC 49 / 107 function names
REFRESH BACKUP SYR /tmp/worldos-posix-refresh-backup-rv5edko1
INSTALLED SYR 49 / 107 function names
REFRESH BACKUP TCA /tmp/worldos-posix-refresh-backup-yllrvaq6
INSTALLED TCA 107 / 107 function names
REFRESH BACKUP TCD /tmp/worldos-posix-refresh-backup-7hoc484k
INSTALLED TCD 49 / 107 function names
REFRESH BACKUP TGO /tmp/worldos-posix-refresh-backup-vec37srk
INSTALLED TGO 49 / 107 function names
REFRESH BACKUP THA /tmp/worldos-posix-refresh-backup-1xb17uds
INSTALLED THA 2 / 107 function names
REFRESH BACKUP TJK /tmp/worldos-posix-refresh-backup-my8zklv2
INSTALLED TJK 4 / 107 function names
REFRESH BACKUP TKL /tmp/worldos-posix-refresh-backup-kaopkz58
INSTALLED TKL 107 / 107 function names
REFRESH BACKUP TKM /tmp/worldos-posix-refresh-backup-93mwibsh
INSTALLED TKM 4 / 107 function names
REFRESH BACKUP TLS /tmp/worldos-posix-refresh-backup-3x4ne_m0
INSTALLED TLS 49 / 107 function names
REFRESH BACKUP TON /tmp/worldos-posix-refresh-backup-5r1aqaoz
INSTALLED TON 2 / 107 function names
REFRESH BACKUP TTO /tmp/worldos-posix-refresh-backup-7a7ai8vl
INSTALLED TTO 107 / 107 function names
REFRESH BACKUP TUN /tmp/worldos-posix-refresh-backup-h_bfy5yw
INSTALLED TUN 49 / 107 function names
REFRESH BACKUP TUR /tmp/worldos-posix-refresh-backup-rbf9n6ma
INSTALLED TUR 4 / 107 function names
REFRESH BACKUP TUV /tmp/worldos-posix-refresh-backup-pjsx4b06
INSTALLED TUV 2 / 107 function names
REFRESH BACKUP TWN /tmp/worldos-posix-refresh-backup-lolyfowl
INSTALLED TWN 107 / 107 function names
REFRESH BACKUP TZA /tmp/worldos-posix-refresh-backup-0h837wfj
INSTALLED TZA 2 / 107 function names
REFRESH BACKUP UGA /tmp/worldos-posix-refresh-backup-bdp16tov
INSTALLED UGA 2 / 107 function names
REFRESH BACKUP UKR /tmp/worldos-posix-refresh-backup-t200ybwa
INSTALLED UKR 4 / 107 function names
REFRESH BACKUP UMI /tmp/worldos-posix-refresh-backup-y0kf6k6z
INSTALLED UMI 107 / 107 function names
REFRESH BACKUP URY /tmp/worldos-posix-refresh-backup-u57kv_q5
INSTALLED URY 49 / 107 function names
REFRESH BACKUP USA /tmp/worldos-posix-refresh-backup-hfspszeu
INSTALLED USA 107 / 107 function names
REFRESH BACKUP UZB /tmp/worldos-posix-refresh-backup-wrnwmx75
INSTALLED UZB 4 / 107 function names
REFRESH BACKUP VAT /tmp/worldos-posix-refresh-backup-iufg3qm6
INSTALLED VAT 4 / 107 function names
REFRESH BACKUP VCT /tmp/worldos-posix-refresh-backup-0f75l91r
INSTALLED VCT 107 / 107 function names
REFRESH BACKUP VEN /tmp/worldos-posix-refresh-backup-joo8mrvt
INSTALLED VEN 49 / 107 function names
REFRESH BACKUP VGB /tmp/worldos-posix-refresh-backup-c_dixcwa
INSTALLED VGB 107 / 107 function names
REFRESH BACKUP VIR /tmp/worldos-posix-refresh-backup-u8rymoih
INSTALLED VIR 107 / 107 function names
REFRESH BACKUP VNM /tmp/worldos-posix-refresh-backup-z9mw4qdc
INSTALLED VNM 4 / 107 function names
REFRESH BACKUP VUT /tmp/worldos-posix-refresh-backup-d8g0wx4r
INSTALLED VUT 2 / 107 function names
REFRESH BACKUP WLF /tmp/worldos-posix-refresh-backup-c9btxbbw
INSTALLED WLF 49 / 107 function names
REFRESH BACKUP WSM /tmp/worldos-posix-refresh-backup-p22kphqy
INSTALLED WSM 2 / 107 function names
REFRESH BACKUP YEM /tmp/worldos-posix-refresh-backup-4rduetr1
INSTALLED YEM 49 / 107 function names
REFRESH BACKUP ZAF /tmp/worldos-posix-refresh-backup-8m7jcspg
INSTALLED ZAF 107 / 107 function names
REFRESH BACKUP ZMB /tmp/worldos-posix-refresh-backup-j6x0s1e_
INSTALLED ZMB 107 / 107 function names
REFRESH BACKUP ZWE /tmp/worldos-posix-refresh-backup-22ftymie
INSTALLED ZWE 2 / 107 function names
REFRESH BACKUP IND/as_Beng /tmp/worldos-posix-refresh-backup-jwlalh4l
INSTALLED IND/as_Beng 2 / 107 function names
REFRESH BACKUP IND/bn_Beng /tmp/worldos-posix-refresh-backup-qj_bqzgi
INSTALLED IND/bn_Beng 2 / 107 function names
REFRESH BACKUP IND/brx_Deva /tmp/worldos-posix-refresh-backup-427qkp19
INSTALLED IND/brx_Deva 2 / 107 function names
REFRESH BACKUP IND/doi_Deva /tmp/worldos-posix-refresh-backup-8zloq86n
INSTALLED IND/doi_Deva 2 / 107 function names
REFRESH BACKUP IND/gu_Gujr /tmp/worldos-posix-refresh-backup-og2v3gs2
INSTALLED IND/gu_Gujr 2 / 107 function names
REFRESH BACKUP IND/hi_Deva /tmp/worldos-posix-refresh-backup-wcg68js_
INSTALLED IND/hi_Deva 49 / 107 function names
REFRESH BACKUP IND/kn_Knda /tmp/worldos-posix-refresh-backup-2kocfl84
INSTALLED IND/kn_Knda 2 / 107 function names
REFRESH BACKUP IND/ks_Arab /tmp/worldos-posix-refresh-backup-o2hexfbj
INSTALLED IND/ks_Arab 2 / 107 function names
REFRESH BACKUP IND/kok_Deva /tmp/worldos-posix-refresh-backup-c068k4h7
INSTALLED IND/kok_Deva 2 / 107 function names
REFRESH BACKUP IND/mai_Deva /tmp/worldos-posix-refresh-backup-gw4fc_ki
INSTALLED IND/mai_Deva 2 / 107 function names
REFRESH BACKUP IND/ml_Mlym /tmp/worldos-posix-refresh-backup-hyh61f97
INSTALLED IND/ml_Mlym 2 / 107 function names
REFRESH BACKUP IND/mni_Mtei /tmp/worldos-posix-refresh-backup-p2r54ykp
INSTALLED IND/mni_Mtei 2 / 107 function names
REFRESH BACKUP IND/mr_Deva /tmp/worldos-posix-refresh-backup-7di1_xhi
INSTALLED IND/mr_Deva 2 / 107 function names
REFRESH BACKUP IND/ne_Deva /tmp/worldos-posix-refresh-backup-neglh8v4
INSTALLED IND/ne_Deva 2 / 107 function names
REFRESH BACKUP IND/or_Orya /tmp/worldos-posix-refresh-backup-vmu81yei
INSTALLED IND/or_Orya 2 / 107 function names
REFRESH BACKUP IND/pa_Guru /tmp/worldos-posix-refresh-backup-ioz_zysk
INSTALLED IND/pa_Guru 2 / 107 function names
REFRESH BACKUP IND/sa_Deva /tmp/worldos-posix-refresh-backup-_87t_1zj
INSTALLED IND/sa_Deva 2 / 107 function names
REFRESH BACKUP IND/sat_Olck /tmp/worldos-posix-refresh-backup-tyvufdgi
INSTALLED IND/sat_Olck 2 / 107 function names
REFRESH BACKUP IND/sd_Arab /tmp/worldos-posix-refresh-backup-en70y0jm
INSTALLED IND/sd_Arab 2 / 107 function names
REFRESH BACKUP IND/ta_Taml /tmp/worldos-posix-refresh-backup-yv4y39np
INSTALLED IND/ta_Taml 49 / 107 function names
REFRESH BACKUP IND/te_Telu /tmp/worldos-posix-refresh-backup-qifq7ra6
INSTALLED IND/te_Telu 2 / 107 function names
REFRESH BACKUP IND/ur_Arab /tmp/worldos-posix-refresh-backup-msy6w3f_
INSTALLED IND/ur_Arab 2 / 107 function names
REFRESH BACKUP IND/kok_Latn /tmp/worldos-posix-refresh-backup-oki6oru8
INSTALLED IND/kok_Latn 2 / 107 function names
REFRESH BACKUP IND/ks_Deva /tmp/worldos-posix-refresh-backup-kfpxqexr
INSTALLED IND/ks_Deva 2 / 107 function names
REFRESH BACKUP IND/mni_Beng /tmp/worldos-posix-refresh-backup-5exsodhg
INSTALLED IND/mni_Beng 2 / 107 function names
REFRESH BACKUP IND/pa_Arab /tmp/worldos-posix-refresh-backup-5_guy5u9
INSTALLED IND/pa_Arab 2 / 107 function names
REFRESH BACKUP IND/sat_Beng /tmp/worldos-posix-refresh-backup-ly662sfq
INSTALLED IND/sat_Beng 2 / 107 function names
REFRESH BACKUP IND/sat_Deva /tmp/worldos-posix-refresh-backup-hrdi59e8
INSTALLED IND/sat_Deva 2 / 107 function names
REFRESH BACKUP IND/sd_Deva /tmp/worldos-posix-refresh-backup-s7_l0rrf
INSTALLED IND/sd_Deva 2 / 107 function names
REFRESH BACKUP JPN/ja_Jpan /tmp/worldos-posix-refresh-backup-brjax5vc
INSTALLED JPN/ja_Jpan 107 / 107 function names
REFRESH BACKUP JPN/ja_Hira /tmp/worldos-posix-refresh-backup-vvdiopyx
INSTALLED JPN/ja_Hira 107 / 107 function names
REFRESH BACKUP JPN/ja_Kana /tmp/worldos-posix-refresh-backup-1nzsrt3q
INSTALLED JPN/ja_Kana 107 / 107 function names
REFRESH BACKUP CHN/zh_Hans /tmp/worldos-posix-refresh-backup-vqasrd2z
INSTALLED CHN/zh_Hans 107 / 107 function names
REFRESH BACKUP CHN/zh_Hant /tmp/worldos-posix-refresh-backup-94un8630
INSTALLED CHN/zh_Hant 107 / 107 function names
REFRESH BACKUP HKG/zh_Hans /tmp/worldos-posix-refresh-backup-b26edij2
INSTALLED HKG/zh_Hans 107 / 107 function names
REFRESH BACKUP HKG/zh_Hant /tmp/worldos-posix-refresh-backup-j1mixhs9
INSTALLED HKG/zh_Hant 107 / 107 function names
REFRESH BACKUP MAC/zh_Hans /tmp/worldos-posix-refresh-backup-a820_57w
INSTALLED MAC/zh_Hans 107 / 107 function names
REFRESH BACKUP MAC/zh_Hant /tmp/worldos-posix-refresh-backup-xn425tao
INSTALLED MAC/zh_Hant 107 / 107 function names
REFRESH BACKUP TWN/zh_Hans /tmp/worldos-posix-refresh-backup-i0tcf431
INSTALLED TWN/zh_Hans 107 / 107 function names
REFRESH BACKUP TWN/zh_Hant /tmp/worldos-posix-refresh-backup-s6tu4gta
INSTALLED TWN/zh_Hant 107 / 107 function names
REFRESH BACKUP SRB/sr_Cyrl /tmp/worldos-posix-refresh-backup-5tosvm36
INSTALLED SRB/sr_Cyrl 4 / 107 function names
REFRESH BACKUP SRB/sr_Latn /tmp/worldos-posix-refresh-backup-hbnl25vb
INSTALLED SRB/sr_Latn 4 / 107 function names
REFRESH BACKUP MNE/sr_Cyrl /tmp/worldos-posix-refresh-backup-ft_m3e65
INSTALLED MNE/sr_Cyrl 4 / 107 function names
REFRESH BACKUP MNE/sr_Latn /tmp/worldos-posix-refresh-backup-f1zygmfk
INSTALLED MNE/sr_Latn 4 / 107 function names
REFRESH BACKUP BIH/bs_Cyrl /tmp/worldos-posix-refresh-backup-9_upnqrw
INSTALLED BIH/bs_Cyrl 4 / 107 function names
REFRESH BACKUP BIH/bs_Latn /tmp/worldos-posix-refresh-backup-1dd2b3vg
INSTALLED BIH/bs_Latn 4 / 107 function names
