REFRESH BACKUP ABW /tmp/worldos-shell-refresh-backup-k5qxck5a
READY ABW 68 private-name proposals
REFRESH BACKUP AFG /tmp/worldos-shell-refresh-backup-pcfbt7xb
READY AFG 0 private-name proposals
REFRESH BACKUP AGO /tmp/worldos-shell-refresh-backup-1vlk44j5
READY AGO 68 private-name proposals
REFRESH BACKUP AIA /tmp/worldos-shell-refresh-backup-tqbf0cup
READY AIA 68 private-name proposals
REFRESH BACKUP ALA /tmp/worldos-shell-refresh-backup-ol3vf4ko
READY ALA 68 private-name proposals
REFRESH BACKUP ALB /tmp/worldos-shell-refresh-backup-wqhw03ys
READY ALB 0 private-name proposals
REFRESH BACKUP AND /tmp/worldos-shell-refresh-backup-79034frb
READY AND 0 private-name proposals
REFRESH BACKUP ARE /tmp/worldos-shell-refresh-backup-d_ptjy3k
READY ARE 68 private-name proposals
REFRESH BACKUP ARG /tmp/worldos-shell-refresh-backup-x8lnybsc
READY ARG 68 private-name proposals
REFRESH BACKUP ARM /tmp/worldos-shell-refresh-backup-dfffmo9a
READY ARM 0 private-name proposals
REFRESH BACKUP ASM /tmp/worldos-shell-refresh-backup-oa2e1l4j
READY ASM 0 private-name proposals
REFRESH BACKUP ATA /tmp/worldos-shell-refresh-backup-g0fft2z0
READY ATA 0 private-name proposals
REFRESH BACKUP ATF /tmp/worldos-shell-refresh-backup-4uxcn_yr
READY ATF 68 private-name proposals
REFRESH BACKUP ATG /tmp/worldos-shell-refresh-backup-9k5s_m57
READY ATG 68 private-name proposals
REFRESH BACKUP AUS /tmp/worldos-shell-refresh-backup-9u_vnvsh
READY AUS 68 private-name proposals
REFRESH BACKUP AUT /tmp/worldos-shell-refresh-backup-pwzk7d94
READY AUT 68 private-name proposals
REFRESH BACKUP AZE /tmp/worldos-shell-refresh-backup-k3cgqt3d
READY AZE 0 private-name proposals
REFRESH BACKUP BDI /tmp/worldos-shell-refresh-backup-kyccb1om
READY BDI 0 private-name proposals
REFRESH BACKUP BEL /tmp/worldos-shell-refresh-backup-zcfs8bwb
READY BEL 68 private-name proposals
REFRESH BACKUP BEN /tmp/worldos-shell-refresh-backup-uwz1pyt0
READY BEN 68 private-name proposals
REFRESH BACKUP BES /tmp/worldos-shell-refresh-backup-wjqt8ayb
READY BES 68 private-name proposals
REFRESH BACKUP BFA /tmp/worldos-shell-refresh-backup-lqpk5fav
READY BFA 68 private-name proposals
REFRESH BACKUP BGD /tmp/worldos-shell-refresh-backup-xazcoc61
READY BGD 68 private-name proposals
REFRESH BACKUP BGR /tmp/worldos-shell-refresh-backup-wd4oyiie
READY BGR 0 private-name proposals
REFRESH BACKUP BHR /tmp/worldos-shell-refresh-backup-wph72ttf
READY BHR 68 private-name proposals
REFRESH BACKUP BHS /tmp/worldos-shell-refresh-backup-p5h_icfd
READY BHS 68 private-name proposals
REFRESH BACKUP BIH /tmp/worldos-shell-refresh-backup-ety2qt0e
READY BIH 0 private-name proposals
REFRESH BACKUP BLM /tmp/worldos-shell-refresh-backup-nwhp52yo
READY BLM 68 private-name proposals
REFRESH BACKUP BLR /tmp/worldos-shell-refresh-backup-ycqq4yeo
READY BLR 0 private-name proposals
REFRESH BACKUP BLZ /tmp/worldos-shell-refresh-backup-1fgso7jx
READY BLZ 68 private-name proposals
REFRESH BACKUP BMU /tmp/worldos-shell-refresh-backup-268v5bg_
READY BMU 68 private-name proposals
REFRESH BACKUP BOL /tmp/worldos-shell-refresh-backup-3ccgv907
READY BOL 68 private-name proposals
REFRESH BACKUP BRA /tmp/worldos-shell-refresh-backup-y799e5lb
READY BRA 68 private-name proposals
REFRESH BACKUP BRB /tmp/worldos-shell-refresh-backup-mffhx6e2
READY BRB 68 private-name proposals
REFRESH BACKUP BRN /tmp/worldos-shell-refresh-backup-ky0engty
READY BRN 68 private-name proposals
REFRESH BACKUP BTN /tmp/worldos-shell-refresh-backup-cc8n1i41
READY BTN 0 private-name proposals
REFRESH BACKUP BVT /tmp/worldos-shell-refresh-backup-enzmc1xt
READY BVT 0 private-name proposals
REFRESH BACKUP BWA /tmp/worldos-shell-refresh-backup-8ff8b35o
READY BWA 68 private-name proposals
REFRESH BACKUP CAF /tmp/worldos-shell-refresh-backup-ylpzbpg_
READY CAF 68 private-name proposals
REFRESH BACKUP CAN /tmp/worldos-shell-refresh-backup-36r5pf5v
READY CAN 68 private-name proposals
REFRESH BACKUP CCK /tmp/worldos-shell-refresh-backup-cpodx7qs
READY CCK 68 private-name proposals
REFRESH BACKUP CHE /tmp/worldos-shell-refresh-backup-n_nxkip2
READY CHE 68 private-name proposals
REFRESH BACKUP CHL /tmp/worldos-shell-refresh-backup-jhsm1ugn
READY CHL 68 private-name proposals
REFRESH BACKUP CHN /tmp/worldos-shell-refresh-backup-bsjr2j8y
READY CHN 68 private-name proposals
REFRESH BACKUP CIV /tmp/worldos-shell-refresh-backup-goilm5r3
READY CIV 68 private-name proposals
REFRESH BACKUP CMR /tmp/worldos-shell-refresh-backup-hmhm3ug7
READY CMR 68 private-name proposals
REFRESH BACKUP COD /tmp/worldos-shell-refresh-backup-h8v84bz9
READY COD 68 private-name proposals
REFRESH BACKUP COG /tmp/worldos-shell-refresh-backup-6hcs5w8k
READY COG 68 private-name proposals
REFRESH BACKUP COK /tmp/worldos-shell-refresh-backup-wszut_ni
READY COK 68 private-name proposals
REFRESH BACKUP COL /tmp/worldos-shell-refresh-backup-ao_5n35g
READY COL 68 private-name proposals
REFRESH BACKUP COM /tmp/worldos-shell-refresh-backup-7adn_73q
READY COM 68 private-name proposals
REFRESH BACKUP CPV /tmp/worldos-shell-refresh-backup-zfvjj2q1
READY CPV 68 private-name proposals
REFRESH BACKUP CRI /tmp/worldos-shell-refresh-backup-ymuy2mgt
READY CRI 68 private-name proposals
REFRESH BACKUP CUB /tmp/worldos-shell-refresh-backup-5wt2b8yx
READY CUB 68 private-name proposals
REFRESH BACKUP CUW /tmp/worldos-shell-refresh-backup-oklgw3hj
READY CUW 0 private-name proposals
REFRESH BACKUP CXR /tmp/worldos-shell-refresh-backup-udtnbk2x
READY CXR 68 private-name proposals
REFRESH BACKUP CYM /tmp/worldos-shell-refresh-backup-ib4ixrlu
READY CYM 68 private-name proposals
REFRESH BACKUP CYP /tmp/worldos-shell-refresh-backup-8w76lo77
READY CYP 0 private-name proposals
REFRESH BACKUP CZE /tmp/worldos-shell-refresh-backup-kll4r632
READY CZE 68 private-name proposals
REFRESH BACKUP DEU /tmp/worldos-shell-refresh-backup-mjh6z0sf
READY DEU 68 private-name proposals
REFRESH BACKUP DJI /tmp/worldos-shell-refresh-backup-4c2q_qyp
READY DJI 68 private-name proposals
REFRESH BACKUP DMA /tmp/worldos-shell-refresh-backup-u1ck68ul
READY DMA 68 private-name proposals
REFRESH BACKUP DNK /tmp/worldos-shell-refresh-backup-ryx_j3wo
READY DNK 0 private-name proposals
REFRESH BACKUP DOM /tmp/worldos-shell-refresh-backup-y1k_m1u8
READY DOM 68 private-name proposals
REFRESH BACKUP DZA /tmp/worldos-shell-refresh-backup-mgvi2c5c
READY DZA 68 private-name proposals
REFRESH BACKUP ECU /tmp/worldos-shell-refresh-backup-qirvasl5
READY ECU 68 private-name proposals
REFRESH BACKUP EGY /tmp/worldos-shell-refresh-backup-r8xpxscz
READY EGY 68 private-name proposals
REFRESH BACKUP ERI /tmp/worldos-shell-refresh-backup-5_v6pln6
READY ERI 0 private-name proposals
REFRESH BACKUP ESH /tmp/worldos-shell-refresh-backup-sb7grr3f
READY ESH 68 private-name proposals
REFRESH BACKUP ESP /tmp/worldos-shell-refresh-backup-tbkp4q0d
READY ESP 68 private-name proposals
REFRESH BACKUP EST /tmp/worldos-shell-refresh-backup-eg5z8pju
READY EST 0 private-name proposals
REFRESH BACKUP ETH /tmp/worldos-shell-refresh-backup-uz43h8vy
READY ETH 0 private-name proposals
REFRESH BACKUP FIN /tmp/worldos-shell-refresh-backup-1tgxebsw
READY FIN 68 private-name proposals
REFRESH BACKUP FJI /tmp/worldos-shell-refresh-backup-ls59peuu
READY FJI 68 private-name proposals
REFRESH BACKUP FLK /tmp/worldos-shell-refresh-backup-_k46kwut
READY FLK 68 private-name proposals
REFRESH BACKUP FRA /tmp/worldos-shell-refresh-backup-t1r7bntw
READY FRA 68 private-name proposals
REFRESH BACKUP FRO /tmp/worldos-shell-refresh-backup-kosrle00
READY FRO 0 private-name proposals
REFRESH BACKUP FSM /tmp/worldos-shell-refresh-backup-y4mfuf59
READY FSM 68 private-name proposals
REFRESH BACKUP GAB /tmp/worldos-shell-refresh-backup-aq9z9quc
READY GAB 68 private-name proposals
REFRESH BACKUP GBR /tmp/worldos-shell-refresh-backup-olna3ejx
READY GBR 68 private-name proposals
REFRESH BACKUP GEO /tmp/worldos-shell-refresh-backup-ypf4i4e1
READY GEO 0 private-name proposals
REFRESH BACKUP GGY /tmp/worldos-shell-refresh-backup-kohr20re
READY GGY 68 private-name proposals
REFRESH BACKUP GHA /tmp/worldos-shell-refresh-backup-7qk3_pun
READY GHA 68 private-name proposals
REFRESH BACKUP GIB /tmp/worldos-shell-refresh-backup-_m9x4sae
READY GIB 68 private-name proposals
REFRESH BACKUP GIN /tmp/worldos-shell-refresh-backup-99cfzcgt
READY GIN 68 private-name proposals
REFRESH BACKUP GLP /tmp/worldos-shell-refresh-backup-tovvpmq3
READY GLP 68 private-name proposals
REFRESH BACKUP GMB /tmp/worldos-shell-refresh-backup-9b7hrk7w
READY GMB 68 private-name proposals
REFRESH BACKUP GNB /tmp/worldos-shell-refresh-backup-u5iurfoy
READY GNB 68 private-name proposals
REFRESH BACKUP GNQ /tmp/worldos-shell-refresh-backup-hhq22dx4
READY GNQ 68 private-name proposals
REFRESH BACKUP GRC /tmp/worldos-shell-refresh-backup-9246xm3c
READY GRC 0 private-name proposals
REFRESH BACKUP GRD /tmp/worldos-shell-refresh-backup-22mwvgvh
READY GRD 68 private-name proposals
REFRESH BACKUP GRL /tmp/worldos-shell-refresh-backup-2zxcbn9_
READY GRL 0 private-name proposals
REFRESH BACKUP GTM /tmp/worldos-shell-refresh-backup-fib6h0s7
READY GTM 68 private-name proposals
REFRESH BACKUP GUF /tmp/worldos-shell-refresh-backup-srnjno23
READY GUF 68 private-name proposals
REFRESH BACKUP GUM /tmp/worldos-shell-refresh-backup-udr0nc7a
READY GUM 68 private-name proposals
REFRESH BACKUP GUY /tmp/worldos-shell-refresh-backup-h1d6f9nh
READY GUY 68 private-name proposals
REFRESH BACKUP HKG /tmp/worldos-shell-refresh-backup-76_aojuj
READY HKG 68 private-name proposals
REFRESH BACKUP HMD /tmp/worldos-shell-refresh-backup-cu4y6n_j
READY HMD 0 private-name proposals
REFRESH BACKUP HND /tmp/worldos-shell-refresh-backup-z7zmnrve
READY HND 68 private-name proposals
REFRESH BACKUP HRV /tmp/worldos-shell-refresh-backup-zadkhdaz
READY HRV 0 private-name proposals
REFRESH BACKUP HTI /tmp/worldos-shell-refresh-backup-fel691ja
READY HTI 0 private-name proposals
REFRESH BACKUP HUN /tmp/worldos-shell-refresh-backup-w9zqx8h_
READY HUN 0 private-name proposals
REFRESH BACKUP IDN /tmp/worldos-shell-refresh-backup-mepchn5d
READY IDN 68 private-name proposals
REFRESH BACKUP IMN /tmp/worldos-shell-refresh-backup-_7o0fwk1
READY IMN 68 private-name proposals
REFRESH BACKUP IND /tmp/worldos-shell-refresh-backup-reiha1cm
READY IND 68 private-name proposals
REFRESH BACKUP IOT /tmp/worldos-shell-refresh-backup-v97f6gq8
READY IOT 68 private-name proposals
REFRESH BACKUP IRL /tmp/worldos-shell-refresh-backup-azofe3gp
READY IRL 68 private-name proposals
REFRESH BACKUP IRN /tmp/worldos-shell-refresh-backup-jjeomzu6
READY IRN 0 private-name proposals
REFRESH BACKUP IRQ /tmp/worldos-shell-refresh-backup-vc85j1qo
READY IRQ 68 private-name proposals
REFRESH BACKUP ISL /tmp/worldos-shell-refresh-backup-z6tw1oos
READY ISL 0 private-name proposals
REFRESH BACKUP ISR /tmp/worldos-shell-refresh-backup-b9l4chkd
READY ISR 0 private-name proposals
REFRESH BACKUP ITA /tmp/worldos-shell-refresh-backup-60hzh5hl
READY ITA 68 private-name proposals
REFRESH BACKUP JAM /tmp/worldos-shell-refresh-backup-w_i6h8z6
READY JAM 68 private-name proposals
REFRESH BACKUP JEY /tmp/worldos-shell-refresh-backup-f3hieyxf
READY JEY 68 private-name proposals
REFRESH BACKUP JOR /tmp/worldos-shell-refresh-backup-neo19tq3
READY JOR 68 private-name proposals
REFRESH BACKUP JPN /tmp/worldos-shell-refresh-backup-11k4wtta
READY JPN 68 private-name proposals
REFRESH BACKUP KAZ /tmp/worldos-shell-refresh-backup-63_ku0mx
READY KAZ 68 private-name proposals
REFRESH BACKUP KEN /tmp/worldos-shell-refresh-backup-yljasb4d
READY KEN 0 private-name proposals
REFRESH BACKUP KGZ /tmp/worldos-shell-refresh-backup-v3a87pb6
READY KGZ 0 private-name proposals
REFRESH BACKUP KHM /tmp/worldos-shell-refresh-backup-g_p36rrn
READY KHM 0 private-name proposals
REFRESH BACKUP KIR /tmp/worldos-shell-refresh-backup-8ncbwz6x
READY KIR 68 private-name proposals
REFRESH BACKUP KNA /tmp/worldos-shell-refresh-backup-u7vv8_0a
READY KNA 68 private-name proposals
REFRESH BACKUP KOR /tmp/worldos-shell-refresh-backup-1cmr21se
READY KOR 68 private-name proposals
REFRESH BACKUP KWT /tmp/worldos-shell-refresh-backup-69xoh9tp
READY KWT 68 private-name proposals
REFRESH BACKUP LAO /tmp/worldos-shell-refresh-backup-v89ofv6w
READY LAO 0 private-name proposals
REFRESH BACKUP LBN /tmp/worldos-shell-refresh-backup-acll_6b3
READY LBN 68 private-name proposals
REFRESH BACKUP LBR /tmp/worldos-shell-refresh-backup-sct_ioim
READY LBR 68 private-name proposals
REFRESH BACKUP LBY /tmp/worldos-shell-refresh-backup-bj5vjl6l
READY LBY 68 private-name proposals
REFRESH BACKUP LCA /tmp/worldos-shell-refresh-backup-ypns3ln_
READY LCA 68 private-name proposals
REFRESH BACKUP LIE /tmp/worldos-shell-refresh-backup-qwr2j62j
READY LIE 68 private-name proposals
REFRESH BACKUP LKA /tmp/worldos-shell-refresh-backup-uvmb6ygh
READY LKA 0 private-name proposals
REFRESH BACKUP LSO /tmp/worldos-shell-refresh-backup-nskfxjfs
READY LSO 0 private-name proposals
REFRESH BACKUP LTU /tmp/worldos-shell-refresh-backup-qn5kwoxk
READY LTU 0 private-name proposals
REFRESH BACKUP LUX /tmp/worldos-shell-refresh-backup-aws95ph9
READY LUX 68 private-name proposals
REFRESH BACKUP LVA /tmp/worldos-shell-refresh-backup-u2igs_lc
READY LVA 0 private-name proposals
REFRESH BACKUP MAC /tmp/worldos-shell-refresh-backup-3x4e4kgn
READY MAC 68 private-name proposals
REFRESH BACKUP MAF /tmp/worldos-shell-refresh-backup-mz8gq22x
READY MAF 68 private-name proposals
REFRESH BACKUP MAR /tmp/worldos-shell-refresh-backup-okezud6y
READY MAR 68 private-name proposals
REFRESH BACKUP MCO /tmp/worldos-shell-refresh-backup-8i88dfrp
READY MCO 68 private-name proposals
REFRESH BACKUP MDA /tmp/worldos-shell-refresh-backup-xkpojacw
READY MDA 0 private-name proposals
REFRESH BACKUP MDG /tmp/worldos-shell-refresh-backup-9rfwfwg7
READY MDG 0 private-name proposals
REFRESH BACKUP MDV /tmp/worldos-shell-refresh-backup-xlxcywsx
READY MDV 0 private-name proposals
REFRESH BACKUP MEX /tmp/worldos-shell-refresh-backup-jpqcboiq
READY MEX 68 private-name proposals
REFRESH BACKUP MHL /tmp/worldos-shell-refresh-backup-25k7pgk6
READY MHL 68 private-name proposals
REFRESH BACKUP MKD /tmp/worldos-shell-refresh-backup-9uu2abym
READY MKD 0 private-name proposals
REFRESH BACKUP MLI /tmp/worldos-shell-refresh-backup-im5dhlks
READY MLI 68 private-name proposals
REFRESH BACKUP MLT /tmp/worldos-shell-refresh-backup-9ss8ne1o
READY MLT 0 private-name proposals
REFRESH BACKUP MMR /tmp/worldos-shell-refresh-backup-m4b579rl
READY MMR 0 private-name proposals
REFRESH BACKUP MNE /tmp/worldos-shell-refresh-backup-fxhncl88
READY MNE 0 private-name proposals
REFRESH BACKUP MNG /tmp/worldos-shell-refresh-backup-zcs72q32
READY MNG 0 private-name proposals
REFRESH BACKUP MNP /tmp/worldos-shell-refresh-backup-zcjjkpd_
READY MNP 68 private-name proposals
REFRESH BACKUP MOZ /tmp/worldos-shell-refresh-backup-aasc1njx
READY MOZ 68 private-name proposals
REFRESH BACKUP MRT /tmp/worldos-shell-refresh-backup-bhi5am32
READY MRT 68 private-name proposals
REFRESH BACKUP MSR /tmp/worldos-shell-refresh-backup-i20_41o3
READY MSR 68 private-name proposals
REFRESH BACKUP MTQ /tmp/worldos-shell-refresh-backup-txbfsog2
READY MTQ 68 private-name proposals
REFRESH BACKUP MUS /tmp/worldos-shell-refresh-backup-qhbwvkof
READY MUS 68 private-name proposals
REFRESH BACKUP MWI /tmp/worldos-shell-refresh-backup-js__tn42
READY MWI 68 private-name proposals
REFRESH BACKUP MYS /tmp/worldos-shell-refresh-backup-49pk20z8
READY MYS 68 private-name proposals
REFRESH BACKUP MYT /tmp/worldos-shell-refresh-backup-wr19h1_c
READY MYT 68 private-name proposals
REFRESH BACKUP NAM /tmp/worldos-shell-refresh-backup-eo2_3z7z
READY NAM 68 private-name proposals
REFRESH BACKUP NCL /tmp/worldos-shell-refresh-backup-owlizqd9
READY NCL 68 private-name proposals
REFRESH BACKUP NER /tmp/worldos-shell-refresh-backup-qkhcmut2
READY NER 68 private-name proposals
REFRESH BACKUP NFK /tmp/worldos-shell-refresh-backup-0wdsh3x4
READY NFK 68 private-name proposals
REFRESH BACKUP NGA /tmp/worldos-shell-refresh-backup-udu8qqou
READY NGA 68 private-name proposals
REFRESH BACKUP NIC /tmp/worldos-shell-refresh-backup-h4pthxko
READY NIC 68 private-name proposals
REFRESH BACKUP NIU /tmp/worldos-shell-refresh-backup-_1udc6e2
READY NIU 68 private-name proposals
REFRESH BACKUP NLD /tmp/worldos-shell-refresh-backup-i4_n6bzr
READY NLD 68 private-name proposals
REFRESH BACKUP NOR /tmp/worldos-shell-refresh-backup-4y153dph
READY NOR 0 private-name proposals
REFRESH BACKUP NPL /tmp/worldos-shell-refresh-backup-6lp3o_0c
READY NPL 0 private-name proposals
REFRESH BACKUP NRU /tmp/worldos-shell-refresh-backup-1kq03gs_
READY NRU 68 private-name proposals
REFRESH BACKUP NZL /tmp/worldos-shell-refresh-backup-nofwk_im
READY NZL 68 private-name proposals
REFRESH BACKUP OMN /tmp/worldos-shell-refresh-backup-8wgruv34
READY OMN 68 private-name proposals
REFRESH BACKUP PAK /tmp/worldos-shell-refresh-backup-u3ev5bku
READY PAK 68 private-name proposals
REFRESH BACKUP PAN /tmp/worldos-shell-refresh-backup-vj0c5lz9
READY PAN 68 private-name proposals
REFRESH BACKUP PCN /tmp/worldos-shell-refresh-backup-52wwb8u5
READY PCN 68 private-name proposals
REFRESH BACKUP PER /tmp/worldos-shell-refresh-backup-f7rt8a88
READY PER 68 private-name proposals
REFRESH BACKUP PHL /tmp/worldos-shell-refresh-backup-pl0fxdps
READY PHL 68 private-name proposals
REFRESH BACKUP PLW /tmp/worldos-shell-refresh-backup-lqgb89v8
READY PLW 0 private-name proposals
REFRESH BACKUP PNG /tmp/worldos-shell-refresh-backup-y8uw1sgk
READY PNG 0 private-name proposals
REFRESH BACKUP POL /tmp/worldos-shell-refresh-backup-kf0rqw5o
READY POL 68 private-name proposals
REFRESH BACKUP PRI /tmp/worldos-shell-refresh-backup-mt1c8qds
READY PRI 68 private-name proposals
REFRESH BACKUP PRK /tmp/worldos-shell-refresh-backup-5i9myzh0
READY PRK 68 private-name proposals
REFRESH BACKUP PRT /tmp/worldos-shell-refresh-backup-_yvrzc_t
READY PRT 68 private-name proposals
REFRESH BACKUP PRY /tmp/worldos-shell-refresh-backup-zd2ajwoh
READY PRY 0 private-name proposals
REFRESH BACKUP PSE /tmp/worldos-shell-refresh-backup-_0oktzdl
READY PSE 68 private-name proposals
REFRESH BACKUP PYF /tmp/worldos-shell-refresh-backup-lyitozxw
READY PYF 68 private-name proposals
REFRESH BACKUP QAT /tmp/worldos-shell-refresh-backup-90t7lpis
READY QAT 68 private-name proposals
REFRESH BACKUP REU /tmp/worldos-shell-refresh-backup-lbpmum4b
READY REU 68 private-name proposals
REFRESH BACKUP ROU /tmp/worldos-shell-refresh-backup-0b9aiw_w
READY ROU 0 private-name proposals
REFRESH BACKUP RUS /tmp/worldos-shell-refresh-backup-ufn8jkhh
READY RUS 68 private-name proposals
REFRESH BACKUP RWA /tmp/worldos-shell-refresh-backup-rpr6jkgx
READY RWA 0 private-name proposals
REFRESH BACKUP SAU /tmp/worldos-shell-refresh-backup-cpp6npou
READY SAU 68 private-name proposals
REFRESH BACKUP SDN /tmp/worldos-shell-refresh-backup-d0f6qchj
READY SDN 68 private-name proposals
REFRESH BACKUP SEN /tmp/worldos-shell-refresh-backup-89frx0aw
READY SEN 0 private-name proposals
REFRESH BACKUP SGP /tmp/worldos-shell-refresh-backup-tejy6i20
READY SGP 68 private-name proposals
REFRESH BACKUP SGS /tmp/worldos-shell-refresh-backup-87cyciup
READY SGS 0 private-name proposals
REFRESH BACKUP SHN /tmp/worldos-shell-refresh-backup-6w407p_x
READY SHN 68 private-name proposals
REFRESH BACKUP SJM /tmp/worldos-shell-refresh-backup-jyhv5ade
READY SJM 0 private-name proposals
REFRESH BACKUP SLB /tmp/worldos-shell-refresh-backup-pzh414h5
READY SLB 68 private-name proposals
REFRESH BACKUP SLE /tmp/worldos-shell-refresh-backup-mrj3vkki
READY SLE 68 private-name proposals
REFRESH BACKUP SLV /tmp/worldos-shell-refresh-backup-vog0j2tz
READY SLV 68 private-name proposals
REFRESH BACKUP SMR /tmp/worldos-shell-refresh-backup-r2aqa053
READY SMR 68 private-name proposals
REFRESH BACKUP SOM /tmp/worldos-shell-refresh-backup-4npo80pz
READY SOM 0 private-name proposals
REFRESH BACKUP SPM /tmp/worldos-shell-refresh-backup-mr6y6053
READY SPM 68 private-name proposals
REFRESH BACKUP SRB /tmp/worldos-shell-refresh-backup-3j42nj2j
READY SRB 0 private-name proposals
REFRESH BACKUP SSD /tmp/worldos-shell-refresh-backup-evlwz1dj
READY SSD 68 private-name proposals
REFRESH BACKUP STP /tmp/worldos-shell-refresh-backup-vri4mryc
READY STP 68 private-name proposals
REFRESH BACKUP SUR /tmp/worldos-shell-refresh-backup-lmrxhvvp
READY SUR 68 private-name proposals
REFRESH BACKUP SVK /tmp/worldos-shell-refresh-backup-wsexcgw2
READY SVK 0 private-name proposals
REFRESH BACKUP SVN /tmp/worldos-shell-refresh-backup-sxt58i1d
READY SVN 0 private-name proposals
REFRESH BACKUP SWE /tmp/worldos-shell-refresh-backup-05bflfvw
READY SWE 68 private-name proposals
REFRESH BACKUP SWZ /tmp/worldos-shell-refresh-backup-p4t1dtrp
READY SWZ 68 private-name proposals
REFRESH BACKUP SXM /tmp/worldos-shell-refresh-backup-z_e5b1fm
READY SXM 68 private-name proposals
REFRESH BACKUP SYC /tmp/worldos-shell-refresh-backup-43_qzgog
READY SYC 68 private-name proposals
REFRESH BACKUP SYR /tmp/worldos-shell-refresh-backup-ltv4c8ei
READY SYR 68 private-name proposals
REFRESH BACKUP TCA /tmp/worldos-shell-refresh-backup-ou1r18vr
READY TCA 68 private-name proposals
REFRESH BACKUP TCD /tmp/worldos-shell-refresh-backup-yqbg_arw
READY TCD 68 private-name proposals
REFRESH BACKUP TGO /tmp/worldos-shell-refresh-backup-ll95g387
READY TGO 68 private-name proposals
REFRESH BACKUP THA /tmp/worldos-shell-refresh-backup-zrqb8jxg
READY THA 0 private-name proposals
REFRESH BACKUP TJK /tmp/worldos-shell-refresh-backup-_tuaw0v2
READY TJK 0 private-name proposals
REFRESH BACKUP TKL /tmp/worldos-shell-refresh-backup-4ruhqpbz
READY TKL 68 private-name proposals
REFRESH BACKUP TKM /tmp/worldos-shell-refresh-backup-_ng92xlr
READY TKM 0 private-name proposals
REFRESH BACKUP TLS /tmp/worldos-shell-refresh-backup-bsbaqmpq
READY TLS 68 private-name proposals
REFRESH BACKUP TON /tmp/worldos-shell-refresh-backup-0oq7eg5l
READY TON 0 private-name proposals
REFRESH BACKUP TTO /tmp/worldos-shell-refresh-backup-4hrxdgmc
READY TTO 68 private-name proposals
REFRESH BACKUP TUN /tmp/worldos-shell-refresh-backup-t9g9ttrc
READY TUN 68 private-name proposals
REFRESH BACKUP TUR /tmp/worldos-shell-refresh-backup-gf1auwus
READY TUR 68 private-name proposals
REFRESH BACKUP TUV /tmp/worldos-shell-refresh-backup-5ia42g4g
READY TUV 0 private-name proposals
REFRESH BACKUP TWN /tmp/worldos-shell-refresh-backup-670_pnbv
READY TWN 68 private-name proposals
REFRESH BACKUP TZA /tmp/worldos-shell-refresh-backup-kw2yvhxa
READY TZA 0 private-name proposals
REFRESH BACKUP UGA /tmp/worldos-shell-refresh-backup-4x5aetdg
READY UGA 0 private-name proposals
REFRESH BACKUP UKR /tmp/worldos-shell-refresh-backup-ruizm8_w
READY UKR 68 private-name proposals
REFRESH BACKUP UMI /tmp/worldos-shell-refresh-backup-z58ek82c
READY UMI 68 private-name proposals
REFRESH BACKUP URY /tmp/worldos-shell-refresh-backup-ovhh2c3j
READY URY 68 private-name proposals
REFRESH BACKUP USA /tmp/worldos-shell-refresh-backup-fz7potlh
READY USA 68 private-name proposals
REFRESH BACKUP UZB /tmp/worldos-shell-refresh-backup-bhwicxyk
READY UZB 0 private-name proposals
REFRESH BACKUP VAT /tmp/worldos-shell-refresh-backup-u6jlv13b
READY VAT 68 private-name proposals
REFRESH BACKUP VCT /tmp/worldos-shell-refresh-backup-8wwjt2wo
READY VCT 68 private-name proposals
REFRESH BACKUP VEN /tmp/worldos-shell-refresh-backup-n0x95qek
READY VEN 68 private-name proposals
REFRESH BACKUP VGB /tmp/worldos-shell-refresh-backup-flgmffzj
READY VGB 68 private-name proposals
REFRESH BACKUP VIR /tmp/worldos-shell-refresh-backup-aow9dh84
READY VIR 68 private-name proposals
REFRESH BACKUP VNM /tmp/worldos-shell-refresh-backup-_8_sugld
READY VNM 68 private-name proposals
REFRESH BACKUP VUT /tmp/worldos-shell-refresh-backup-c4juyewz
READY VUT 0 private-name proposals
REFRESH BACKUP WLF /tmp/worldos-shell-refresh-backup-auc1cksl
READY WLF 68 private-name proposals
REFRESH BACKUP WSM /tmp/worldos-shell-refresh-backup-mc2wxlym
READY WSM 0 private-name proposals
REFRESH BACKUP YEM /tmp/worldos-shell-refresh-backup-aoqky357
READY YEM 68 private-name proposals
REFRESH BACKUP ZAF /tmp/worldos-shell-refresh-backup-9z7buj5u
READY ZAF 68 private-name proposals
REFRESH BACKUP ZMB /tmp/worldos-shell-refresh-backup-owbdm0sy
READY ZMB 68 private-name proposals
REFRESH BACKUP ZWE /tmp/worldos-shell-refresh-backup-7_faifpo
READY ZWE 0 private-name proposals
REFRESH BACKUP IND/as_Beng /tmp/worldos-shell-refresh-backup-ax9ip7m4
READY IND/as_Beng 0 private-name proposals
REFRESH BACKUP IND/bn_Beng /tmp/worldos-shell-refresh-backup-_6sbil07
READY IND/bn_Beng 68 private-name proposals
REFRESH BACKUP IND/brx_Deva /tmp/worldos-shell-refresh-backup-h19gvtco
READY IND/brx_Deva 0 private-name proposals
REFRESH BACKUP IND/doi_Deva /tmp/worldos-shell-refresh-backup-fojoy7ft
READY IND/doi_Deva 0 private-name proposals
REFRESH BACKUP IND/gu_Gujr /tmp/worldos-shell-refresh-backup-gbq68fqc
READY IND/gu_Gujr 0 private-name proposals
REFRESH BACKUP IND/hi_Deva /tmp/worldos-shell-refresh-backup-qerq3k4e
READY IND/hi_Deva 68 private-name proposals
REFRESH BACKUP IND/kn_Knda /tmp/worldos-shell-refresh-backup-ogiyjyz7
READY IND/kn_Knda 0 private-name proposals
REFRESH BACKUP IND/ks_Arab /tmp/worldos-shell-refresh-backup-spk2d5ph
READY IND/ks_Arab 0 private-name proposals
REFRESH BACKUP IND/kok_Deva /tmp/worldos-shell-refresh-backup-kaau2qyc
READY IND/kok_Deva 0 private-name proposals
REFRESH BACKUP IND/mai_Deva /tmp/worldos-shell-refresh-backup-hz1xrk4q
READY IND/mai_Deva 0 private-name proposals
REFRESH BACKUP IND/ml_Mlym /tmp/worldos-shell-refresh-backup-zg5m0pc0
READY IND/ml_Mlym 0 private-name proposals
REFRESH BACKUP IND/mni_Mtei /tmp/worldos-shell-refresh-backup-7atq4nnt
READY IND/mni_Mtei 0 private-name proposals
REFRESH BACKUP IND/mr_Deva /tmp/worldos-shell-refresh-backup-b0uhuvtu
READY IND/mr_Deva 0 private-name proposals
REFRESH BACKUP IND/ne_Deva /tmp/worldos-shell-refresh-backup-5q7mgppt
READY IND/ne_Deva 0 private-name proposals
REFRESH BACKUP IND/or_Orya /tmp/worldos-shell-refresh-backup-goaynmse
READY IND/or_Orya 0 private-name proposals
REFRESH BACKUP IND/pa_Guru /tmp/worldos-shell-refresh-backup-3wvv0dv3
READY IND/pa_Guru 0 private-name proposals
REFRESH BACKUP IND/sa_Deva /tmp/worldos-shell-refresh-backup-nvs7axsp
READY IND/sa_Deva 0 private-name proposals
REFRESH BACKUP IND/sat_Olck /tmp/worldos-shell-refresh-backup-vkbdypkf
READY IND/sat_Olck 0 private-name proposals
REFRESH BACKUP IND/sd_Arab /tmp/worldos-shell-refresh-backup-5_sw0sjd
READY IND/sd_Arab 0 private-name proposals
REFRESH BACKUP IND/ta_Taml /tmp/worldos-shell-refresh-backup-uatt5y5t
READY IND/ta_Taml 68 private-name proposals
REFRESH BACKUP IND/te_Telu /tmp/worldos-shell-refresh-backup-clpm0dpu
READY IND/te_Telu 0 private-name proposals
REFRESH BACKUP IND/ur_Arab /tmp/worldos-shell-refresh-backup-k7gfci9y
READY IND/ur_Arab 68 private-name proposals
REFRESH BACKUP IND/kok_Latn /tmp/worldos-shell-refresh-backup-64886d6z
READY IND/kok_Latn 0 private-name proposals
REFRESH BACKUP IND/ks_Deva /tmp/worldos-shell-refresh-backup-u2tzwy47
READY IND/ks_Deva 0 private-name proposals
REFRESH BACKUP IND/mni_Beng /tmp/worldos-shell-refresh-backup-1_5y9dhz
READY IND/mni_Beng 0 private-name proposals
REFRESH BACKUP IND/pa_Arab /tmp/worldos-shell-refresh-backup-8s133htb
READY IND/pa_Arab 0 private-name proposals
REFRESH BACKUP IND/sat_Beng /tmp/worldos-shell-refresh-backup-prknz4c0
READY IND/sat_Beng 0 private-name proposals
REFRESH BACKUP IND/sat_Deva /tmp/worldos-shell-refresh-backup-ymy6eljo
READY IND/sat_Deva 0 private-name proposals
REFRESH BACKUP IND/sd_Deva /tmp/worldos-shell-refresh-backup-hbxmf6mv
READY IND/sd_Deva 0 private-name proposals
REFRESH BACKUP JPN/ja_Jpan /tmp/worldos-shell-refresh-backup-zozl76jw
READY JPN/ja_Jpan 68 private-name proposals
REFRESH BACKUP JPN/ja_Hira /tmp/worldos-shell-refresh-backup-ff9dtm2e
READY JPN/ja_Hira 68 private-name proposals
REFRESH BACKUP JPN/ja_Kana /tmp/worldos-shell-refresh-backup-c9cwtno7
READY JPN/ja_Kana 68 private-name proposals
REFRESH BACKUP CHN/zh_Hans /tmp/worldos-shell-refresh-backup-lrsf2kub
READY CHN/zh_Hans 68 private-name proposals
REFRESH BACKUP CHN/zh_Hant /tmp/worldos-shell-refresh-backup-2pb8eekb
READY CHN/zh_Hant 68 private-name proposals
REFRESH BACKUP HKG/zh_Hans /tmp/worldos-shell-refresh-backup-sqti2a0u
READY HKG/zh_Hans 68 private-name proposals
REFRESH BACKUP HKG/zh_Hant /tmp/worldos-shell-refresh-backup-693iyp_p
READY HKG/zh_Hant 68 private-name proposals
REFRESH BACKUP MAC/zh_Hans /tmp/worldos-shell-refresh-backup-744ummhy
READY MAC/zh_Hans 68 private-name proposals
REFRESH BACKUP MAC/zh_Hant /tmp/worldos-shell-refresh-backup-idu8ja56
READY MAC/zh_Hant 68 private-name proposals
REFRESH BACKUP TWN/zh_Hans /tmp/worldos-shell-refresh-backup-zvh5skny
READY TWN/zh_Hans 68 private-name proposals
REFRESH BACKUP TWN/zh_Hant /tmp/worldos-shell-refresh-backup-nisneg8c
READY TWN/zh_Hant 68 private-name proposals
REFRESH BACKUP SRB/sr_Cyrl /tmp/worldos-shell-refresh-backup-uo6d1mkx
READY SRB/sr_Cyrl 0 private-name proposals
REFRESH BACKUP SRB/sr_Latn /tmp/worldos-shell-refresh-backup-o5e98pe_
READY SRB/sr_Latn 0 private-name proposals
REFRESH BACKUP MNE/sr_Cyrl /tmp/worldos-shell-refresh-backup-ct_g8vfa
READY MNE/sr_Cyrl 0 private-name proposals
REFRESH BACKUP MNE/sr_Latn /tmp/worldos-shell-refresh-backup-anha_3p9
READY MNE/sr_Latn 0 private-name proposals
REFRESH BACKUP BIH/bs_Cyrl /tmp/worldos-shell-refresh-backup-7n041qa_
READY BIH/bs_Cyrl 0 private-name proposals
REFRESH BACKUP BIH/bs_Latn /tmp/worldos-shell-refresh-backup-4okfkqo1
READY BIH/bs_Latn 0 private-name proposals
