REFRESH BACKUP ABW /tmp/worldos-shell-refresh-backup-9eqji57g
READY ABW 68 private-name proposals
REFRESH BACKUP AFG /tmp/worldos-shell-refresh-backup-1b940qxn
READY AFG 0 private-name proposals
REFRESH BACKUP AGO /tmp/worldos-shell-refresh-backup-p_vb85qu
READY AGO 68 private-name proposals
REFRESH BACKUP AIA /tmp/worldos-shell-refresh-backup-gi1b8hv_
READY AIA 68 private-name proposals
REFRESH BACKUP ALA /tmp/worldos-shell-refresh-backup-euncpqpd
READY ALA 68 private-name proposals
REFRESH BACKUP ALB /tmp/worldos-shell-refresh-backup-122wm8rp
READY ALB 0 private-name proposals
REFRESH BACKUP AND /tmp/worldos-shell-refresh-backup-48nfa5zp
READY AND 0 private-name proposals
REFRESH BACKUP ARE /tmp/worldos-shell-refresh-backup-p1lv65sc
READY ARE 68 private-name proposals
REFRESH BACKUP ARG /tmp/worldos-shell-refresh-backup-0tiv2toc
READY ARG 68 private-name proposals
REFRESH BACKUP ARM /tmp/worldos-shell-refresh-backup-d71z858m
READY ARM 0 private-name proposals
REFRESH BACKUP ASM /tmp/worldos-shell-refresh-backup-70402rp_
READY ASM 0 private-name proposals
REFRESH BACKUP ATA /tmp/worldos-shell-refresh-backup-6dt2v5p_
READY ATA 0 private-name proposals
REFRESH BACKUP ATF /tmp/worldos-shell-refresh-backup-wwtffod1
READY ATF 68 private-name proposals
REFRESH BACKUP ATG /tmp/worldos-shell-refresh-backup-1m13y3ig
READY ATG 68 private-name proposals
REFRESH BACKUP AUS /tmp/worldos-shell-refresh-backup-mf1dmj2t
READY AUS 68 private-name proposals
REFRESH BACKUP AUT /tmp/worldos-shell-refresh-backup-0ayleabz
READY AUT 68 private-name proposals
REFRESH BACKUP AZE /tmp/worldos-shell-refresh-backup-nh0sx3yz
READY AZE 0 private-name proposals
REFRESH BACKUP BDI /tmp/worldos-shell-refresh-backup-6uquadj_
READY BDI 0 private-name proposals
REFRESH BACKUP BEL /tmp/worldos-shell-refresh-backup-83o5thsi
READY BEL 68 private-name proposals
REFRESH BACKUP BEN /tmp/worldos-shell-refresh-backup-by0pzht6
READY BEN 68 private-name proposals
REFRESH BACKUP BES /tmp/worldos-shell-refresh-backup-8emnh6eo
READY BES 68 private-name proposals
REFRESH BACKUP BFA /tmp/worldos-shell-refresh-backup-ces72sx0
READY BFA 68 private-name proposals
REFRESH BACKUP BGD /tmp/worldos-shell-refresh-backup-8q_mp6s4
READY BGD 68 private-name proposals
REFRESH BACKUP BGR /tmp/worldos-shell-refresh-backup-thmfjbq5
READY BGR 0 private-name proposals
REFRESH BACKUP BHR /tmp/worldos-shell-refresh-backup-x420_m1o
READY BHR 68 private-name proposals
REFRESH BACKUP BHS /tmp/worldos-shell-refresh-backup-61w4o4kb
READY BHS 68 private-name proposals
REFRESH BACKUP BIH /tmp/worldos-shell-refresh-backup-rszc8vi7
READY BIH 0 private-name proposals
REFRESH BACKUP BLM /tmp/worldos-shell-refresh-backup-gwxf6fco
READY BLM 68 private-name proposals
REFRESH BACKUP BLR /tmp/worldos-shell-refresh-backup-f2ps0k04
READY BLR 0 private-name proposals
REFRESH BACKUP BLZ /tmp/worldos-shell-refresh-backup-z0v9yits
READY BLZ 68 private-name proposals
REFRESH BACKUP BMU /tmp/worldos-shell-refresh-backup-iwxs9uia
READY BMU 68 private-name proposals
REFRESH BACKUP BOL /tmp/worldos-shell-refresh-backup-ddnqfx7m
READY BOL 68 private-name proposals
REFRESH BACKUP BRA /tmp/worldos-shell-refresh-backup-1qfrvbwf
READY BRA 68 private-name proposals
REFRESH BACKUP BRB /tmp/worldos-shell-refresh-backup-yk9rgeki
READY BRB 68 private-name proposals
REFRESH BACKUP BRN /tmp/worldos-shell-refresh-backup-6ra997_a
READY BRN 68 private-name proposals
REFRESH BACKUP BTN /tmp/worldos-shell-refresh-backup-3d5g4xn_
READY BTN 0 private-name proposals
REFRESH BACKUP BVT /tmp/worldos-shell-refresh-backup-557dug66
READY BVT 0 private-name proposals
REFRESH BACKUP BWA /tmp/worldos-shell-refresh-backup-6j_stooj
READY BWA 68 private-name proposals
REFRESH BACKUP CAF /tmp/worldos-shell-refresh-backup-68_66a4n
READY CAF 68 private-name proposals
REFRESH BACKUP CAN /tmp/worldos-shell-refresh-backup-no5pbo6e
READY CAN 68 private-name proposals
REFRESH BACKUP CCK /tmp/worldos-shell-refresh-backup-6_k49xe2
READY CCK 68 private-name proposals
REFRESH BACKUP CHE /tmp/worldos-shell-refresh-backup-ytm03yxm
READY CHE 68 private-name proposals
REFRESH BACKUP CHL /tmp/worldos-shell-refresh-backup-40qe9qu_
READY CHL 68 private-name proposals
REFRESH BACKUP CHN /tmp/worldos-shell-refresh-backup-6wm51t1o
READY CHN 68 private-name proposals
REFRESH BACKUP CIV /tmp/worldos-shell-refresh-backup-el97lnkp
READY CIV 68 private-name proposals
REFRESH BACKUP CMR /tmp/worldos-shell-refresh-backup-q019x3sl
READY CMR 68 private-name proposals
REFRESH BACKUP COD /tmp/worldos-shell-refresh-backup-1rf8v4a8
READY COD 68 private-name proposals
REFRESH BACKUP COG /tmp/worldos-shell-refresh-backup-8l5hy1t6
READY COG 68 private-name proposals
REFRESH BACKUP COK /tmp/worldos-shell-refresh-backup-52fl7hlm
READY COK 68 private-name proposals
REFRESH BACKUP COL /tmp/worldos-shell-refresh-backup-bht5r7rt
READY COL 68 private-name proposals
REFRESH BACKUP COM /tmp/worldos-shell-refresh-backup-fcp1qvd8
READY COM 68 private-name proposals
REFRESH BACKUP CPV /tmp/worldos-shell-refresh-backup-3v2rmijw
READY CPV 68 private-name proposals
REFRESH BACKUP CRI /tmp/worldos-shell-refresh-backup-9j267wdc
READY CRI 68 private-name proposals
REFRESH BACKUP CUB /tmp/worldos-shell-refresh-backup-mnex3eh9
READY CUB 68 private-name proposals
REFRESH BACKUP CUW /tmp/worldos-shell-refresh-backup-dpa54e4n
READY CUW 0 private-name proposals
REFRESH BACKUP CXR /tmp/worldos-shell-refresh-backup-rn0_qdys
READY CXR 68 private-name proposals
REFRESH BACKUP CYM /tmp/worldos-shell-refresh-backup-4l29cpvr
READY CYM 68 private-name proposals
REFRESH BACKUP CYP /tmp/worldos-shell-refresh-backup-opq2ltqu
READY CYP 0 private-name proposals
REFRESH BACKUP CZE /tmp/worldos-shell-refresh-backup-506hzq4m
READY CZE 68 private-name proposals
REFRESH BACKUP DEU /tmp/worldos-shell-refresh-backup-u_byrb6i
READY DEU 68 private-name proposals
REFRESH BACKUP DJI /tmp/worldos-shell-refresh-backup-ha2ao0ld
READY DJI 68 private-name proposals
REFRESH BACKUP DMA /tmp/worldos-shell-refresh-backup-bek0y25n
READY DMA 68 private-name proposals
REFRESH BACKUP DNK /tmp/worldos-shell-refresh-backup-ie3n1m1e
READY DNK 0 private-name proposals
REFRESH BACKUP DOM /tmp/worldos-shell-refresh-backup-vj7g8ydq
READY DOM 68 private-name proposals
REFRESH BACKUP DZA /tmp/worldos-shell-refresh-backup-7s9kyr0j
READY DZA 68 private-name proposals
REFRESH BACKUP ECU /tmp/worldos-shell-refresh-backup-6zi1chdx
READY ECU 68 private-name proposals
REFRESH BACKUP EGY /tmp/worldos-shell-refresh-backup-ybpzouns
READY EGY 68 private-name proposals
REFRESH BACKUP ERI /tmp/worldos-shell-refresh-backup-ycgkuagy
READY ERI 0 private-name proposals
REFRESH BACKUP ESH /tmp/worldos-shell-refresh-backup-iayxe8ud
READY ESH 68 private-name proposals
REFRESH BACKUP ESP /tmp/worldos-shell-refresh-backup-rn3t3l15
READY ESP 68 private-name proposals
REFRESH BACKUP EST /tmp/worldos-shell-refresh-backup-615_ubka
READY EST 0 private-name proposals
REFRESH BACKUP ETH /tmp/worldos-shell-refresh-backup-qpmb_ghy
READY ETH 0 private-name proposals
REFRESH BACKUP FIN /tmp/worldos-shell-refresh-backup-tebavetx
READY FIN 68 private-name proposals
REFRESH BACKUP FJI /tmp/worldos-shell-refresh-backup-68mwn1ub
READY FJI 68 private-name proposals
REFRESH BACKUP FLK /tmp/worldos-shell-refresh-backup-rw0z92am
READY FLK 68 private-name proposals
REFRESH BACKUP FRA /tmp/worldos-shell-refresh-backup-4n2lahbp
READY FRA 68 private-name proposals
REFRESH BACKUP FRO /tmp/worldos-shell-refresh-backup-fsrxq68l
READY FRO 0 private-name proposals
REFRESH BACKUP FSM /tmp/worldos-shell-refresh-backup-qvmupftw
READY FSM 68 private-name proposals
REFRESH BACKUP GAB /tmp/worldos-shell-refresh-backup-yibt87n_
READY GAB 68 private-name proposals
REFRESH BACKUP GBR /tmp/worldos-shell-refresh-backup-rztcsveq
READY GBR 68 private-name proposals
REFRESH BACKUP GEO /tmp/worldos-shell-refresh-backup-bn0vw3p3
READY GEO 0 private-name proposals
REFRESH BACKUP GGY /tmp/worldos-shell-refresh-backup-fkm_u1fh
READY GGY 68 private-name proposals
REFRESH BACKUP GHA /tmp/worldos-shell-refresh-backup-pbmg3osb
READY GHA 68 private-name proposals
REFRESH BACKUP GIB /tmp/worldos-shell-refresh-backup-vx2ehco4
READY GIB 68 private-name proposals
REFRESH BACKUP GIN /tmp/worldos-shell-refresh-backup-m1ss31id
READY GIN 68 private-name proposals
REFRESH BACKUP GLP /tmp/worldos-shell-refresh-backup-9vc5wixt
READY GLP 68 private-name proposals
REFRESH BACKUP GMB /tmp/worldos-shell-refresh-backup-nstpboj0
READY GMB 68 private-name proposals
REFRESH BACKUP GNB /tmp/worldos-shell-refresh-backup-2n37j3tg
READY GNB 68 private-name proposals
REFRESH BACKUP GNQ /tmp/worldos-shell-refresh-backup-76xi3ft4
READY GNQ 68 private-name proposals
REFRESH BACKUP GRC /tmp/worldos-shell-refresh-backup-xzigcnxi
READY GRC 0 private-name proposals
REFRESH BACKUP GRD /tmp/worldos-shell-refresh-backup-b1cy9l1g
READY GRD 68 private-name proposals
REFRESH BACKUP GRL /tmp/worldos-shell-refresh-backup-9_frttre
READY GRL 0 private-name proposals
REFRESH BACKUP GTM /tmp/worldos-shell-refresh-backup-haw4lmb8
READY GTM 68 private-name proposals
REFRESH BACKUP GUF /tmp/worldos-shell-refresh-backup-u0gzz0eh
READY GUF 68 private-name proposals
REFRESH BACKUP GUM /tmp/worldos-shell-refresh-backup-n0fnfao2
READY GUM 68 private-name proposals
REFRESH BACKUP GUY /tmp/worldos-shell-refresh-backup-itnsjwxd
READY GUY 68 private-name proposals
REFRESH BACKUP HKG /tmp/worldos-shell-refresh-backup-mwegyags
READY HKG 68 private-name proposals
REFRESH BACKUP HMD /tmp/worldos-shell-refresh-backup-70hjeosd
READY HMD 0 private-name proposals
REFRESH BACKUP HND /tmp/worldos-shell-refresh-backup-0xfjltkt
READY HND 68 private-name proposals
REFRESH BACKUP HRV /tmp/worldos-shell-refresh-backup-w9b4er54
READY HRV 0 private-name proposals
REFRESH BACKUP HTI /tmp/worldos-shell-refresh-backup-j4ci0v8q
READY HTI 0 private-name proposals
REFRESH BACKUP HUN /tmp/worldos-shell-refresh-backup-a1tl0v7i
READY HUN 0 private-name proposals
REFRESH BACKUP IDN /tmp/worldos-shell-refresh-backup-ib3oxow5
READY IDN 68 private-name proposals
REFRESH BACKUP IMN /tmp/worldos-shell-refresh-backup-vpuvrrii
READY IMN 68 private-name proposals
REFRESH BACKUP IND /tmp/worldos-shell-refresh-backup-3ayu6zky
READY IND 68 private-name proposals
REFRESH BACKUP IOT /tmp/worldos-shell-refresh-backup-p6p40_qq
READY IOT 68 private-name proposals
REFRESH BACKUP IRL /tmp/worldos-shell-refresh-backup-rskgpecz
READY IRL 68 private-name proposals
REFRESH BACKUP IRN /tmp/worldos-shell-refresh-backup-97cwuigh
READY IRN 0 private-name proposals
REFRESH BACKUP IRQ /tmp/worldos-shell-refresh-backup-xnj8ep47
READY IRQ 68 private-name proposals
REFRESH BACKUP ISL /tmp/worldos-shell-refresh-backup-jw2_t74d
READY ISL 0 private-name proposals
REFRESH BACKUP ISR /tmp/worldos-shell-refresh-backup-0u_1mp40
READY ISR 0 private-name proposals
REFRESH BACKUP ITA /tmp/worldos-shell-refresh-backup-gi0_enc7
READY ITA 68 private-name proposals
REFRESH BACKUP JAM /tmp/worldos-shell-refresh-backup-w2xe3ufb
READY JAM 68 private-name proposals
REFRESH BACKUP JEY /tmp/worldos-shell-refresh-backup-r7oxchzq
READY JEY 68 private-name proposals
REFRESH BACKUP JOR /tmp/worldos-shell-refresh-backup-6s5ibug2
READY JOR 68 private-name proposals
REFRESH BACKUP JPN /tmp/worldos-shell-refresh-backup-svkf46t5
READY JPN 68 private-name proposals
REFRESH BACKUP KAZ /tmp/worldos-shell-refresh-backup-6b7hl524
READY KAZ 68 private-name proposals
REFRESH BACKUP KEN /tmp/worldos-shell-refresh-backup-zedgdjl0
READY KEN 0 private-name proposals
REFRESH BACKUP KGZ /tmp/worldos-shell-refresh-backup-w6vw8rvb
READY KGZ 0 private-name proposals
REFRESH BACKUP KHM /tmp/worldos-shell-refresh-backup-fo1bxrtc
READY KHM 0 private-name proposals
REFRESH BACKUP KIR /tmp/worldos-shell-refresh-backup-0sdl4oxn
READY KIR 68 private-name proposals
REFRESH BACKUP KNA /tmp/worldos-shell-refresh-backup-qanl_16i
READY KNA 68 private-name proposals
REFRESH BACKUP KOR /tmp/worldos-shell-refresh-backup-usor1m88
READY KOR 68 private-name proposals
REFRESH BACKUP KWT /tmp/worldos-shell-refresh-backup-150ocrn6
READY KWT 68 private-name proposals
REFRESH BACKUP LAO /tmp/worldos-shell-refresh-backup-y6fwqlsv
READY LAO 0 private-name proposals
REFRESH BACKUP LBN /tmp/worldos-shell-refresh-backup-f241daq3
READY LBN 68 private-name proposals
REFRESH BACKUP LBR /tmp/worldos-shell-refresh-backup-ggxykq6w
READY LBR 68 private-name proposals
REFRESH BACKUP LBY /tmp/worldos-shell-refresh-backup-enka66bh
READY LBY 68 private-name proposals
REFRESH BACKUP LCA /tmp/worldos-shell-refresh-backup-rbfdddng
READY LCA 68 private-name proposals
REFRESH BACKUP LIE /tmp/worldos-shell-refresh-backup-i7hvrkdl
READY LIE 68 private-name proposals
REFRESH BACKUP LKA /tmp/worldos-shell-refresh-backup-p59rur2h
READY LKA 0 private-name proposals
REFRESH BACKUP LSO /tmp/worldos-shell-refresh-backup-3x31blsi
READY LSO 0 private-name proposals
REFRESH BACKUP LTU /tmp/worldos-shell-refresh-backup-k2s8dalv
READY LTU 0 private-name proposals
REFRESH BACKUP LUX /tmp/worldos-shell-refresh-backup-uruqfjo7
READY LUX 68 private-name proposals
REFRESH BACKUP LVA /tmp/worldos-shell-refresh-backup-ognm5nty
READY LVA 0 private-name proposals
REFRESH BACKUP MAC /tmp/worldos-shell-refresh-backup-qhs94utv
READY MAC 68 private-name proposals
REFRESH BACKUP MAF /tmp/worldos-shell-refresh-backup-0pretgbs
READY MAF 68 private-name proposals
REFRESH BACKUP MAR /tmp/worldos-shell-refresh-backup-4f6jvaoo
READY MAR 68 private-name proposals
REFRESH BACKUP MCO /tmp/worldos-shell-refresh-backup-c62mynw5
READY MCO 68 private-name proposals
REFRESH BACKUP MDA /tmp/worldos-shell-refresh-backup-ja4og6pm
READY MDA 0 private-name proposals
REFRESH BACKUP MDG /tmp/worldos-shell-refresh-backup-eth_res_
READY MDG 0 private-name proposals
REFRESH BACKUP MDV /tmp/worldos-shell-refresh-backup-rf1rdsk2
READY MDV 0 private-name proposals
REFRESH BACKUP MEX /tmp/worldos-shell-refresh-backup-jgvgwglm
READY MEX 68 private-name proposals
REFRESH BACKUP MHL /tmp/worldos-shell-refresh-backup-zu3p9lkz
READY MHL 68 private-name proposals
REFRESH BACKUP MKD /tmp/worldos-shell-refresh-backup-9nbpnl29
READY MKD 0 private-name proposals
REFRESH BACKUP MLI /tmp/worldos-shell-refresh-backup-pz3lfjn5
READY MLI 68 private-name proposals
REFRESH BACKUP MLT /tmp/worldos-shell-refresh-backup-_i81yrzc
READY MLT 0 private-name proposals
REFRESH BACKUP MMR /tmp/worldos-shell-refresh-backup-i0gt32jp
READY MMR 0 private-name proposals
REFRESH BACKUP MNE /tmp/worldos-shell-refresh-backup-5n7ianh2
READY MNE 0 private-name proposals
REFRESH BACKUP MNG /tmp/worldos-shell-refresh-backup-wdnb501n
READY MNG 0 private-name proposals
REFRESH BACKUP MNP /tmp/worldos-shell-refresh-backup-bfbpxjyo
READY MNP 68 private-name proposals
REFRESH BACKUP MOZ /tmp/worldos-shell-refresh-backup-sksk_101
READY MOZ 68 private-name proposals
REFRESH BACKUP MRT /tmp/worldos-shell-refresh-backup-6vp0tsx7
READY MRT 68 private-name proposals
REFRESH BACKUP MSR /tmp/worldos-shell-refresh-backup-5ve_at3j
READY MSR 68 private-name proposals
REFRESH BACKUP MTQ /tmp/worldos-shell-refresh-backup-6wpf4_t5
READY MTQ 68 private-name proposals
REFRESH BACKUP MUS /tmp/worldos-shell-refresh-backup-puztllsi
READY MUS 68 private-name proposals
REFRESH BACKUP MWI /tmp/worldos-shell-refresh-backup-mzu635ex
READY MWI 68 private-name proposals
REFRESH BACKUP MYS /tmp/worldos-shell-refresh-backup-qmr47q4d
READY MYS 68 private-name proposals
REFRESH BACKUP MYT /tmp/worldos-shell-refresh-backup-9482aa4q
READY MYT 68 private-name proposals
REFRESH BACKUP NAM /tmp/worldos-shell-refresh-backup-949n_el4
READY NAM 68 private-name proposals
REFRESH BACKUP NCL /tmp/worldos-shell-refresh-backup-ex6e9dmy
READY NCL 68 private-name proposals
REFRESH BACKUP NER /tmp/worldos-shell-refresh-backup-bt2lfba1
READY NER 68 private-name proposals
REFRESH BACKUP NFK /tmp/worldos-shell-refresh-backup-8rzggj98
READY NFK 68 private-name proposals
REFRESH BACKUP NGA /tmp/worldos-shell-refresh-backup-qwd1wzqg
READY NGA 68 private-name proposals
REFRESH BACKUP NIC /tmp/worldos-shell-refresh-backup-vwpkti_s
READY NIC 68 private-name proposals
REFRESH BACKUP NIU /tmp/worldos-shell-refresh-backup-k43s0ui2
READY NIU 68 private-name proposals
REFRESH BACKUP NLD /tmp/worldos-shell-refresh-backup-lwmy0_04
READY NLD 68 private-name proposals
REFRESH BACKUP NOR /tmp/worldos-shell-refresh-backup-b5o38q_b
READY NOR 0 private-name proposals
REFRESH BACKUP NPL /tmp/worldos-shell-refresh-backup-gbbsl3nm
READY NPL 0 private-name proposals
REFRESH BACKUP NRU /tmp/worldos-shell-refresh-backup-5kix28v5
READY NRU 68 private-name proposals
REFRESH BACKUP NZL /tmp/worldos-shell-refresh-backup-_wr4d7m6
READY NZL 68 private-name proposals
REFRESH BACKUP OMN /tmp/worldos-shell-refresh-backup-h_2gpf7o
READY OMN 68 private-name proposals
REFRESH BACKUP PAK /tmp/worldos-shell-refresh-backup-xa69pvv7
READY PAK 68 private-name proposals
REFRESH BACKUP PAN /tmp/worldos-shell-refresh-backup-9wbf74qy
READY PAN 68 private-name proposals
REFRESH BACKUP PCN /tmp/worldos-shell-refresh-backup-r66mazjs
READY PCN 68 private-name proposals
REFRESH BACKUP PER /tmp/worldos-shell-refresh-backup-m252s45q
READY PER 68 private-name proposals
REFRESH BACKUP PHL /tmp/worldos-shell-refresh-backup-h3hvs3hq
READY PHL 68 private-name proposals
REFRESH BACKUP PLW /tmp/worldos-shell-refresh-backup-_wamx4tj
READY PLW 0 private-name proposals
REFRESH BACKUP PNG /tmp/worldos-shell-refresh-backup-ave354s3
READY PNG 0 private-name proposals
REFRESH BACKUP POL /tmp/worldos-shell-refresh-backup-wacxxnch
READY POL 68 private-name proposals
REFRESH BACKUP PRI /tmp/worldos-shell-refresh-backup-t3i44rep
READY PRI 68 private-name proposals
REFRESH BACKUP PRK /tmp/worldos-shell-refresh-backup-_hqljf2q
READY PRK 68 private-name proposals
REFRESH BACKUP PRT /tmp/worldos-shell-refresh-backup-qfuvqiae
READY PRT 68 private-name proposals
REFRESH BACKUP PRY /tmp/worldos-shell-refresh-backup-vzxk_1kc
READY PRY 0 private-name proposals
REFRESH BACKUP PSE /tmp/worldos-shell-refresh-backup-hzsvc6p4
READY PSE 68 private-name proposals
REFRESH BACKUP PYF /tmp/worldos-shell-refresh-backup-ib8o04zs
READY PYF 68 private-name proposals
REFRESH BACKUP QAT /tmp/worldos-shell-refresh-backup-yak2oljj
READY QAT 68 private-name proposals
REFRESH BACKUP REU /tmp/worldos-shell-refresh-backup-zk4sk7ke
READY REU 68 private-name proposals
REFRESH BACKUP ROU /tmp/worldos-shell-refresh-backup-tby1tcga
READY ROU 0 private-name proposals
REFRESH BACKUP RUS /tmp/worldos-shell-refresh-backup-_htr3sny
READY RUS 68 private-name proposals
REFRESH BACKUP RWA /tmp/worldos-shell-refresh-backup-3lw30auj
READY RWA 0 private-name proposals
REFRESH BACKUP SAU /tmp/worldos-shell-refresh-backup-wafp0sr7
READY SAU 68 private-name proposals
REFRESH BACKUP SDN /tmp/worldos-shell-refresh-backup-b1lee6wq
READY SDN 68 private-name proposals
REFRESH BACKUP SEN /tmp/worldos-shell-refresh-backup-3lu0wwo2
READY SEN 0 private-name proposals
REFRESH BACKUP SGP /tmp/worldos-shell-refresh-backup-4geypb6u
READY SGP 68 private-name proposals
REFRESH BACKUP SGS /tmp/worldos-shell-refresh-backup-y_y8reye
READY SGS 0 private-name proposals
REFRESH BACKUP SHN /tmp/worldos-shell-refresh-backup-u0n7ylm4
READY SHN 68 private-name proposals
REFRESH BACKUP SJM /tmp/worldos-shell-refresh-backup-dkctd251
READY SJM 0 private-name proposals
REFRESH BACKUP SLB /tmp/worldos-shell-refresh-backup-g0dyq431
READY SLB 68 private-name proposals
REFRESH BACKUP SLE /tmp/worldos-shell-refresh-backup-lbapes3g
READY SLE 68 private-name proposals
REFRESH BACKUP SLV /tmp/worldos-shell-refresh-backup-ewz8ac6y
READY SLV 68 private-name proposals
REFRESH BACKUP SMR /tmp/worldos-shell-refresh-backup-q6xb9d1x
READY SMR 68 private-name proposals
REFRESH BACKUP SOM /tmp/worldos-shell-refresh-backup-d_6bdgoz
READY SOM 0 private-name proposals
REFRESH BACKUP SPM /tmp/worldos-shell-refresh-backup-amcphb7s
READY SPM 68 private-name proposals
REFRESH BACKUP SRB /tmp/worldos-shell-refresh-backup-wmyq5_ix
READY SRB 0 private-name proposals
REFRESH BACKUP SSD /tmp/worldos-shell-refresh-backup-53wzxtmd
READY SSD 68 private-name proposals
REFRESH BACKUP STP /tmp/worldos-shell-refresh-backup-ncubno6u
READY STP 68 private-name proposals
REFRESH BACKUP SUR /tmp/worldos-shell-refresh-backup-1395_r8e
READY SUR 68 private-name proposals
REFRESH BACKUP SVK /tmp/worldos-shell-refresh-backup-lxv2u3s5
READY SVK 0 private-name proposals
REFRESH BACKUP SVN /tmp/worldos-shell-refresh-backup-p6vnkajj
READY SVN 0 private-name proposals
REFRESH BACKUP SWE /tmp/worldos-shell-refresh-backup-hkkbhd4a
READY SWE 68 private-name proposals
REFRESH BACKUP SWZ /tmp/worldos-shell-refresh-backup-csd2mo21
READY SWZ 68 private-name proposals
REFRESH BACKUP SXM /tmp/worldos-shell-refresh-backup-vvd1djp_
READY SXM 68 private-name proposals
REFRESH BACKUP SYC /tmp/worldos-shell-refresh-backup-y5iazbqm
READY SYC 68 private-name proposals
REFRESH BACKUP SYR /tmp/worldos-shell-refresh-backup-_k3xg6ev
READY SYR 68 private-name proposals
REFRESH BACKUP TCA /tmp/worldos-shell-refresh-backup-2tpkqq98
READY TCA 68 private-name proposals
REFRESH BACKUP TCD /tmp/worldos-shell-refresh-backup-cs3oca0f
READY TCD 68 private-name proposals
REFRESH BACKUP TGO /tmp/worldos-shell-refresh-backup-dfbbty_s
READY TGO 68 private-name proposals
REFRESH BACKUP THA /tmp/worldos-shell-refresh-backup-fir5h1ip
READY THA 0 private-name proposals
REFRESH BACKUP TJK /tmp/worldos-shell-refresh-backup-xntiog1l
READY TJK 0 private-name proposals
REFRESH BACKUP TKL /tmp/worldos-shell-refresh-backup-8wckx7ay
READY TKL 68 private-name proposals
REFRESH BACKUP TKM /tmp/worldos-shell-refresh-backup-olkxxnyr
READY TKM 0 private-name proposals
REFRESH BACKUP TLS /tmp/worldos-shell-refresh-backup-_bxhcp2o
READY TLS 68 private-name proposals
REFRESH BACKUP TON /tmp/worldos-shell-refresh-backup-0o09pbql
READY TON 0 private-name proposals
REFRESH BACKUP TTO /tmp/worldos-shell-refresh-backup-so3jmr8j
READY TTO 68 private-name proposals
REFRESH BACKUP TUN /tmp/worldos-shell-refresh-backup-k3dw2jl2
READY TUN 68 private-name proposals
REFRESH BACKUP TUR /tmp/worldos-shell-refresh-backup-fpqmmnhg
READY TUR 68 private-name proposals
REFRESH BACKUP TUV /tmp/worldos-shell-refresh-backup-dpgqswmb
READY TUV 0 private-name proposals
REFRESH BACKUP TWN /tmp/worldos-shell-refresh-backup-p52g9ce3
READY TWN 68 private-name proposals
REFRESH BACKUP TZA /tmp/worldos-shell-refresh-backup-on9hzgtj
READY TZA 0 private-name proposals
REFRESH BACKUP UGA /tmp/worldos-shell-refresh-backup-7ze6022w
READY UGA 0 private-name proposals
REFRESH BACKUP UKR /tmp/worldos-shell-refresh-backup-j_p_yuby
READY UKR 68 private-name proposals
REFRESH BACKUP UMI /tmp/worldos-shell-refresh-backup-fp_5hcdd
READY UMI 68 private-name proposals
REFRESH BACKUP URY /tmp/worldos-shell-refresh-backup-nryo7ql0
READY URY 68 private-name proposals
REFRESH BACKUP USA /tmp/worldos-shell-refresh-backup-wawci2cy
READY USA 68 private-name proposals
REFRESH BACKUP UZB /tmp/worldos-shell-refresh-backup-4pakogwz
READY UZB 0 private-name proposals
REFRESH BACKUP VAT /tmp/worldos-shell-refresh-backup-lpprlslc
READY VAT 68 private-name proposals
REFRESH BACKUP VCT /tmp/worldos-shell-refresh-backup-f_39ln1m
READY VCT 68 private-name proposals
REFRESH BACKUP VEN /tmp/worldos-shell-refresh-backup-wfkbu51o
READY VEN 68 private-name proposals
REFRESH BACKUP VGB /tmp/worldos-shell-refresh-backup-em80lr77
READY VGB 68 private-name proposals
REFRESH BACKUP VIR /tmp/worldos-shell-refresh-backup-fya58oew
READY VIR 68 private-name proposals
REFRESH BACKUP VNM /tmp/worldos-shell-refresh-backup-8886tv_r
READY VNM 68 private-name proposals
REFRESH BACKUP VUT /tmp/worldos-shell-refresh-backup-ec25h_nj
READY VUT 0 private-name proposals
REFRESH BACKUP WLF /tmp/worldos-shell-refresh-backup-m6ymds39
READY WLF 68 private-name proposals
REFRESH BACKUP WSM /tmp/worldos-shell-refresh-backup-xej14hla
READY WSM 0 private-name proposals
REFRESH BACKUP YEM /tmp/worldos-shell-refresh-backup-pd6e89j1
READY YEM 68 private-name proposals
REFRESH BACKUP ZAF /tmp/worldos-shell-refresh-backup-ubhh9qr7
READY ZAF 68 private-name proposals
REFRESH BACKUP ZMB /tmp/worldos-shell-refresh-backup-5eam4bj1
READY ZMB 68 private-name proposals
REFRESH BACKUP ZWE /tmp/worldos-shell-refresh-backup-9cd02mo7
READY ZWE 0 private-name proposals
REFRESH BACKUP IND/as_Beng /tmp/worldos-shell-refresh-backup-_2athjmq
READY IND/as_Beng 0 private-name proposals
REFRESH BACKUP IND/bn_Beng /tmp/worldos-shell-refresh-backup-gkqy73p9
READY IND/bn_Beng 68 private-name proposals
REFRESH BACKUP IND/brx_Deva /tmp/worldos-shell-refresh-backup-b2wk6g5i
READY IND/brx_Deva 0 private-name proposals
REFRESH BACKUP IND/doi_Deva /tmp/worldos-shell-refresh-backup-433314en
READY IND/doi_Deva 0 private-name proposals
REFRESH BACKUP IND/gu_Gujr /tmp/worldos-shell-refresh-backup-tqirw_b7
READY IND/gu_Gujr 0 private-name proposals
REFRESH BACKUP IND/hi_Deva /tmp/worldos-shell-refresh-backup-64xh49yp
READY IND/hi_Deva 68 private-name proposals
REFRESH BACKUP IND/kn_Knda /tmp/worldos-shell-refresh-backup-lblrieg1
READY IND/kn_Knda 0 private-name proposals
REFRESH BACKUP IND/ks_Arab /tmp/worldos-shell-refresh-backup-q4a9uar5
READY IND/ks_Arab 0 private-name proposals
REFRESH BACKUP IND/kok_Deva /tmp/worldos-shell-refresh-backup-g60sf2lt
READY IND/kok_Deva 0 private-name proposals
REFRESH BACKUP IND/mai_Deva /tmp/worldos-shell-refresh-backup-osxqoa0_
READY IND/mai_Deva 0 private-name proposals
REFRESH BACKUP IND/ml_Mlym /tmp/worldos-shell-refresh-backup-3dtn1dsj
READY IND/ml_Mlym 0 private-name proposals
REFRESH BACKUP IND/mni_Mtei /tmp/worldos-shell-refresh-backup-f5tt10op
READY IND/mni_Mtei 0 private-name proposals
REFRESH BACKUP IND/mr_Deva /tmp/worldos-shell-refresh-backup-qe3g6o_d
READY IND/mr_Deva 0 private-name proposals
REFRESH BACKUP IND/ne_Deva /tmp/worldos-shell-refresh-backup-o6fnnowm
READY IND/ne_Deva 0 private-name proposals
REFRESH BACKUP IND/or_Orya /tmp/worldos-shell-refresh-backup-x17n72hf
READY IND/or_Orya 0 private-name proposals
REFRESH BACKUP IND/pa_Guru /tmp/worldos-shell-refresh-backup-hcrtrqi1
READY IND/pa_Guru 0 private-name proposals
REFRESH BACKUP IND/sa_Deva /tmp/worldos-shell-refresh-backup-6lp7curj
READY IND/sa_Deva 0 private-name proposals
REFRESH BACKUP IND/sat_Olck /tmp/worldos-shell-refresh-backup-lldgve1w
READY IND/sat_Olck 0 private-name proposals
REFRESH BACKUP IND/sd_Arab /tmp/worldos-shell-refresh-backup-dopo96es
READY IND/sd_Arab 0 private-name proposals
REFRESH BACKUP IND/ta_Taml /tmp/worldos-shell-refresh-backup-17bhuha3
READY IND/ta_Taml 68 private-name proposals
REFRESH BACKUP IND/te_Telu /tmp/worldos-shell-refresh-backup-ts9fc8ly
READY IND/te_Telu 0 private-name proposals
REFRESH BACKUP IND/ur_Arab /tmp/worldos-shell-refresh-backup-zponzcm2
READY IND/ur_Arab 68 private-name proposals
REFRESH BACKUP IND/kok_Latn /tmp/worldos-shell-refresh-backup-3hgtpf1s
READY IND/kok_Latn 0 private-name proposals
REFRESH BACKUP IND/ks_Deva /tmp/worldos-shell-refresh-backup-4nu5e95p
READY IND/ks_Deva 0 private-name proposals
REFRESH BACKUP IND/mni_Beng /tmp/worldos-shell-refresh-backup-d1rt8sf2
READY IND/mni_Beng 0 private-name proposals
REFRESH BACKUP IND/pa_Arab /tmp/worldos-shell-refresh-backup-66hl5ll5
READY IND/pa_Arab 0 private-name proposals
REFRESH BACKUP IND/sat_Beng /tmp/worldos-shell-refresh-backup-_3mlnda8
READY IND/sat_Beng 0 private-name proposals
REFRESH BACKUP IND/sat_Deva /tmp/worldos-shell-refresh-backup-ma4dvc82
READY IND/sat_Deva 0 private-name proposals
REFRESH BACKUP IND/sd_Deva /tmp/worldos-shell-refresh-backup-71jf56lm
READY IND/sd_Deva 0 private-name proposals
REFRESH BACKUP JPN/ja_Jpan /tmp/worldos-shell-refresh-backup-i6jrbllz
READY JPN/ja_Jpan 68 private-name proposals
REFRESH BACKUP JPN/ja_Hira /tmp/worldos-shell-refresh-backup-48uc_iqo
READY JPN/ja_Hira 68 private-name proposals
REFRESH BACKUP JPN/ja_Kana /tmp/worldos-shell-refresh-backup-3i01vvjz
READY JPN/ja_Kana 68 private-name proposals
REFRESH BACKUP CHN/zh_Hans /tmp/worldos-shell-refresh-backup-20c0695a
READY CHN/zh_Hans 68 private-name proposals
REFRESH BACKUP CHN/zh_Hant /tmp/worldos-shell-refresh-backup-6fun72fp
READY CHN/zh_Hant 68 private-name proposals
REFRESH BACKUP HKG/zh_Hans /tmp/worldos-shell-refresh-backup-w5hqsofv
READY HKG/zh_Hans 68 private-name proposals
REFRESH BACKUP HKG/zh_Hant /tmp/worldos-shell-refresh-backup-vvq_qq0m
READY HKG/zh_Hant 68 private-name proposals
REFRESH BACKUP MAC/zh_Hans /tmp/worldos-shell-refresh-backup-5739qj5n
READY MAC/zh_Hans 68 private-name proposals
REFRESH BACKUP MAC/zh_Hant /tmp/worldos-shell-refresh-backup-7n6m7uh6
READY MAC/zh_Hant 68 private-name proposals
REFRESH BACKUP TWN/zh_Hans /tmp/worldos-shell-refresh-backup-st4tv3o4
READY TWN/zh_Hans 68 private-name proposals
REFRESH BACKUP TWN/zh_Hant /tmp/worldos-shell-refresh-backup-rbl40kd2
READY TWN/zh_Hant 68 private-name proposals
REFRESH BACKUP SRB/sr_Cyrl /tmp/worldos-shell-refresh-backup-wtbyco4c
READY SRB/sr_Cyrl 0 private-name proposals
REFRESH BACKUP SRB/sr_Latn /tmp/worldos-shell-refresh-backup-ezegtvhu
READY SRB/sr_Latn 0 private-name proposals
REFRESH BACKUP MNE/sr_Cyrl /tmp/worldos-shell-refresh-backup-zo46xksi
READY MNE/sr_Cyrl 0 private-name proposals
REFRESH BACKUP MNE/sr_Latn /tmp/worldos-shell-refresh-backup-69fe9nf8
READY MNE/sr_Latn 0 private-name proposals
REFRESH BACKUP BIH/bs_Cyrl /tmp/worldos-shell-refresh-backup-l77ogpfs
READY BIH/bs_Cyrl 0 private-name proposals
REFRESH BACKUP BIH/bs_Latn /tmp/worldos-shell-refresh-backup-kc8vn34i
READY BIH/bs_Latn 0 private-name proposals
