AFG PASS PASS
ABW PASS PASS
AIA PASS PASS
AGO PASS PASS
ALA PASS PASS
ALB PASS PASS
AND PASS PASS
ARE PASS PASS
ARG PASS PASS
ARM PASS PASS
ASM PASS PASS
ATA PASS PASS
ATF PASS PASS
ATG PASS PASS
AUT PASS PASS
AUS PASS PASS
AZE PASS PASS
BDI PASS PASS
BEL PASS PASS
BEN PASS PASS
BES PASS PASS
BFA PASS PASS
BGD PASS PASS
BGR PASS PASS
BHR PASS PASS
BHS PASS PASS
BIH PASS PASS
BLM PASS PASS
BLR PASS PASS
BLZ PASS PASS
BMU PASS PASS
BOL PASS PASS
BRA PASS PASS
BRB PASS PASS
BRN PASS PASS
BTN PASS PASS
BVT PASS PASS
BWA PASS PASS
CAF PASS PASS
CAN PASS PASS
CCK PASS PASS
CHE PASS PASS
CHL PASS PASS
CHN PASS PASS
CIV PASS PASS
CMR PASS PASS
COD PASS PASS
COG PASS PASS
COK PASS PASS
COL PASS PASS
COM PASS PASS
CPV PASS PASS
CRI PASS PASS
CUB PASS PASS
CUW PASS PASS
CXR PASS PASS
CYM PASS PASS
CYP PASS PASS
CZE PASS PASS
DEU PASS PASS
DJI PASS PASS
DMA PASS PASS
DNK PASS PASS
DOM PASS PASS
DZA PASS PASS
ECU PASS PASS
EGY PASS PASS
ERI PASS PASS
ESH PASS PASS
ESP PASS PASS
EST PASS PASS
ETH PASS PASS
FIN PASS PASS
FJI PASS PASS
FLK PASS PASS
FRA PASS PASS
FRO PASS PASS
FSM PASS PASS
GAB PASS PASS
GBR PASS PASS
GEO PASS PASS
GGY PASS PASS
GHA PASS PASS
GIB PASS PASS
GIN PASS PASS
GLP PASS PASS
GMB PASS PASS
GNB PASS PASS
GNQ PASS PASS
GRC PASS PASS
GRD PASS PASS
GRL PASS PASS
GTM PASS PASS
GUF PASS PASS
GUM PASS PASS
GUY PASS PASS
HKG PASS PASS
HMD PASS PASS
HND PASS PASS
HRV PASS PASS
HTI PASS PASS
HUN PASS PASS
IDN PASS PASS
IMN PASS PASS
IND PASS PASS
IOT PASS PASS
IRL PASS PASS
IRN PASS PASS
IRQ PASS PASS
ISL PASS PASS
ISR PASS PASS
ITA PASS PASS
JAM PASS PASS
JEY PASS PASS
JOR PASS PASS
JPN PASS PASS
KAZ PASS PASS
KEN PASS PASS
KGZ PASS PASS
KHM PASS PASS
KIR PASS PASS
KNA PASS PASS
KOR PASS PASS
KWT PASS PASS
LAO PASS PASS
LBN PASS PASS
LBR PASS PASS
LBY PASS PASS
LCA PASS PASS
LIE PASS PASS
LKA PASS PASS
LSO PASS PASS
LTU PASS PASS
LUX PASS PASS
LVA PASS PASS
MAC PASS PASS
MAF PASS PASS
MAR PASS PASS
MCO PASS PASS
MDA PASS PASS
MDG PASS PASS
MDV PASS PASS
MEX PASS PASS
MHL PASS PASS
MKD PASS PASS
MLI PASS PASS
MLT PASS PASS
MMR PASS PASS
MNE PASS PASS
MNG PASS PASS
MNP PASS PASS
MOZ PASS PASS
MRT PASS PASS
MSR PASS PASS
MTQ PASS PASS
MUS PASS PASS
MWI PASS PASS
MYS PASS PASS
MYT PASS PASS
NAM PASS PASS
NCL PASS PASS
NER PASS PASS
NFK PASS PASS
NGA PASS PASS
NIC PASS PASS
NIU PASS PASS
NLD PASS PASS
NOR PASS PASS
NPL PASS PASS
NRU PASS PASS
NZL PASS PASS
OMN PASS PASS
PAK PASS PASS
PAN PASS PASS
PCN PASS PASS
PER PASS PASS
PHL PASS PASS
PLW PASS PASS
PNG PASS PASS
POL PASS PASS
PRI PASS PASS
PRK PASS PASS
PRT PASS PASS
PRY PASS PASS
PSE PASS PASS
PYF PASS PASS
QAT PASS PASS
REU PASS PASS
ROU PASS PASS
RUS PASS PASS
RWA PASS PASS
SAU PASS PASS
SDN PASS PASS
SEN PASS PASS
SGP PASS PASS
SGS PASS PASS
SHN PASS PASS
SJM PASS PASS
SLB PASS PASS
SLE PASS PASS
SLV PASS PASS
SMR PASS PASS
SOM PASS PASS
SPM PASS PASS
SRB PASS PASS
SSD PASS PASS
STP PASS PASS
SUR PASS PASS
SVK PASS PASS
SVN PASS PASS
SWE PASS PASS
SWZ PASS PASS
SXM PASS PASS
SYC PASS PASS
SYR PASS PASS
TCA PASS PASS
TCD PASS PASS
TGO PASS PASS
THA PASS PASS
TJK PASS PASS
TKL PASS PASS
TKM PASS PASS
TLS PASS PASS
TON PASS PASS
TTO PASS PASS
TUN PASS PASS
TUR PASS PASS
TUV PASS PASS
TWN PASS PASS
TZA PASS PASS
UGA PASS PASS
UKR PASS PASS
UMI PASS PASS
URY PASS PASS
USA PASS PASS
UZB PASS PASS
VAT PASS PASS
VCT PASS PASS
VEN PASS PASS
VGB PASS PASS
VIR PASS PASS
VNM PASS PASS
VUT PASS PASS
WLF PASS PASS
WSM PASS PASS
YEM PASS PASS
ZAF PASS PASS
ZMB PASS PASS
ZWE PASS PASS
IND/as_Beng PASS PASS
IND/bn_Beng PASS PASS
IND/brx_Deva PASS PASS
IND/doi_Deva PASS PASS
IND/gu_Gujr PASS PASS
IND/hi_Deva PASS PASS
IND/kn_Knda PASS PASS
IND/ks_Arab PASS PASS
IND/kok_Deva PASS PASS
IND/mai_Deva PASS PASS
IND/ml_Mlym PASS PASS
IND/mni_Mtei PASS PASS
IND/mr_Deva PASS PASS
IND/ne_Deva PASS PASS
IND/or_Orya PASS PASS
IND/pa_Guru PASS PASS
IND/sa_Deva PASS PASS
IND/sat_Olck PASS PASS
IND/sd_Arab PASS PASS
IND/ta_Taml PASS PASS
IND/te_Telu PASS PASS
IND/ur_Arab PASS PASS
IND/kok_Latn PASS PASS
IND/ks_Deva PASS PASS
IND/mni_Beng PASS PASS
IND/pa_Arab PASS PASS
IND/sat_Beng PASS PASS
IND/sat_Deva PASS PASS
IND/sd_Deva PASS PASS
JPN/ja_Jpan PASS PASS
JPN/ja_Hira PASS PASS
JPN/ja_Kana PASS PASS
CHN/zh_Hans PASS PASS
CHN/zh_Hant PASS PASS
HKG/zh_Hans PASS PASS
HKG/zh_Hant PASS PASS
MAC/zh_Hans PASS PASS
MAC/zh_Hant PASS PASS
TWN/zh_Hans PASS PASS
TWN/zh_Hant PASS PASS
SRB/sr_Cyrl PASS PASS
SRB/sr_Latn PASS PASS
MNE/sr_Cyrl PASS PASS
MNE/sr_Latn PASS PASS
BIH/bs_Cyrl PASS PASS
BIH/bs_Latn PASS PASS
