INSTALLED ABW BACKUP /tmp/worldos-vbox-install-backup-oxwgp6nb
INSTALLED AFG BACKUP /tmp/worldos-vbox-install-backup-o4aamlor
INSTALLED AGO BACKUP /tmp/worldos-vbox-install-backup-dobp29c5
INSTALLED AIA BACKUP /tmp/worldos-vbox-install-backup-dne0kr3l
INSTALLED ALA BACKUP /tmp/worldos-vbox-install-backup-xrptb4c2
INSTALLED ALB BACKUP /tmp/worldos-vbox-install-backup-g0ywl_e7
INSTALLED AND BACKUP /tmp/worldos-vbox-install-backup-ya9t51pp
INSTALLED ARE BACKUP /tmp/worldos-vbox-install-backup-5x5f1ze_
INSTALLED ARG BACKUP /tmp/worldos-vbox-install-backup-qh4f27mi
INSTALLED ARM BACKUP /tmp/worldos-vbox-install-backup-pex9fy3g
INSTALLED ASM BACKUP /tmp/worldos-vbox-install-backup-rz1q9uo0
INSTALLED ATA BACKUP /tmp/worldos-vbox-install-backup-mcrkvmy1
INSTALLED ATF BACKUP /tmp/worldos-vbox-install-backup-ozt5zz7k
INSTALLED ATG BACKUP /tmp/worldos-vbox-install-backup-7g9yy35z
INSTALLED AUS BACKUP /tmp/worldos-vbox-install-backup-jq7tux9p
INSTALLED AUT BACKUP /tmp/worldos-vbox-install-backup-h3vtaz3x
INSTALLED AZE BACKUP /tmp/worldos-vbox-install-backup-lgd8ewxn
INSTALLED BDI BACKUP /tmp/worldos-vbox-install-backup-higwo1im
INSTALLED BEL BACKUP /tmp/worldos-vbox-install-backup-fge4nia7
INSTALLED BEN BACKUP /tmp/worldos-vbox-install-backup-42ea5rfc
INSTALLED BES BACKUP /tmp/worldos-vbox-install-backup-f125tst7
INSTALLED BFA BACKUP /tmp/worldos-vbox-install-backup-mcwhpgrp
INSTALLED BGD BACKUP /tmp/worldos-vbox-install-backup-3tpcfv05
INSTALLED BGR BACKUP /tmp/worldos-vbox-install-backup-vs07ulxc
INSTALLED BHR BACKUP /tmp/worldos-vbox-install-backup-310av9j1
INSTALLED BHS BACKUP /tmp/worldos-vbox-install-backup-1_dsf91_
INSTALLED BIH BACKUP /tmp/worldos-vbox-install-backup-_iltg63i
INSTALLED BLM BACKUP /tmp/worldos-vbox-install-backup-f3u0zwp1
INSTALLED BLR BACKUP /tmp/worldos-vbox-install-backup-k5bmyx0y
INSTALLED BLZ BACKUP /tmp/worldos-vbox-install-backup-f0t9hk8n
INSTALLED BMU BACKUP /tmp/worldos-vbox-install-backup-2tujxrfx
INSTALLED BOL BACKUP /tmp/worldos-vbox-install-backup-gihm42tr
INSTALLED BRA BACKUP /tmp/worldos-vbox-install-backup-unoqhsk6
INSTALLED BRB BACKUP /tmp/worldos-vbox-install-backup-4onkmyh9
INSTALLED BRN BACKUP /tmp/worldos-vbox-install-backup-_3_d7quy
INSTALLED BTN BACKUP /tmp/worldos-vbox-install-backup-ki1lbbso
INSTALLED BVT BACKUP /tmp/worldos-vbox-install-backup-xjg9jy77
INSTALLED BWA BACKUP /tmp/worldos-vbox-install-backup-y7dd12re
INSTALLED CAF BACKUP /tmp/worldos-vbox-install-backup-ssu_7062
INSTALLED CAN BACKUP /tmp/worldos-vbox-install-backup-fw6fju1j
INSTALLED CCK BACKUP /tmp/worldos-vbox-install-backup-08as1buq
INSTALLED CHE BACKUP /tmp/worldos-vbox-install-backup-t4avn4yf
INSTALLED CHL BACKUP /tmp/worldos-vbox-install-backup-ny1efam6
INSTALLED CHN BACKUP /tmp/worldos-vbox-install-backup-pfzf6gzs
INSTALLED CIV BACKUP /tmp/worldos-vbox-install-backup-zq48tus7
INSTALLED CMR BACKUP /tmp/worldos-vbox-install-backup-pkh3i_7r
INSTALLED COD BACKUP /tmp/worldos-vbox-install-backup-gplomcd7
INSTALLED COG BACKUP /tmp/worldos-vbox-install-backup-z35ld0is
INSTALLED COK BACKUP /tmp/worldos-vbox-install-backup-xqlrhq7o
INSTALLED COL BACKUP /tmp/worldos-vbox-install-backup-xqtou8q2
INSTALLED COM BACKUP /tmp/worldos-vbox-install-backup-zv7cpr19
INSTALLED CPV BACKUP /tmp/worldos-vbox-install-backup-oinik8nm
INSTALLED CRI BACKUP /tmp/worldos-vbox-install-backup-fmblhbc8
INSTALLED CUB BACKUP /tmp/worldos-vbox-install-backup-fby1dj00
INSTALLED CUW BACKUP /tmp/worldos-vbox-install-backup-gyz2eiy0
INSTALLED CXR BACKUP /tmp/worldos-vbox-install-backup-54946s47
INSTALLED CYM BACKUP /tmp/worldos-vbox-install-backup-jhe9wsn8
INSTALLED CYP BACKUP /tmp/worldos-vbox-install-backup-y42quxhq
INSTALLED CZE BACKUP /tmp/worldos-vbox-install-backup-biy4769p
INSTALLED DEU BACKUP /tmp/worldos-vbox-install-backup-qzj5bb7b
INSTALLED DJI BACKUP /tmp/worldos-vbox-install-backup-vx8b4o7v
INSTALLED DMA BACKUP /tmp/worldos-vbox-install-backup-33xiio_2
INSTALLED DNK BACKUP /tmp/worldos-vbox-install-backup-7sdqgxww
INSTALLED DOM BACKUP /tmp/worldos-vbox-install-backup-s3mdixws
INSTALLED DZA BACKUP /tmp/worldos-vbox-install-backup-pelw2aas
INSTALLED ECU BACKUP /tmp/worldos-vbox-install-backup-cjo9u57i
INSTALLED EGY BACKUP /tmp/worldos-vbox-install-backup-_00f123e
INSTALLED ERI BACKUP /tmp/worldos-vbox-install-backup-tcpfr7uv
INSTALLED ESH BACKUP /tmp/worldos-vbox-install-backup-y92j8hq3
INSTALLED ESP BACKUP /tmp/worldos-vbox-install-backup-a1hj4gii
INSTALLED EST BACKUP /tmp/worldos-vbox-install-backup-v_r7hs0y
INSTALLED ETH BACKUP /tmp/worldos-vbox-install-backup-h7a817_u
INSTALLED FIN BACKUP /tmp/worldos-vbox-install-backup-x7x52k2w
INSTALLED FJI BACKUP /tmp/worldos-vbox-install-backup-02tpfqjn
INSTALLED FLK BACKUP /tmp/worldos-vbox-install-backup-1pfznuxl
INSTALLED FRA BACKUP /tmp/worldos-vbox-install-backup-kgdfk49h
INSTALLED FRO BACKUP /tmp/worldos-vbox-install-backup-zao0p5bv
INSTALLED FSM BACKUP /tmp/worldos-vbox-install-backup-60g6sonr
INSTALLED GAB BACKUP /tmp/worldos-vbox-install-backup-9nq2q_v4
INSTALLED GBR BACKUP /tmp/worldos-vbox-install-backup-pzrnbun4
INSTALLED GEO BACKUP /tmp/worldos-vbox-install-backup-rjxa8yau
INSTALLED GGY BACKUP /tmp/worldos-vbox-install-backup-yomuoh66
INSTALLED GHA BACKUP /tmp/worldos-vbox-install-backup-fqawhopu
INSTALLED GIB BACKUP /tmp/worldos-vbox-install-backup-wxwpiug8
INSTALLED GIN BACKUP /tmp/worldos-vbox-install-backup-aiuj5658
INSTALLED GLP BACKUP /tmp/worldos-vbox-install-backup-_lv7slch
INSTALLED GMB BACKUP /tmp/worldos-vbox-install-backup-jss70k7w
INSTALLED GNB BACKUP /tmp/worldos-vbox-install-backup-1nuw9a1z
INSTALLED GNQ BACKUP /tmp/worldos-vbox-install-backup-w3ni2yh5
INSTALLED GRC BACKUP /tmp/worldos-vbox-install-backup-msy5nqgp
INSTALLED GRD BACKUP /tmp/worldos-vbox-install-backup-cijqgfgx
INSTALLED GRL BACKUP /tmp/worldos-vbox-install-backup-_ipk_nrs
INSTALLED GTM BACKUP /tmp/worldos-vbox-install-backup-voo7wfoi
INSTALLED GUF BACKUP /tmp/worldos-vbox-install-backup-bhpfz9yh
INSTALLED GUM BACKUP /tmp/worldos-vbox-install-backup-trslvdzs
INSTALLED GUY BACKUP /tmp/worldos-vbox-install-backup-fstc1l45
INSTALLED HKG BACKUP /tmp/worldos-vbox-install-backup-ea3k9at_
INSTALLED HMD BACKUP /tmp/worldos-vbox-install-backup-x6n7ru1u
INSTALLED HND BACKUP /tmp/worldos-vbox-install-backup-ufkadblh
INSTALLED HRV BACKUP /tmp/worldos-vbox-install-backup-xkq63hzp
INSTALLED HTI BACKUP /tmp/worldos-vbox-install-backup-9ot05g0n
INSTALLED HUN BACKUP /tmp/worldos-vbox-install-backup-8bil2hgp
INSTALLED IDN BACKUP /tmp/worldos-vbox-install-backup-_ijqmd2a
INSTALLED IMN BACKUP /tmp/worldos-vbox-install-backup-yz1tkl3s
INSTALLED IND BACKUP /tmp/worldos-vbox-install-backup-u0el4r4k
INSTALLED IOT BACKUP /tmp/worldos-vbox-install-backup-1ysodk39
INSTALLED IRL BACKUP /tmp/worldos-vbox-install-backup-9uy4jvh9
INSTALLED IRN BACKUP /tmp/worldos-vbox-install-backup-mb2vxhpe
INSTALLED IRQ BACKUP /tmp/worldos-vbox-install-backup-6va7jdle
INSTALLED ISL BACKUP /tmp/worldos-vbox-install-backup-6ti4_wqx
INSTALLED ISR BACKUP /tmp/worldos-vbox-install-backup-mgswrsm5
INSTALLED ITA BACKUP /tmp/worldos-vbox-install-backup-g6sw6mfa
INSTALLED JAM BACKUP /tmp/worldos-vbox-install-backup-opef3vr5
INSTALLED JEY BACKUP /tmp/worldos-vbox-install-backup-8f2i22l4
INSTALLED JOR BACKUP /tmp/worldos-vbox-install-backup-0xre47zk
INSTALLED JPN BACKUP /tmp/worldos-vbox-install-backup-05lb834e
INSTALLED KAZ BACKUP /tmp/worldos-vbox-install-backup-eaavc_65
INSTALLED KEN BACKUP /tmp/worldos-vbox-install-backup-n_4d1vxw
INSTALLED KGZ BACKUP /tmp/worldos-vbox-install-backup-q1will7e
INSTALLED KHM BACKUP /tmp/worldos-vbox-install-backup-x1pjnju0
INSTALLED KIR BACKUP /tmp/worldos-vbox-install-backup-hceingn7
INSTALLED KNA BACKUP /tmp/worldos-vbox-install-backup-f91k3xm3
INSTALLED KOR BACKUP /tmp/worldos-vbox-install-backup-b7t94sjc
INSTALLED KWT BACKUP /tmp/worldos-vbox-install-backup-j0rwllxs
INSTALLED LAO BACKUP /tmp/worldos-vbox-install-backup-2gogte_e
INSTALLED LBN BACKUP /tmp/worldos-vbox-install-backup-6iagk5ty
INSTALLED LBR BACKUP /tmp/worldos-vbox-install-backup-j3iv3cab
INSTALLED LBY BACKUP /tmp/worldos-vbox-install-backup-jv629f2c
INSTALLED LCA BACKUP /tmp/worldos-vbox-install-backup-9izq8dyp
INSTALLED LIE BACKUP /tmp/worldos-vbox-install-backup-o_rbo76j
INSTALLED LKA BACKUP /tmp/worldos-vbox-install-backup-b214kklp
INSTALLED LSO BACKUP /tmp/worldos-vbox-install-backup-21zqfppw
INSTALLED LTU BACKUP /tmp/worldos-vbox-install-backup-130531nm
INSTALLED LUX BACKUP /tmp/worldos-vbox-install-backup-t1g4u20q
INSTALLED LVA BACKUP /tmp/worldos-vbox-install-backup-qfe0rs1o
INSTALLED MAC BACKUP /tmp/worldos-vbox-install-backup-1isz2djw
INSTALLED MAF BACKUP /tmp/worldos-vbox-install-backup-obtesy07
INSTALLED MAR BACKUP /tmp/worldos-vbox-install-backup-ui9345ux
INSTALLED MCO BACKUP /tmp/worldos-vbox-install-backup-_u3bpg8a
INSTALLED MDA BACKUP /tmp/worldos-vbox-install-backup-ug6qmd7p
INSTALLED MDG BACKUP /tmp/worldos-vbox-install-backup-_4m7kxzc
INSTALLED MDV BACKUP /tmp/worldos-vbox-install-backup-5e76jcet
INSTALLED MEX BACKUP /tmp/worldos-vbox-install-backup-mue3jbbl
INSTALLED MHL BACKUP /tmp/worldos-vbox-install-backup-zbixetve
INSTALLED MKD BACKUP /tmp/worldos-vbox-install-backup-q3oe11bg
INSTALLED MLI BACKUP /tmp/worldos-vbox-install-backup-webogn7o
INSTALLED MLT BACKUP /tmp/worldos-vbox-install-backup-y9asbtpp
INSTALLED MMR BACKUP /tmp/worldos-vbox-install-backup-zztavqcp
INSTALLED MNE BACKUP /tmp/worldos-vbox-install-backup-y_3rp971
INSTALLED MNG BACKUP /tmp/worldos-vbox-install-backup-5mvipebk
INSTALLED MNP BACKUP /tmp/worldos-vbox-install-backup-9ter3wht
INSTALLED MOZ BACKUP /tmp/worldos-vbox-install-backup-n07c9uj7
INSTALLED MRT BACKUP /tmp/worldos-vbox-install-backup-zixocwul
INSTALLED MSR BACKUP /tmp/worldos-vbox-install-backup-cj63gqez
INSTALLED MTQ BACKUP /tmp/worldos-vbox-install-backup-oqb2i_pi
INSTALLED MUS BACKUP /tmp/worldos-vbox-install-backup-jdh7dc5s
INSTALLED MWI BACKUP /tmp/worldos-vbox-install-backup-04us9xv8
INSTALLED MYS BACKUP /tmp/worldos-vbox-install-backup-c750tb27
INSTALLED MYT BACKUP /tmp/worldos-vbox-install-backup-z7_1hkpa
INSTALLED NAM BACKUP /tmp/worldos-vbox-install-backup-o22ezydi
INSTALLED NCL BACKUP /tmp/worldos-vbox-install-backup-wn615p4t
INSTALLED NER BACKUP /tmp/worldos-vbox-install-backup-o_en9sqp
INSTALLED NFK BACKUP /tmp/worldos-vbox-install-backup-fzl67wna
INSTALLED NGA BACKUP /tmp/worldos-vbox-install-backup-_339yxdc
INSTALLED NIC BACKUP /tmp/worldos-vbox-install-backup-i5ahksvm
INSTALLED NIU BACKUP /tmp/worldos-vbox-install-backup-oijp1g0l
INSTALLED NLD BACKUP /tmp/worldos-vbox-install-backup-29zsi9xk
INSTALLED NOR BACKUP /tmp/worldos-vbox-install-backup-9nv0cq4k
INSTALLED NPL BACKUP /tmp/worldos-vbox-install-backup-krwxgwfk
INSTALLED NRU BACKUP /tmp/worldos-vbox-install-backup-55ynqs9l
INSTALLED NZL BACKUP /tmp/worldos-vbox-install-backup-yt5q7i9m
INSTALLED OMN BACKUP /tmp/worldos-vbox-install-backup-c7u221cb
INSTALLED PAK BACKUP /tmp/worldos-vbox-install-backup-taikz41h
INSTALLED PAN BACKUP /tmp/worldos-vbox-install-backup-r180abp7
INSTALLED PCN BACKUP /tmp/worldos-vbox-install-backup-lz7vggd0
INSTALLED PER BACKUP /tmp/worldos-vbox-install-backup-v6s3xokm
INSTALLED PHL BACKUP /tmp/worldos-vbox-install-backup-8fqpjlkt
INSTALLED PLW BACKUP /tmp/worldos-vbox-install-backup-5ulgpp0z
INSTALLED PNG BACKUP /tmp/worldos-vbox-install-backup-apzfa40w
INSTALLED POL BACKUP /tmp/worldos-vbox-install-backup-ezjnk5sy
INSTALLED PRI BACKUP /tmp/worldos-vbox-install-backup-vpnuwogw
INSTALLED PRK BACKUP /tmp/worldos-vbox-install-backup-iakr61bx
INSTALLED PRT BACKUP /tmp/worldos-vbox-install-backup-w2t3oi4r
INSTALLED PRY BACKUP /tmp/worldos-vbox-install-backup-a4tjcd9d
INSTALLED PSE BACKUP /tmp/worldos-vbox-install-backup-ykr032xe
INSTALLED PYF BACKUP /tmp/worldos-vbox-install-backup-c6c_1vx6
INSTALLED QAT BACKUP /tmp/worldos-vbox-install-backup-2axvjou9
INSTALLED REU BACKUP /tmp/worldos-vbox-install-backup-lbjpy_jv
INSTALLED ROU BACKUP /tmp/worldos-vbox-install-backup-_zc7rfvc
INSTALLED RUS BACKUP /tmp/worldos-vbox-install-backup-na8z0lvk
INSTALLED RWA BACKUP /tmp/worldos-vbox-install-backup-aqb0xi8j
INSTALLED SAU BACKUP /tmp/worldos-vbox-install-backup-xm8nij7x
INSTALLED SDN BACKUP /tmp/worldos-vbox-install-backup-ni9h6kpl
INSTALLED SEN BACKUP /tmp/worldos-vbox-install-backup-k9fb4exp
INSTALLED SGP BACKUP /tmp/worldos-vbox-install-backup-wygrt3wn
INSTALLED SGS BACKUP /tmp/worldos-vbox-install-backup-csnpa_14
INSTALLED SHN BACKUP /tmp/worldos-vbox-install-backup-j5euygio
INSTALLED SJM BACKUP /tmp/worldos-vbox-install-backup-8lilm05f
INSTALLED SLB BACKUP /tmp/worldos-vbox-install-backup-rofq6uw2
INSTALLED SLE BACKUP /tmp/worldos-vbox-install-backup-s7tf48ki
INSTALLED SLV BACKUP /tmp/worldos-vbox-install-backup-84y2iq0a
INSTALLED SMR BACKUP /tmp/worldos-vbox-install-backup-d4ijszsg
INSTALLED SOM BACKUP /tmp/worldos-vbox-install-backup-rsjzwqyy
INSTALLED SPM BACKUP /tmp/worldos-vbox-install-backup-u4jjyef6
INSTALLED SRB BACKUP /tmp/worldos-vbox-install-backup-tqlfczg4
INSTALLED SSD BACKUP /tmp/worldos-vbox-install-backup-69g2_hfx
INSTALLED STP BACKUP /tmp/worldos-vbox-install-backup-anfvd4pj
INSTALLED SUR BACKUP /tmp/worldos-vbox-install-backup-arybp1dg
INSTALLED SVK BACKUP /tmp/worldos-vbox-install-backup-6a5nd5a1
INSTALLED SVN BACKUP /tmp/worldos-vbox-install-backup-fvti71fq
INSTALLED SWE BACKUP /tmp/worldos-vbox-install-backup-a_hda8_o
INSTALLED SWZ BACKUP /tmp/worldos-vbox-install-backup-zqx_br2t
INSTALLED SXM BACKUP /tmp/worldos-vbox-install-backup-2j0bo_md
INSTALLED SYC BACKUP /tmp/worldos-vbox-install-backup-wk9hnprw
INSTALLED SYR BACKUP /tmp/worldos-vbox-install-backup-5afr_ljo
INSTALLED TCA BACKUP /tmp/worldos-vbox-install-backup-5l19javz
INSTALLED TCD BACKUP /tmp/worldos-vbox-install-backup-3mi0col_
INSTALLED TGO BACKUP /tmp/worldos-vbox-install-backup-7jjg3tcx
INSTALLED THA BACKUP /tmp/worldos-vbox-install-backup-8w9no1c6
INSTALLED TJK BACKUP /tmp/worldos-vbox-install-backup-nteco65y
INSTALLED TKL BACKUP /tmp/worldos-vbox-install-backup-yg6v59rh
INSTALLED TKM BACKUP /tmp/worldos-vbox-install-backup-8hv4evzh
INSTALLED TLS BACKUP /tmp/worldos-vbox-install-backup-amrawv_4
INSTALLED TON BACKUP /tmp/worldos-vbox-install-backup-_yulnoc7
INSTALLED TTO BACKUP /tmp/worldos-vbox-install-backup-hx2k13li
INSTALLED TUN BACKUP /tmp/worldos-vbox-install-backup-nxpfdylt
INSTALLED TUR BACKUP /tmp/worldos-vbox-install-backup-qwr4ikmt
INSTALLED TUV BACKUP /tmp/worldos-vbox-install-backup-aowioknt
INSTALLED TWN BACKUP /tmp/worldos-vbox-install-backup-n2d24vr2
INSTALLED TZA BACKUP /tmp/worldos-vbox-install-backup-js853uij
INSTALLED UGA BACKUP /tmp/worldos-vbox-install-backup-sslqx7tq
INSTALLED UKR BACKUP /tmp/worldos-vbox-install-backup-ma_mpqun
INSTALLED UMI BACKUP /tmp/worldos-vbox-install-backup-sw8keogl
INSTALLED URY BACKUP /tmp/worldos-vbox-install-backup-otdg0kfe
INSTALLED USA BACKUP /tmp/worldos-vbox-install-backup-knm4syz9
INSTALLED UZB BACKUP /tmp/worldos-vbox-install-backup-0pt0j9cv
INSTALLED VAT BACKUP /tmp/worldos-vbox-install-backup-_o6vdwc_
INSTALLED VCT BACKUP /tmp/worldos-vbox-install-backup-xkhhe5yg
INSTALLED VEN BACKUP /tmp/worldos-vbox-install-backup-i2f3k4wm
INSTALLED VGB BACKUP /tmp/worldos-vbox-install-backup-6gpvtfbe
INSTALLED VIR BACKUP /tmp/worldos-vbox-install-backup-z066pqxs
INSTALLED VNM BACKUP /tmp/worldos-vbox-install-backup-ru8u9cwf
INSTALLED VUT BACKUP /tmp/worldos-vbox-install-backup-yeli2irt
INSTALLED WLF BACKUP /tmp/worldos-vbox-install-backup-r75xasuq
INSTALLED WSM BACKUP /tmp/worldos-vbox-install-backup-0bz0pnk0
INSTALLED YEM BACKUP /tmp/worldos-vbox-install-backup-oq54ptes
INSTALLED ZAF BACKUP /tmp/worldos-vbox-install-backup-vwi2wnfv
INSTALLED ZMB BACKUP /tmp/worldos-vbox-install-backup-vo0jsuvc
INSTALLED ZWE BACKUP /tmp/worldos-vbox-install-backup-rgnjluep
INSTALLED IND/as_Beng BACKUP /tmp/worldos-vbox-install-backup-qedacu5o
INSTALLED IND/bn_Beng BACKUP /tmp/worldos-vbox-install-backup-rlgp_znt
INSTALLED IND/brx_Deva BACKUP /tmp/worldos-vbox-install-backup-7bbrwqf_
INSTALLED IND/doi_Deva BACKUP /tmp/worldos-vbox-install-backup-tgkab7rf
INSTALLED IND/gu_Gujr BACKUP /tmp/worldos-vbox-install-backup-70c61rhl
INSTALLED IND/hi_Deva BACKUP /tmp/worldos-vbox-install-backup-a4nufdth
INSTALLED IND/kn_Knda BACKUP /tmp/worldos-vbox-install-backup-kae7bos1
INSTALLED IND/ks_Arab BACKUP /tmp/worldos-vbox-install-backup-0ex7jhf1
INSTALLED IND/kok_Deva BACKUP /tmp/worldos-vbox-install-backup-3skjslhk
INSTALLED IND/mai_Deva BACKUP /tmp/worldos-vbox-install-backup-xx7usuog
INSTALLED IND/ml_Mlym BACKUP /tmp/worldos-vbox-install-backup-crp2ncio
INSTALLED IND/mni_Mtei BACKUP /tmp/worldos-vbox-install-backup-gjsjhped
INSTALLED IND/mr_Deva BACKUP /tmp/worldos-vbox-install-backup-c3f_wgk0
INSTALLED IND/ne_Deva BACKUP /tmp/worldos-vbox-install-backup-3t1_99q_
INSTALLED IND/or_Orya BACKUP /tmp/worldos-vbox-install-backup-a0q2slgd
INSTALLED IND/pa_Guru BACKUP /tmp/worldos-vbox-install-backup-v60ee5zs
INSTALLED IND/sa_Deva BACKUP /tmp/worldos-vbox-install-backup-rabytwih
INSTALLED IND/sat_Olck BACKUP /tmp/worldos-vbox-install-backup-9mim5b_c
INSTALLED IND/sd_Arab BACKUP /tmp/worldos-vbox-install-backup-q_fkkm2w
INSTALLED IND/ta_Taml BACKUP /tmp/worldos-vbox-install-backup-_5blrygv
INSTALLED IND/te_Telu BACKUP /tmp/worldos-vbox-install-backup-qhk5820c
INSTALLED IND/ur_Arab BACKUP /tmp/worldos-vbox-install-backup-ruvapi8o
INSTALLED IND/kok_Latn BACKUP /tmp/worldos-vbox-install-backup-e7f0s6st
INSTALLED IND/ks_Deva BACKUP /tmp/worldos-vbox-install-backup-45n2agwo
INSTALLED IND/mni_Beng BACKUP /tmp/worldos-vbox-install-backup-9bd0pf6z
INSTALLED IND/pa_Arab BACKUP /tmp/worldos-vbox-install-backup-8qjm1byt
INSTALLED IND/sat_Beng BACKUP /tmp/worldos-vbox-install-backup-247c1hme
INSTALLED IND/sat_Deva BACKUP /tmp/worldos-vbox-install-backup-dcqiar29
INSTALLED IND/sd_Deva BACKUP /tmp/worldos-vbox-install-backup-nrnp7pex
INSTALLED JPN/ja_Jpan BACKUP /tmp/worldos-vbox-install-backup-4nmc9voq
INSTALLED JPN/ja_Hira BACKUP /tmp/worldos-vbox-install-backup-7qoic613
INSTALLED JPN/ja_Kana BACKUP /tmp/worldos-vbox-install-backup-wwetn58g
INSTALLED CHN/zh_Hans BACKUP /tmp/worldos-vbox-install-backup-po42y7d6
INSTALLED CHN/zh_Hant BACKUP /tmp/worldos-vbox-install-backup-m1kjbu04
INSTALLED HKG/zh_Hans BACKUP /tmp/worldos-vbox-install-backup-b_w39nt5
INSTALLED HKG/zh_Hant BACKUP /tmp/worldos-vbox-install-backup-fkmht8vr
INSTALLED MAC/zh_Hans BACKUP /tmp/worldos-vbox-install-backup-_vdvis2g
INSTALLED MAC/zh_Hant BACKUP /tmp/worldos-vbox-install-backup-rvnuuvdx
INSTALLED TWN/zh_Hans BACKUP /tmp/worldos-vbox-install-backup-8343qeyo
INSTALLED TWN/zh_Hant BACKUP /tmp/worldos-vbox-install-backup-bw5ase1j
INSTALLED SRB/sr_Cyrl BACKUP /tmp/worldos-vbox-install-backup-3f4072ls
INSTALLED SRB/sr_Latn BACKUP /tmp/worldos-vbox-install-backup-odowokup
INSTALLED MNE/sr_Cyrl BACKUP /tmp/worldos-vbox-install-backup-_lx9tksg
INSTALLED MNE/sr_Latn BACKUP /tmp/worldos-vbox-install-backup-optsdu8q
INSTALLED BIH/bs_Cyrl BACKUP /tmp/worldos-vbox-install-backup-6ahxwzdg
INSTALLED BIH/bs_Latn BACKUP /tmp/worldos-vbox-install-backup-1310fqkn
