나라/KOR/.vbox/machines/worldos KOR/Logs/VBox.log.2:15:00:00:00.657280 Console: Machine state changed to 'Restoring'
나라/KOR/.vbox/machines/worldos KOR/Logs/VBox.log.2:454:00:00:00.741491 HM: HMR3Init: Falling back to raw-mode: AMD-V is not available
나라/KOR/.vbox/machines/worldos KOR/Logs/VBox.log.2:856:00:00:00.987022 Changing the VM state from 'CREATING' to 'CREATED'
나라/KOR/.vbox/machines/worldos KOR/Logs/VBox.log.2:857:00:00:00.992305 Changing the VM state from 'CREATED' to 'LOADING'
나라/KOR/.vbox/machines/worldos KOR/Logs/VBox.log.2:894:00:00:01.144589 Changing the VM state from 'LOADING' to 'SUSPENDED'
나라/KOR/.vbox/machines/worldos KOR/Logs/VBox.log.2:895:00:00:01.144767 Changing the VM state from 'SUSPENDED' to 'RESUMING'
나라/KOR/.vbox/machines/worldos KOR/Logs/VBox.log.2:896:00:00:01.145722 Changing the VM state from 'RESUMING' to 'RUNNING'
나라/KOR/.vbox/machines/worldos KOR/Logs/VBox.log.2:897:00:00:01.145733 Console: Machine state changed to 'Running'
나라/KOR/.vbox/machines/worldos KOR/Logs/VBox.log.2:908:00:02:36.111888 Changing the VM state from 'RUNNING' to 'SUSPENDING'
나라/KOR/.vbox/machines/worldos KOR/Logs/VBox.log.2:910:00:02:36.201654 Changing the VM state from 'SUSPENDING' to 'SUSPENDED'
나라/KOR/.vbox/machines/worldos KOR/Logs/VBox.log.2:911:00:02:36.201667 Console: Machine state changed to 'Paused'
나라/KOR/.vbox/machines/worldos KOR/Logs/VBox.log.2:914:00:02:37.090837 Console: Machine state changed to 'Saving'
나라/KOR/.vbox/machines/worldos KOR/Logs/VBox.log.2:915:00:02:37.091598 Changing the VM state from 'SUSPENDED' to 'SAVING'
나라/KOR/.vbox/machines/worldos KOR/Logs/VBox.log.2:918:00:02:37.194873 Changing the VM state from 'SAVING' to 'SUSPENDED'
나라/KOR/.vbox/machines/worldos KOR/Logs/VBox.log.2:922:00:02:37.195067 Changing the VM state from 'SUSPENDED' to 'POWERING_OFF'
나라/KOR/.vbox/machines/worldos KOR/Logs/VBox.log.2:998:00:02:37.196498 Changing the VM state from 'POWERING_OFF' to 'OFF'
나라/KOR/.vbox/machines/worldos KOR/Logs/VBox.log.2:999:00:02:37.197498 Changing the VM state from 'OFF' to 'DESTROYING'
나라/KOR/.vbox/machines/worldos KOR/Logs/VBox.log.2:2100:00:02:37.207759 Changing the VM state from 'DESTROYING' to 'TERMINATED'
나라/KOR/.vbox/machines/worldos KOR/Logs/VBox.log.2:2101:00:02:37.223615 Console: Machine state changed to 'Saved'
나라/KOR/.vbox/machines/worldos KOR/Logs/VBox.log:15:00:00:00.662051 Console: Machine state changed to 'Restoring'
나라/KOR/.vbox/machines/worldos KOR/Logs/VBox.log:453:00:00:00.877414 HM: HMR3Init: Falling back to raw-mode: AMD-V is not available
나라/KOR/.vbox/machines/worldos KOR/Logs/VBox.log:856:00:00:01.025264 Changing the VM state from 'CREATING' to 'CREATED'
나라/KOR/.vbox/machines/worldos KOR/Logs/VBox.log:857:00:00:01.030585 Changing the VM state from 'CREATED' to 'LOADING'
나라/KOR/.vbox/machines/worldos KOR/Logs/VBox.log:884:00:00:01.111624 VMSetError: pgm#1: PGMSyncCR3 failed unexpectedly with rc=VERR_PGM_NO_HYPERVISOR_ADDRESS [ver=14 pass=final]
나라/KOR/.vbox/machines/worldos KOR/Logs/VBox.log:17274:00:00:01.183437 Changing the VM state from 'LOADING' to 'LOAD_FAILURE'
나라/KOR/.vbox/machines/worldos KOR/Logs/VBox.log:17275:00:00:01.185958 Changing the VM state from 'LOAD_FAILURE' to 'POWERING_OFF'
나라/KOR/.vbox/machines/worldos KOR/Logs/VBox.log:17341:00:00:01.187531 Changing the VM state from 'POWERING_OFF' to 'OFF'
나라/KOR/.vbox/machines/worldos KOR/Logs/VBox.log:17349:00:00:01.194610 Changing the VM state from 'OFF' to 'DESTROYING'
나라/KOR/.vbox/machines/worldos KOR/Logs/VBox.log:18448:00:00:01.201699 Changing the VM state from 'DESTROYING' to 'TERMINATED'
나라/KOR/.vbox/machines/worldos KOR/Logs/VBox.log:18449:00:00:01.213101 Console: Machine state changed to 'Saved'
나라/KOR/.vbox/machines/worldos KOR/Logs/VBox.log:18450:00:00:01.217080 ERROR [COM]: aRC=NS_ERROR_FAILURE (0x80004005) aIID={872da645-4a9b-1727-bee2-5585105b9eed} aComponent={ConsoleWrap} aText={pgm#1: PGMSyncCR3 failed unexpectedly with rc=VERR_PGM_NO_HYPERVISOR_ADDRESS [ver=14 pass=final] (VERR_WRONG_ORDER)}, preserve=false aResultDetail=0
