INSTALLED ABW BACKUP /tmp/worldos-vbox-install-backup-e4gp6wp3
INSTALLED AFG BACKUP /tmp/worldos-vbox-install-backup-ip6jzmom
INSTALLED AGO BACKUP /tmp/worldos-vbox-install-backup-fv5sjn8r
INSTALLED AIA BACKUP /tmp/worldos-vbox-install-backup-vbo7xjo4
INSTALLED ALA BACKUP /tmp/worldos-vbox-install-backup-s2s9q2_o
INSTALLED ALB BACKUP /tmp/worldos-vbox-install-backup-ujgkm3p8
INSTALLED AND BACKUP /tmp/worldos-vbox-install-backup-klyvhb_y
INSTALLED ARE BACKUP /tmp/worldos-vbox-install-backup-sbd4kp5l
INSTALLED ARG BACKUP /tmp/worldos-vbox-install-backup-1p7ga16m
INSTALLED ARM BACKUP /tmp/worldos-vbox-install-backup-9ij1hu0m
INSTALLED ASM BACKUP /tmp/worldos-vbox-install-backup-0t6im346
INSTALLED ATA BACKUP /tmp/worldos-vbox-install-backup-4b7fu6y6
INSTALLED ATF BACKUP /tmp/worldos-vbox-install-backup-yrjfc1e3
INSTALLED ATG BACKUP /tmp/worldos-vbox-install-backup-0mc5k54x
INSTALLED AUS BACKUP /tmp/worldos-vbox-install-backup-3c19e7fe
INSTALLED AUT BACKUP /tmp/worldos-vbox-install-backup-yzkf9ts5
INSTALLED AZE BACKUP /tmp/worldos-vbox-install-backup-_60im_lx
INSTALLED BDI BACKUP /tmp/worldos-vbox-install-backup-nenpxtrk
INSTALLED BEL BACKUP /tmp/worldos-vbox-install-backup-esbet5z5
INSTALLED BEN BACKUP /tmp/worldos-vbox-install-backup-8ybwlrps
INSTALLED BES BACKUP /tmp/worldos-vbox-install-backup-dmvevk4a
INSTALLED BFA BACKUP /tmp/worldos-vbox-install-backup-eclt6adm
INSTALLED BGD BACKUP /tmp/worldos-vbox-install-backup-m61cj7zy
INSTALLED BGR BACKUP /tmp/worldos-vbox-install-backup-9eusforo
INSTALLED BHR BACKUP /tmp/worldos-vbox-install-backup-x49l45p_
INSTALLED BHS BACKUP /tmp/worldos-vbox-install-backup-5tt438a1
INSTALLED BIH BACKUP /tmp/worldos-vbox-install-backup-a3qbsc0y
INSTALLED BLM BACKUP /tmp/worldos-vbox-install-backup-pywfoxuh
INSTALLED BLR BACKUP /tmp/worldos-vbox-install-backup-sd8whr6w
INSTALLED BLZ BACKUP /tmp/worldos-vbox-install-backup-d_sm_njf
INSTALLED BMU BACKUP /tmp/worldos-vbox-install-backup-z9bsxr_0
INSTALLED BOL BACKUP /tmp/worldos-vbox-install-backup-6wc7losj
INSTALLED BRA BACKUP /tmp/worldos-vbox-install-backup-b5bolkt9
INSTALLED BRB BACKUP /tmp/worldos-vbox-install-backup-whna5z1e
INSTALLED BRN BACKUP /tmp/worldos-vbox-install-backup-b_op7a7r
INSTALLED BTN BACKUP /tmp/worldos-vbox-install-backup-bsfdqybl
INSTALLED BVT BACKUP /tmp/worldos-vbox-install-backup-hnu54kam
INSTALLED BWA BACKUP /tmp/worldos-vbox-install-backup-m8_ddol5
INSTALLED CAF BACKUP /tmp/worldos-vbox-install-backup-g9j93jqc
INSTALLED CAN BACKUP /tmp/worldos-vbox-install-backup-ojnbmn28
INSTALLED CCK BACKUP /tmp/worldos-vbox-install-backup-lwsfi5x4
INSTALLED CHE BACKUP /tmp/worldos-vbox-install-backup-wbc9q_yp
INSTALLED CHL BACKUP /tmp/worldos-vbox-install-backup-zacyvfa6
INSTALLED CHN BACKUP /tmp/worldos-vbox-install-backup-b_4758ni
INSTALLED CIV BACKUP /tmp/worldos-vbox-install-backup-tppv_mvb
INSTALLED CMR BACKUP /tmp/worldos-vbox-install-backup-eo7tpc6k
INSTALLED COD BACKUP /tmp/worldos-vbox-install-backup-rh45sbhl
INSTALLED COG BACKUP /tmp/worldos-vbox-install-backup-7plqg7_9
INSTALLED COK BACKUP /tmp/worldos-vbox-install-backup-0xwqsziu
INSTALLED COL BACKUP /tmp/worldos-vbox-install-backup-0tsihaum
INSTALLED COM BACKUP /tmp/worldos-vbox-install-backup-7w7yk17w
INSTALLED CPV BACKUP /tmp/worldos-vbox-install-backup-wyjergul
INSTALLED CRI BACKUP /tmp/worldos-vbox-install-backup-96nmpypk
INSTALLED CUB BACKUP /tmp/worldos-vbox-install-backup-wya_8arn
INSTALLED CUW BACKUP /tmp/worldos-vbox-install-backup-1p925ukd
INSTALLED CXR BACKUP /tmp/worldos-vbox-install-backup-bsjga5tk
INSTALLED CYM BACKUP /tmp/worldos-vbox-install-backup-0cnnjkzv
INSTALLED CYP BACKUP /tmp/worldos-vbox-install-backup-2njprvnu
INSTALLED CZE BACKUP /tmp/worldos-vbox-install-backup-pqsj9rok
INSTALLED DEU BACKUP /tmp/worldos-vbox-install-backup-6zvrnn6e
INSTALLED DJI BACKUP /tmp/worldos-vbox-install-backup-mcl_al2_
INSTALLED DMA BACKUP /tmp/worldos-vbox-install-backup-h9v2zk6a
INSTALLED DNK BACKUP /tmp/worldos-vbox-install-backup-c8qbcrlg
INSTALLED DOM BACKUP /tmp/worldos-vbox-install-backup-ucl6y6l8
INSTALLED DZA BACKUP /tmp/worldos-vbox-install-backup-0jh8m0xv
INSTALLED ECU BACKUP /tmp/worldos-vbox-install-backup-l1ar_l98
INSTALLED EGY BACKUP /tmp/worldos-vbox-install-backup-bblulb6w
INSTALLED ERI BACKUP /tmp/worldos-vbox-install-backup-ht_l3gx0
INSTALLED ESH BACKUP /tmp/worldos-vbox-install-backup-p56rnomz
INSTALLED ESP BACKUP /tmp/worldos-vbox-install-backup-nkqpubke
INSTALLED EST BACKUP /tmp/worldos-vbox-install-backup-wsgm2p75
INSTALLED ETH BACKUP /tmp/worldos-vbox-install-backup-niyzv7b0
INSTALLED FIN BACKUP /tmp/worldos-vbox-install-backup-zcwi404w
INSTALLED FJI BACKUP /tmp/worldos-vbox-install-backup-h757qyc0
INSTALLED FLK BACKUP /tmp/worldos-vbox-install-backup-8yrqli7z
INSTALLED FRA BACKUP /tmp/worldos-vbox-install-backup-cnzvvue8
INSTALLED FRO BACKUP /tmp/worldos-vbox-install-backup-11lrgiog
INSTALLED FSM BACKUP /tmp/worldos-vbox-install-backup-3pbn_tt2
INSTALLED GAB BACKUP /tmp/worldos-vbox-install-backup-lb3l8cus
INSTALLED GBR BACKUP /tmp/worldos-vbox-install-backup-3ibwc6_h
INSTALLED GEO BACKUP /tmp/worldos-vbox-install-backup-e8880v3k
INSTALLED GGY BACKUP /tmp/worldos-vbox-install-backup-a0cqjuzk
INSTALLED GHA BACKUP /tmp/worldos-vbox-install-backup-6pqh180k
INSTALLED GIB BACKUP /tmp/worldos-vbox-install-backup-5q6o5evh
INSTALLED GIN BACKUP /tmp/worldos-vbox-install-backup-ue77urni
INSTALLED GLP BACKUP /tmp/worldos-vbox-install-backup-7x26ns5h
INSTALLED GMB BACKUP /tmp/worldos-vbox-install-backup-s4jllx_d
INSTALLED GNB BACKUP /tmp/worldos-vbox-install-backup-h78de1jo
INSTALLED GNQ BACKUP /tmp/worldos-vbox-install-backup-dq0iha5_
INSTALLED GRC BACKUP /tmp/worldos-vbox-install-backup-95px8as6
INSTALLED GRD BACKUP /tmp/worldos-vbox-install-backup-zvgabqb0
INSTALLED GRL BACKUP /tmp/worldos-vbox-install-backup-013u2pcv
INSTALLED GTM BACKUP /tmp/worldos-vbox-install-backup-nhhv7n91
INSTALLED GUF BACKUP /tmp/worldos-vbox-install-backup-w17a3foj
INSTALLED GUM BACKUP /tmp/worldos-vbox-install-backup-5g8t2slm
INSTALLED GUY BACKUP /tmp/worldos-vbox-install-backup-fp5qu3sm
INSTALLED HKG BACKUP /tmp/worldos-vbox-install-backup-8z8oh6ug
INSTALLED HMD BACKUP /tmp/worldos-vbox-install-backup-ntt7hu1w
INSTALLED HND BACKUP /tmp/worldos-vbox-install-backup-2bmuitpo
INSTALLED HRV BACKUP /tmp/worldos-vbox-install-backup-a9mtffa1
INSTALLED HTI BACKUP /tmp/worldos-vbox-install-backup-x2c08_gw
INSTALLED HUN BACKUP /tmp/worldos-vbox-install-backup-4_b132t4
INSTALLED IDN BACKUP /tmp/worldos-vbox-install-backup-e5ny15py
INSTALLED IMN BACKUP /tmp/worldos-vbox-install-backup-u_yuw5nm
INSTALLED IND BACKUP /tmp/worldos-vbox-install-backup-p1p_xxhv
INSTALLED IOT BACKUP /tmp/worldos-vbox-install-backup-mfk07271
INSTALLED IRL BACKUP /tmp/worldos-vbox-install-backup-pm5z7zn3
INSTALLED IRN BACKUP /tmp/worldos-vbox-install-backup-wap_phzp
INSTALLED IRQ BACKUP /tmp/worldos-vbox-install-backup-k74rmnxk
INSTALLED ISL BACKUP /tmp/worldos-vbox-install-backup-llh0ebfr
INSTALLED ISR BACKUP /tmp/worldos-vbox-install-backup-1r1uetcf
INSTALLED ITA BACKUP /tmp/worldos-vbox-install-backup-zh_h53j2
INSTALLED JAM BACKUP /tmp/worldos-vbox-install-backup-e9dxc9f6
INSTALLED JEY BACKUP /tmp/worldos-vbox-install-backup-d79xe0lp
INSTALLED JOR BACKUP /tmp/worldos-vbox-install-backup-31be05ny
INSTALLED JPN BACKUP /tmp/worldos-vbox-install-backup-dxi541jg
INSTALLED KAZ BACKUP /tmp/worldos-vbox-install-backup-mmof4995
INSTALLED KEN BACKUP /tmp/worldos-vbox-install-backup-y6b7f6u6
INSTALLED KGZ BACKUP /tmp/worldos-vbox-install-backup-hcbvzmvw
INSTALLED KHM BACKUP /tmp/worldos-vbox-install-backup-ln33muzo
INSTALLED KIR BACKUP /tmp/worldos-vbox-install-backup-y44ssy4t
INSTALLED KNA BACKUP /tmp/worldos-vbox-install-backup-41sw1rvt
INSTALLED KOR BACKUP /tmp/worldos-vbox-install-backup-_df9ll5g
INSTALLED KWT BACKUP /tmp/worldos-vbox-install-backup-himszi8u
INSTALLED LAO BACKUP /tmp/worldos-vbox-install-backup-q_p0bon7
INSTALLED LBN BACKUP /tmp/worldos-vbox-install-backup-ipr62qc5
INSTALLED LBR BACKUP /tmp/worldos-vbox-install-backup-8zi4mejx
INSTALLED LBY BACKUP /tmp/worldos-vbox-install-backup-8hu9rzjm
INSTALLED LCA BACKUP /tmp/worldos-vbox-install-backup-7kt5fttj
INSTALLED LIE BACKUP /tmp/worldos-vbox-install-backup-212kk80h
INSTALLED LKA BACKUP /tmp/worldos-vbox-install-backup-g6o6uxb9
INSTALLED LSO BACKUP /tmp/worldos-vbox-install-backup-erpf4cj5
INSTALLED LTU BACKUP /tmp/worldos-vbox-install-backup-ey999a0a
INSTALLED LUX BACKUP /tmp/worldos-vbox-install-backup-u_b6l24y
INSTALLED LVA BACKUP /tmp/worldos-vbox-install-backup-5oya86k6
INSTALLED MAC BACKUP /tmp/worldos-vbox-install-backup-23ff62nn
INSTALLED MAF BACKUP /tmp/worldos-vbox-install-backup-ifmzdpkk
INSTALLED MAR BACKUP /tmp/worldos-vbox-install-backup-0o2xn2bb
INSTALLED MCO BACKUP /tmp/worldos-vbox-install-backup-glenu2fp
INSTALLED MDA BACKUP /tmp/worldos-vbox-install-backup-28d8cfxo
INSTALLED MDG BACKUP /tmp/worldos-vbox-install-backup-wmp1nb6x
INSTALLED MDV BACKUP /tmp/worldos-vbox-install-backup-mzevrtku
INSTALLED MEX BACKUP /tmp/worldos-vbox-install-backup-uexnstwp
INSTALLED MHL BACKUP /tmp/worldos-vbox-install-backup-dqea1ium
INSTALLED MKD BACKUP /tmp/worldos-vbox-install-backup-_8xz7drm
INSTALLED MLI BACKUP /tmp/worldos-vbox-install-backup-uob8nlxz
INSTALLED MLT BACKUP /tmp/worldos-vbox-install-backup-hdn7fk_q
INSTALLED MMR BACKUP /tmp/worldos-vbox-install-backup-n_bh69_u
INSTALLED MNE BACKUP /tmp/worldos-vbox-install-backup-p0_e48ri
INSTALLED MNG BACKUP /tmp/worldos-vbox-install-backup-_h5rggm2
INSTALLED MNP BACKUP /tmp/worldos-vbox-install-backup-j9qg_xxw
INSTALLED MOZ BACKUP /tmp/worldos-vbox-install-backup-tcig4d27
INSTALLED MRT BACKUP /tmp/worldos-vbox-install-backup-0o_bm0m5
INSTALLED MSR BACKUP /tmp/worldos-vbox-install-backup-jn7n32iz
INSTALLED MTQ BACKUP /tmp/worldos-vbox-install-backup-yz7cdrvr
INSTALLED MUS BACKUP /tmp/worldos-vbox-install-backup-ogjxji7f
INSTALLED MWI BACKUP /tmp/worldos-vbox-install-backup-lw7ecwg2
INSTALLED MYS BACKUP /tmp/worldos-vbox-install-backup-2d5oycid
INSTALLED MYT BACKUP /tmp/worldos-vbox-install-backup-ogc19wya
INSTALLED NAM BACKUP /tmp/worldos-vbox-install-backup-wu3ul7pv
INSTALLED NCL BACKUP /tmp/worldos-vbox-install-backup-les2z_tv
INSTALLED NER BACKUP /tmp/worldos-vbox-install-backup-6pb8_k1h
INSTALLED NFK BACKUP /tmp/worldos-vbox-install-backup-_78t93g4
INSTALLED NGA BACKUP /tmp/worldos-vbox-install-backup-drw3c7ek
INSTALLED NIC BACKUP /tmp/worldos-vbox-install-backup-w78748hr
INSTALLED NIU BACKUP /tmp/worldos-vbox-install-backup-b83fuiji
INSTALLED NLD BACKUP /tmp/worldos-vbox-install-backup-96o5_gi3
INSTALLED NOR BACKUP /tmp/worldos-vbox-install-backup-yqr5bwaw
INSTALLED NPL BACKUP /tmp/worldos-vbox-install-backup-ocsmurkl
INSTALLED NRU BACKUP /tmp/worldos-vbox-install-backup-kxgy2dyf
INSTALLED NZL BACKUP /tmp/worldos-vbox-install-backup-5lwhi0gq
INSTALLED OMN BACKUP /tmp/worldos-vbox-install-backup-o_losswu
INSTALLED PAK BACKUP /tmp/worldos-vbox-install-backup-j_1vob69
INSTALLED PAN BACKUP /tmp/worldos-vbox-install-backup-7s1mjp6f
INSTALLED PCN BACKUP /tmp/worldos-vbox-install-backup-xu8g3t33
INSTALLED PER BACKUP /tmp/worldos-vbox-install-backup-je6qm1oj
INSTALLED PHL BACKUP /tmp/worldos-vbox-install-backup-a4hj3hdh
INSTALLED PLW BACKUP /tmp/worldos-vbox-install-backup-or_xykkt
INSTALLED PNG BACKUP /tmp/worldos-vbox-install-backup-2rcefvlr
INSTALLED POL BACKUP /tmp/worldos-vbox-install-backup-59n_6gnm
INSTALLED PRI BACKUP /tmp/worldos-vbox-install-backup-edu_ga6c
INSTALLED PRK BACKUP /tmp/worldos-vbox-install-backup-cp1t6fgx
INSTALLED PRT BACKUP /tmp/worldos-vbox-install-backup-6larmquv
INSTALLED PRY BACKUP /tmp/worldos-vbox-install-backup-qlghn5dg
INSTALLED PSE BACKUP /tmp/worldos-vbox-install-backup-t62ufrcf
INSTALLED PYF BACKUP /tmp/worldos-vbox-install-backup-m4869cqm
INSTALLED QAT BACKUP /tmp/worldos-vbox-install-backup-5w6q6hes
INSTALLED REU BACKUP /tmp/worldos-vbox-install-backup-ymct7q4t
INSTALLED ROU BACKUP /tmp/worldos-vbox-install-backup-uwj7mz47
INSTALLED RUS BACKUP /tmp/worldos-vbox-install-backup-y7qhb79o
INSTALLED RWA BACKUP /tmp/worldos-vbox-install-backup-78zdzatv
INSTALLED SAU BACKUP /tmp/worldos-vbox-install-backup-xjn0pv7s
INSTALLED SDN BACKUP /tmp/worldos-vbox-install-backup-1ycai4n2
INSTALLED SEN BACKUP /tmp/worldos-vbox-install-backup-tjnimsz5
INSTALLED SGP BACKUP /tmp/worldos-vbox-install-backup-ke5im44y
INSTALLED SGS BACKUP /tmp/worldos-vbox-install-backup-hjr0gr6f
INSTALLED SHN BACKUP /tmp/worldos-vbox-install-backup-w9bymgi7
INSTALLED SJM BACKUP /tmp/worldos-vbox-install-backup-h5m8tyhi
INSTALLED SLB BACKUP /tmp/worldos-vbox-install-backup-r4a7l9or
INSTALLED SLE BACKUP /tmp/worldos-vbox-install-backup-gor3bu47
INSTALLED SLV BACKUP /tmp/worldos-vbox-install-backup-dpqtg_uf
INSTALLED SMR BACKUP /tmp/worldos-vbox-install-backup-vb4gba6t
INSTALLED SOM BACKUP /tmp/worldos-vbox-install-backup-dh5e2awt
INSTALLED SPM BACKUP /tmp/worldos-vbox-install-backup-2v983zfh
INSTALLED SRB BACKUP /tmp/worldos-vbox-install-backup-sms6qsmt
INSTALLED SSD BACKUP /tmp/worldos-vbox-install-backup-vx7p7qed
INSTALLED STP BACKUP /tmp/worldos-vbox-install-backup-s9johz3g
INSTALLED SUR BACKUP /tmp/worldos-vbox-install-backup-5fetkzs9
INSTALLED SVK BACKUP /tmp/worldos-vbox-install-backup-p7g59a95
INSTALLED SVN BACKUP /tmp/worldos-vbox-install-backup-7db9asy3
INSTALLED SWE BACKUP /tmp/worldos-vbox-install-backup-n94g2hcv
INSTALLED SWZ BACKUP /tmp/worldos-vbox-install-backup-k3gxgove
INSTALLED SXM BACKUP /tmp/worldos-vbox-install-backup-mvldt55f
INSTALLED SYC BACKUP /tmp/worldos-vbox-install-backup-7rby1cq3
INSTALLED SYR BACKUP /tmp/worldos-vbox-install-backup-df63x0jy
INSTALLED TCA BACKUP /tmp/worldos-vbox-install-backup-aab2j7ab
INSTALLED TCD BACKUP /tmp/worldos-vbox-install-backup-9cxvo5b2
INSTALLED TGO BACKUP /tmp/worldos-vbox-install-backup-aponmgrv
INSTALLED THA BACKUP /tmp/worldos-vbox-install-backup-c4xwfzl5
INSTALLED TJK BACKUP /tmp/worldos-vbox-install-backup-9tb5rlmn
INSTALLED TKL BACKUP /tmp/worldos-vbox-install-backup-f96q971l
INSTALLED TKM BACKUP /tmp/worldos-vbox-install-backup-vlpndslg
INSTALLED TLS BACKUP /tmp/worldos-vbox-install-backup-ww7tr0we
INSTALLED TON BACKUP /tmp/worldos-vbox-install-backup-43qpd0f6
INSTALLED TTO BACKUP /tmp/worldos-vbox-install-backup-ahs2qu35
INSTALLED TUN BACKUP /tmp/worldos-vbox-install-backup-1tlxo0_j
INSTALLED TUR BACKUP /tmp/worldos-vbox-install-backup-_lejz938
INSTALLED TUV BACKUP /tmp/worldos-vbox-install-backup-3e74pnj_
INSTALLED TWN BACKUP /tmp/worldos-vbox-install-backup-vefoeeeh
INSTALLED TZA BACKUP /tmp/worldos-vbox-install-backup-hzr4g05j
INSTALLED UGA BACKUP /tmp/worldos-vbox-install-backup-sa6djo4g
INSTALLED UKR BACKUP /tmp/worldos-vbox-install-backup-wdajy3gc
INSTALLED UMI BACKUP /tmp/worldos-vbox-install-backup-n1_2zhtr
INSTALLED URY BACKUP /tmp/worldos-vbox-install-backup-llc29bhw
INSTALLED USA BACKUP /tmp/worldos-vbox-install-backup-qd_wh70n
INSTALLED UZB BACKUP /tmp/worldos-vbox-install-backup-wvopkmzd
INSTALLED VAT BACKUP /tmp/worldos-vbox-install-backup-znle7sbc
INSTALLED VCT BACKUP /tmp/worldos-vbox-install-backup-jgwscnad
INSTALLED VEN BACKUP /tmp/worldos-vbox-install-backup-ewqgxtqs
INSTALLED VGB BACKUP /tmp/worldos-vbox-install-backup-voj1u76l
INSTALLED VIR BACKUP /tmp/worldos-vbox-install-backup-krer4gkl
INSTALLED VNM BACKUP /tmp/worldos-vbox-install-backup-hy642aov
INSTALLED VUT BACKUP /tmp/worldos-vbox-install-backup-3ejdnck5
INSTALLED WLF BACKUP /tmp/worldos-vbox-install-backup-vp3e4sg7
INSTALLED WSM BACKUP /tmp/worldos-vbox-install-backup-ewzqqbb6
INSTALLED YEM BACKUP /tmp/worldos-vbox-install-backup-et0jd_sc
INSTALLED ZAF BACKUP /tmp/worldos-vbox-install-backup-jzdx2i58
INSTALLED ZMB BACKUP /tmp/worldos-vbox-install-backup-tfmi14i5
INSTALLED ZWE BACKUP /tmp/worldos-vbox-install-backup-std42atm
INSTALLED IND/as_Beng BACKUP /tmp/worldos-vbox-install-backup-1t6tsg7o
INSTALLED IND/bn_Beng BACKUP /tmp/worldos-vbox-install-backup-y2gkfb9j
INSTALLED IND/brx_Deva BACKUP /tmp/worldos-vbox-install-backup-ib9g2747
INSTALLED IND/doi_Deva BACKUP /tmp/worldos-vbox-install-backup-r51bsu1c
INSTALLED IND/gu_Gujr BACKUP /tmp/worldos-vbox-install-backup-fn9oobnn
INSTALLED IND/hi_Deva BACKUP /tmp/worldos-vbox-install-backup-njjh6m7v
INSTALLED IND/kn_Knda BACKUP /tmp/worldos-vbox-install-backup-kniet663
INSTALLED IND/ks_Arab BACKUP /tmp/worldos-vbox-install-backup-cyw3tu13
INSTALLED IND/kok_Deva BACKUP /tmp/worldos-vbox-install-backup-slod76js
INSTALLED IND/mai_Deva BACKUP /tmp/worldos-vbox-install-backup-c0syy07d
INSTALLED IND/ml_Mlym BACKUP /tmp/worldos-vbox-install-backup-j1w6cjw1
INSTALLED IND/mni_Mtei BACKUP /tmp/worldos-vbox-install-backup-o1f4293c
INSTALLED IND/mr_Deva BACKUP /tmp/worldos-vbox-install-backup-0b9e8usz
INSTALLED IND/ne_Deva BACKUP /tmp/worldos-vbox-install-backup-i7tw001p
INSTALLED IND/or_Orya BACKUP /tmp/worldos-vbox-install-backup-sh1v33u3
INSTALLED IND/pa_Guru BACKUP /tmp/worldos-vbox-install-backup-oqt70a2g
INSTALLED IND/sa_Deva BACKUP /tmp/worldos-vbox-install-backup-oneonzk1
INSTALLED IND/sat_Olck BACKUP /tmp/worldos-vbox-install-backup-g0mopfbx
INSTALLED IND/sd_Arab BACKUP /tmp/worldos-vbox-install-backup-1ffkpoth
INSTALLED IND/ta_Taml BACKUP /tmp/worldos-vbox-install-backup-96bakwkn
INSTALLED IND/te_Telu BACKUP /tmp/worldos-vbox-install-backup-8mk3kh61
INSTALLED IND/ur_Arab BACKUP /tmp/worldos-vbox-install-backup-unu8fvc5
INSTALLED IND/kok_Latn BACKUP /tmp/worldos-vbox-install-backup-tjefl0dp
INSTALLED IND/ks_Deva BACKUP /tmp/worldos-vbox-install-backup-2cgya2cw
INSTALLED IND/mni_Beng BACKUP /tmp/worldos-vbox-install-backup-mhqjcrtu
INSTALLED IND/pa_Arab BACKUP /tmp/worldos-vbox-install-backup-x0pdsti3
INSTALLED IND/sat_Beng BACKUP /tmp/worldos-vbox-install-backup-ar74a7k2
INSTALLED IND/sat_Deva BACKUP /tmp/worldos-vbox-install-backup-vvvzpaf1
INSTALLED IND/sd_Deva BACKUP /tmp/worldos-vbox-install-backup-0dv99ih5
INSTALLED JPN/ja_Jpan BACKUP /tmp/worldos-vbox-install-backup-niyvqd8u
INSTALLED JPN/ja_Hira BACKUP /tmp/worldos-vbox-install-backup-xee3cj81
INSTALLED JPN/ja_Kana BACKUP /tmp/worldos-vbox-install-backup-rry7tzu1
INSTALLED CHN/zh_Hans BACKUP /tmp/worldos-vbox-install-backup-ob20e5wc
INSTALLED CHN/zh_Hant BACKUP /tmp/worldos-vbox-install-backup-c_mafqvn
INSTALLED HKG/zh_Hans BACKUP /tmp/worldos-vbox-install-backup-cfopdwz5
INSTALLED HKG/zh_Hant BACKUP /tmp/worldos-vbox-install-backup-r4oge8qd
INSTALLED MAC/zh_Hans BACKUP /tmp/worldos-vbox-install-backup-kbufckjt
INSTALLED MAC/zh_Hant BACKUP /tmp/worldos-vbox-install-backup-za5ej3xf
INSTALLED TWN/zh_Hans BACKUP /tmp/worldos-vbox-install-backup-8z6vy2qy
INSTALLED TWN/zh_Hant BACKUP /tmp/worldos-vbox-install-backup-q0c78tv2
INSTALLED SRB/sr_Cyrl BACKUP /tmp/worldos-vbox-install-backup-h1qnjjfv
INSTALLED SRB/sr_Latn BACKUP /tmp/worldos-vbox-install-backup-6yn9smpv
INSTALLED MNE/sr_Cyrl BACKUP /tmp/worldos-vbox-install-backup-iefa2rlb
INSTALLED MNE/sr_Latn BACKUP /tmp/worldos-vbox-install-backup-d6yfwc63
INSTALLED BIH/bs_Cyrl BACKUP /tmp/worldos-vbox-install-backup-ww9w4uqm
INSTALLED BIH/bs_Latn BACKUP /tmp/worldos-vbox-install-backup-pljdkdf8
