IND as_Beng PASS NOT_RUN NOT_RUN
IND bn_Beng PASS NOT_RUN NOT_RUN
IND brx_Deva PASS NOT_RUN NOT_RUN
IND doi_Deva PASS NOT_RUN NOT_RUN
IND gu_Gujr PASS NOT_RUN NOT_RUN
IND hi_Deva PASS NOT_RUN NOT_RUN
IND kn_Knda PASS NOT_RUN NOT_RUN
IND ks_Arab PASS NOT_RUN NOT_RUN
IND mai_Deva PASS NOT_RUN NOT_RUN
IND kok_Deva PASS NOT_RUN NOT_RUN
IND mni_Mtei PASS NOT_RUN NOT_RUN
IND ml_Mlym PASS NOT_RUN NOT_RUN
IND mr_Deva PASS NOT_RUN NOT_RUN
IND ne_Deva PASS NOT_RUN NOT_RUN
IND or_Orya PASS NOT_RUN NOT_RUN
IND pa_Guru PASS NOT_RUN NOT_RUN
IND sa_Deva PASS NOT_RUN NOT_RUN
IND sat_Olck PASS NOT_RUN NOT_RUN
IND sd_Arab PASS NOT_RUN NOT_RUN
IND ta_Taml PASS NOT_RUN NOT_RUN
IND te_Telu PASS NOT_RUN NOT_RUN
IND ur_Arab PASS NOT_RUN NOT_RUN
IND kok_Latn PASS NOT_RUN NOT_RUN
IND ks_Deva PASS NOT_RUN NOT_RUN
IND mni_Beng PASS NOT_RUN NOT_RUN
IND pa_Arab PASS NOT_RUN NOT_RUN
IND sat_Beng PASS NOT_RUN NOT_RUN
IND sat_Deva PASS NOT_RUN NOT_RUN
IND sd_Deva PASS NOT_RUN NOT_RUN
JPN ja_Jpan PASS NOT_RUN NOT_RUN
JPN ja_Hira PASS NOT_RUN NOT_RUN
JPN ja_Kana PASS NOT_RUN NOT_RUN
CHN zh_Hans PASS NOT_RUN NOT_RUN
CHN zh_Hant PASS NOT_RUN NOT_RUN
HKG zh_Hans PASS NOT_RUN NOT_RUN
HKG zh_Hant PASS NOT_RUN NOT_RUN
MAC zh_Hans PASS NOT_RUN NOT_RUN
MAC zh_Hant PASS NOT_RUN NOT_RUN
TWN zh_Hans PASS NOT_RUN NOT_RUN
TWN zh_Hant PASS NOT_RUN NOT_RUN
SRB sr_Cyrl PASS NOT_RUN NOT_RUN
SRB sr_Latn PASS NOT_RUN NOT_RUN
MNE sr_Latn PASS NOT_RUN NOT_RUN
MNE sr_Cyrl PASS NOT_RUN NOT_RUN
BIH bs_Cyrl PASS NOT_RUN NOT_RUN
BIH bs_Latn PASS NOT_RUN NOT_RUN
