READY ABW 68 private-name proposals
READY AFG 0 private-name proposals
READY AGO 68 private-name proposals
READY AIA 68 private-name proposals
READY ALA 68 private-name proposals
READY ALB 0 private-name proposals
READY AND 0 private-name proposals
READY ARE 68 private-name proposals
READY ARG 68 private-name proposals
READY ARM 0 private-name proposals
READY ASM 0 private-name proposals
READY ATA 0 private-name proposals
READY ATF 68 private-name proposals
READY ATG 68 private-name proposals
READY AUS 68 private-name proposals
READY AUT 68 private-name proposals
READY AZE 0 private-name proposals
READY BDI 0 private-name proposals
READY BEL 68 private-name proposals
READY BEN 68 private-name proposals
READY BES 68 private-name proposals
READY BFA 68 private-name proposals
READY BGD 68 private-name proposals
READY BGR 0 private-name proposals
READY BHR 68 private-name proposals
READY BHS 68 private-name proposals
READY BIH 0 private-name proposals
READY BLM 68 private-name proposals
READY BLR 0 private-name proposals
READY BLZ 68 private-name proposals
READY BMU 68 private-name proposals
READY BOL 68 private-name proposals
READY BRA 68 private-name proposals
READY BRB 68 private-name proposals
READY BRN 68 private-name proposals
READY BTN 0 private-name proposals
READY BVT 0 private-name proposals
READY BWA 68 private-name proposals
READY CAF 68 private-name proposals
READY CAN 68 private-name proposals
READY CCK 68 private-name proposals
READY CHE 68 private-name proposals
READY CHL 68 private-name proposals
READY CHN 68 private-name proposals
READY CIV 68 private-name proposals
READY CMR 68 private-name proposals
READY COD 68 private-name proposals
READY COG 68 private-name proposals
READY COK 68 private-name proposals
READY COL 68 private-name proposals
READY COM 68 private-name proposals
READY CPV 68 private-name proposals
READY CRI 68 private-name proposals
READY CUB 68 private-name proposals
READY CUW 0 private-name proposals
READY CXR 68 private-name proposals
READY CYM 68 private-name proposals
READY CYP 0 private-name proposals
READY CZE 68 private-name proposals
READY DEU 68 private-name proposals
READY DJI 68 private-name proposals
READY DMA 68 private-name proposals
READY DNK 0 private-name proposals
READY DOM 68 private-name proposals
READY DZA 68 private-name proposals
READY ECU 68 private-name proposals
READY EGY 68 private-name proposals
READY ERI 0 private-name proposals
READY ESH 68 private-name proposals
READY ESP 68 private-name proposals
READY EST 0 private-name proposals
READY ETH 0 private-name proposals
READY FIN 68 private-name proposals
READY FJI 68 private-name proposals
READY FLK 68 private-name proposals
READY FRA 68 private-name proposals
READY FRO 0 private-name proposals
READY FSM 68 private-name proposals
READY GAB 68 private-name proposals
READY GBR 68 private-name proposals
READY GEO 0 private-name proposals
READY GGY 68 private-name proposals
READY GHA 68 private-name proposals
READY GIB 68 private-name proposals
READY GIN 68 private-name proposals
READY GLP 68 private-name proposals
READY GMB 68 private-name proposals
READY GNB 68 private-name proposals
READY GNQ 68 private-name proposals
READY GRC 0 private-name proposals
READY GRD 68 private-name proposals
READY GRL 0 private-name proposals
READY GTM 68 private-name proposals
READY GUF 68 private-name proposals
READY GUM 68 private-name proposals
READY GUY 68 private-name proposals
READY HKG 68 private-name proposals
READY HMD 0 private-name proposals
READY HND 68 private-name proposals
READY HRV 0 private-name proposals
READY HTI 0 private-name proposals
READY HUN 0 private-name proposals
READY IDN 68 private-name proposals
READY IMN 68 private-name proposals
READY IND 68 private-name proposals
READY IOT 68 private-name proposals
READY IRL 68 private-name proposals
READY IRN 0 private-name proposals
READY IRQ 68 private-name proposals
READY ISL 0 private-name proposals
READY ISR 0 private-name proposals
READY ITA 68 private-name proposals
READY JAM 68 private-name proposals
READY JEY 68 private-name proposals
READY JOR 68 private-name proposals
READY JPN 68 private-name proposals
READY KAZ 68 private-name proposals
READY KEN 0 private-name proposals
READY KGZ 0 private-name proposals
READY KHM 0 private-name proposals
READY KIR 68 private-name proposals
READY KNA 68 private-name proposals
READY KOR 68 private-name proposals
READY KWT 68 private-name proposals
READY LAO 0 private-name proposals
READY LBN 68 private-name proposals
READY LBR 68 private-name proposals
READY LBY 68 private-name proposals
READY LCA 68 private-name proposals
READY LIE 68 private-name proposals
READY LKA 0 private-name proposals
READY LSO 0 private-name proposals
READY LTU 0 private-name proposals
READY LUX 68 private-name proposals
READY LVA 0 private-name proposals
READY MAC 68 private-name proposals
READY MAF 68 private-name proposals
READY MAR 68 private-name proposals
READY MCO 68 private-name proposals
READY MDA 0 private-name proposals
READY MDG 0 private-name proposals
READY MDV 0 private-name proposals
READY MEX 68 private-name proposals
READY MHL 68 private-name proposals
READY MKD 0 private-name proposals
READY MLI 68 private-name proposals
READY MLT 0 private-name proposals
READY MMR 0 private-name proposals
READY MNE 0 private-name proposals
READY MNG 0 private-name proposals
READY MNP 68 private-name proposals
READY MOZ 68 private-name proposals
READY MRT 68 private-name proposals
READY MSR 68 private-name proposals
READY MTQ 68 private-name proposals
READY MUS 68 private-name proposals
READY MWI 68 private-name proposals
READY MYS 68 private-name proposals
READY MYT 68 private-name proposals
READY NAM 68 private-name proposals
READY NCL 68 private-name proposals
READY NER 68 private-name proposals
READY NFK 68 private-name proposals
READY NGA 68 private-name proposals
READY NIC 68 private-name proposals
READY NIU 68 private-name proposals
READY NLD 68 private-name proposals
READY NOR 0 private-name proposals
READY NPL 0 private-name proposals
READY NRU 68 private-name proposals
READY NZL 68 private-name proposals
READY OMN 68 private-name proposals
READY PAK 68 private-name proposals
READY PAN 68 private-name proposals
READY PCN 68 private-name proposals
READY PER 68 private-name proposals
READY PHL 68 private-name proposals
READY PLW 0 private-name proposals
READY PNG 0 private-name proposals
READY POL 68 private-name proposals
READY PRI 68 private-name proposals
READY PRK 68 private-name proposals
READY PRT 68 private-name proposals
READY PRY 0 private-name proposals
READY PSE 68 private-name proposals
READY PYF 68 private-name proposals
READY QAT 68 private-name proposals
READY REU 68 private-name proposals
READY ROU 0 private-name proposals
READY RUS 68 private-name proposals
READY RWA 0 private-name proposals
READY SAU 68 private-name proposals
READY SDN 68 private-name proposals
READY SEN 0 private-name proposals
READY SGP 68 private-name proposals
READY SGS 0 private-name proposals
READY SHN 68 private-name proposals
READY SJM 0 private-name proposals
READY SLB 68 private-name proposals
READY SLE 68 private-name proposals
READY SLV 68 private-name proposals
READY SMR 68 private-name proposals
READY SOM 0 private-name proposals
READY SPM 68 private-name proposals
READY SRB 0 private-name proposals
READY SSD 68 private-name proposals
READY STP 68 private-name proposals
READY SUR 68 private-name proposals
READY SVK 0 private-name proposals
READY SVN 0 private-name proposals
READY SWE 68 private-name proposals
READY SWZ 68 private-name proposals
READY SXM 68 private-name proposals
READY SYC 68 private-name proposals
READY SYR 68 private-name proposals
READY TCA 68 private-name proposals
READY TCD 68 private-name proposals
READY TGO 68 private-name proposals
READY THA 0 private-name proposals
READY TJK 0 private-name proposals
READY TKL 68 private-name proposals
READY TKM 0 private-name proposals
READY TLS 68 private-name proposals
READY TON 0 private-name proposals
READY TTO 68 private-name proposals
READY TUN 68 private-name proposals
READY TUR 68 private-name proposals
READY TUV 0 private-name proposals
READY TWN 68 private-name proposals
READY TZA 0 private-name proposals
READY UGA 0 private-name proposals
READY UKR 68 private-name proposals
READY UMI 68 private-name proposals
READY URY 68 private-name proposals
READY USA 68 private-name proposals
READY UZB 0 private-name proposals
READY VAT 68 private-name proposals
READY VCT 68 private-name proposals
READY VEN 68 private-name proposals
READY VGB 68 private-name proposals
READY VIR 68 private-name proposals
READY VNM 68 private-name proposals
READY VUT 0 private-name proposals
READY WLF 68 private-name proposals
READY WSM 0 private-name proposals
READY YEM 68 private-name proposals
READY ZAF 68 private-name proposals
READY ZMB 68 private-name proposals
READY ZWE 0 private-name proposals
READY IND/as_Beng 0 private-name proposals
READY IND/bn_Beng 68 private-name proposals
READY IND/brx_Deva 0 private-name proposals
READY IND/doi_Deva 0 private-name proposals
READY IND/gu_Gujr 0 private-name proposals
READY IND/hi_Deva 68 private-name proposals
READY IND/kn_Knda 0 private-name proposals
READY IND/ks_Arab 0 private-name proposals
READY IND/kok_Deva 0 private-name proposals
READY IND/mai_Deva 0 private-name proposals
READY IND/ml_Mlym 0 private-name proposals
READY IND/mni_Mtei 0 private-name proposals
READY IND/mr_Deva 0 private-name proposals
READY IND/ne_Deva 0 private-name proposals
READY IND/or_Orya 0 private-name proposals
READY IND/pa_Guru 0 private-name proposals
READY IND/sa_Deva 0 private-name proposals
READY IND/sat_Olck 0 private-name proposals
READY IND/sd_Arab 0 private-name proposals
READY IND/ta_Taml 68 private-name proposals
READY IND/te_Telu 0 private-name proposals
READY IND/ur_Arab 68 private-name proposals
READY IND/kok_Latn 0 private-name proposals
READY IND/ks_Deva 0 private-name proposals
READY IND/mni_Beng 0 private-name proposals
READY IND/pa_Arab 0 private-name proposals
READY IND/sat_Beng 0 private-name proposals
READY IND/sat_Deva 0 private-name proposals
READY IND/sd_Deva 0 private-name proposals
READY JPN/ja_Jpan 68 private-name proposals
READY JPN/ja_Hira 68 private-name proposals
READY JPN/ja_Kana 68 private-name proposals
READY CHN/zh_Hans 68 private-name proposals
READY CHN/zh_Hant 68 private-name proposals
READY HKG/zh_Hans 68 private-name proposals
READY HKG/zh_Hant 68 private-name proposals
READY MAC/zh_Hans 68 private-name proposals
READY MAC/zh_Hant 68 private-name proposals
READY TWN/zh_Hans 68 private-name proposals
READY TWN/zh_Hant 68 private-name proposals
READY SRB/sr_Cyrl 0 private-name proposals
READY SRB/sr_Latn 0 private-name proposals
READY MNE/sr_Cyrl 0 private-name proposals
READY MNE/sr_Latn 0 private-name proposals
READY BIH/bs_Cyrl 0 private-name proposals
READY BIH/bs_Latn 0 private-name proposals
